
> investment-management-platform@1.0.0 build
> cross-env NODE_OPTIONS=--max-old-space-size=4096 lerna run build

npm : 'cross-env' is not recognized as an internal or external command,
At line:1 char:1
+ npm run build > build-errors.txt 2>&1
+ ~~~~~~~~~~~~~~~~~~~~~~~~~~~~~~~~~~~~~
    + CategoryInfo          : NotSpecified: ('cross-env' is ...ternal command,:String) [], RemoteException
    + FullyQualifiedErrorId : NativeCommandError
 
operable program or batch file.
