infrastructure/monitoring/bottleneck-analysis/src/BottleneckReportingService.ts(740,36): error TS18004: No value exists in scope for the shorthand property 'estimated_cost'. Either declare one or provide an initializer.
infrastructure/monitoring/bottleneck-analysis/src/BottleneckReportingService.ts(741,40): error TS18004: No value exists in scope for the shorthand property 'potential_savings'. Either declare one or provide an initializer.
infrastructure/monitoring/bottleneck-analysis/src/PerformanceCorrelationService.ts(833,21): error TS7053: Element implicitly has an 'any' type because expression of type 'PerformanceMetricType' can't be used to index type '{ response_time: number; error_rate: number; throughput: number; cpu_usage: number; memory_usage: number; }'.
  Property '[PerformanceMetricType.DISK_IO]' does not exist on type '{ response_time: number; error_rate: number; throughput: number; cpu_usage: number; memory_usage: number; }'.
infrastructure/monitoring/bottleneck-analysis/src/PerformanceCorrelationService.ts(834,21): error TS7053: Element implicitly has an 'any' type because expression of type 'PerformanceMetricType' can't be used to index type '{ response_time: number; error_rate: number; throughput: number; cpu_usage: number; memory_usage: number; }'.
  Property '[PerformanceMetricType.DISK_IO]' does not exist on type '{ response_time: number; error_rate: number; throughput: number; cpu_usage: number; memory_usage: number; }'.
infrastructure/monitoring/bottleneck-analysis/src/PerformanceCorrelationService.ts(849,21): error TS7053: Element implicitly has an 'any' type because expression of type 'PerformanceCategory' can't be used to index type '{ cpu: number; memory: number; database: number; network: number; io: number; application: number; }'.
  Property '[PerformanceCategory.CACHE]' does not exist on type '{ cpu: number; memory: number; database: number; network: number; io: number; application: number; }'.
infrastructure/monitoring/bottleneck-analysis/src/PerformanceCorrelationService.ts(850,21): error TS7053: Element implicitly has an 'any' type because expression of type 'PerformanceCategory' can't be used to index type '{ cpu: number; memory: number; database: number; network: number; io: number; application: number; }'.
  Property '[PerformanceCategory.CACHE]' does not exist on type '{ cpu: number; memory: number; database: number; network: number; io: number; application: number; }'.
infrastructure/monitoring/bottleneck-analysis/src/routes/performanceRoutes.ts(130,68): error TS2554: Expected 0 arguments, but got 1.
infrastructure/monitoring/bottleneck-analysis/src/routes/performanceRoutes.ts(266,67): error TS2345: Argument of type 'any[]' is not assignable to parameter of type 'PerformanceBottleneck'.
  Type 'any[]' is missing the following properties from type 'PerformanceBottleneck': id, profile_id, type, severity, and 9 more.
infrastructure/monitoring/bottleneck-analysis/src/routes/performanceRoutes.ts(351,28): error TS2345: Argument of type 'any[]' is not assignable to parameter of type 'PerformanceBottleneck'.
  Type 'any[]' is missing the following properties from type 'PerformanceBottleneck': id, profile_id, type, severity, and 9 more.
infrastructure/monitoring/bottleneck-analysis/src/routes/performanceRoutes.ts(408,9): error TS2554: Expected 1 arguments, but got 4.
infrastructure/monitoring/bottleneck-analysis/src/routes/performanceRoutes.ts(592,55): error TS2554: Expected 2 arguments, but got 1.
infrastructure/monitoring/bottleneck-analysis/src/routes/performanceRoutes.ts(594,29): error TS7053: Element implicitly has an 'any' type because expression of type 'any' can't be used to index type '{ pdf: string; html: string; csv: string; }'.
infrastructure/monitoring/business-metrics/src/BusinessMetricsController.ts(10,3): error TS2305: Module '"./index"' has no exported member 'DrillDownCapabilities'.
infrastructure/monitoring/business-metrics/src/BusinessMetricsController.ts(1323,5): error TS2322: Type 'string | boolean' is not assignable to type 'boolean'.
  Type 'string' is not assignable to type 'boolean'.
infrastructure/monitoring/business-metrics/src/BusinessMetricsController.ts(1399,9): error TS2794: Expected 1 arguments, but got 0. Did you forget to include 'void' in your type argument to 'Promise'?
infrastructure/monitoring/business-metrics/src/BusinessThresholdAlerting.ts(281,15): error TS1210: Code contained in a class is evaluated in JavaScript's strict mode which does not allow this use of 'eval'. For more information, see https://developer.mozilla.org/en-US/docs/Web/JavaScript/Reference/Strict_mode.
infrastructure/monitoring/business-metrics/src/BusinessThresholdAlerting.ts(312,15): error TS1210: Code contained in a class is evaluated in JavaScript's strict mode which does not allow this use of 'eval'. For more information, see https://developer.mozilla.org/en-US/docs/Web/JavaScript/Reference/Strict_mode.
infrastructure/monitoring/business-metrics/src/BusinessThresholdAlerting.ts(336,9): error TS2322: Type 'Promise<boolean>' is not assignable to type 'boolean'.
infrastructure/monitoring/business-metrics/src/BusinessThresholdAlerting.ts(343,11): error TS2322: Type 'Promise<boolean>' is not assignable to type 'boolean'.
infrastructure/monitoring/business-metrics/src/BusinessThresholdAlerting.ts(351,11): error TS2322: Type 'Promise<boolean>' is not assignable to type 'boolean'.
infrastructure/monitoring/business-metrics/src/BusinessThresholdAlerting.ts(360,9): error TS2322: Type 'Promise<boolean>' is not assignable to type 'boolean'.
infrastructure/monitoring/business-metrics/src/BusinessThresholdAlerting.ts(385,9): error TS2322: Type 'Promise<boolean>' is not assignable to type 'boolean'.
infrastructure/monitoring/business-metrics/src/BusinessThresholdAlerting.ts(389,9): error TS2322: Type 'Promise<boolean>' is not assignable to type 'boolean'.
infrastructure/monitoring/business-metrics/src/BusinessThresholdAlerting.ts(404,18): error TS2322: Type 'boolean' is not assignable to type 'Promise<boolean>'.
infrastructure/monitoring/business-metrics/src/BusinessThresholdAlerting.ts(405,19): error TS2322: Type 'boolean' is not assignable to type 'Promise<boolean>'.
infrastructure/monitoring/business-metrics/src/BusinessThresholdAlerting.ts(406,18): error TS2322: Type 'boolean' is not assignable to type 'Promise<boolean>'.
infrastructure/monitoring/business-metrics/src/BusinessThresholdAlerting.ts(407,19): error TS2322: Type 'boolean' is not assignable to type 'Promise<boolean>'.
infrastructure/monitoring/business-metrics/src/BusinessThresholdAlerting.ts(408,18): error TS2322: Type 'boolean' is not assignable to type 'Promise<boolean>'.
infrastructure/monitoring/business-metrics/src/BusinessThresholdAlerting.ts(409,18): error TS2322: Type 'boolean' is not assignable to type 'Promise<boolean>'.
infrastructure/monitoring/business-metrics/src/BusinessThresholdAlerting.ts(412,9): error TS2322: Type 'boolean' is not assignable to type 'Promise<boolean>'.
infrastructure/monitoring/business-metrics/src/BusinessThresholdAlerting.ts(415,9): error TS2322: Type 'boolean' is not assignable to type 'Promise<boolean>'.
infrastructure/monitoring/business-metrics/src/BusinessThresholdAlerting.ts(417,9): error TS2322: Type 'boolean' is not assignable to type 'Promise<boolean>'.
infrastructure/monitoring/business-metrics/src/BusinessThresholdAlerting.ts(435,7): error TS2322: Type 'boolean' is not assignable to type 'Promise<boolean>'.
infrastructure/monitoring/business-metrics/src/BusinessThresholdAlerting.ts(439,7): error TS2322: Type 'boolean' is not assignable to type 'Promise<boolean>'.
infrastructure/monitoring/business-metrics/src/BusinessThresholdAlerting.ts(442,5): error TS2322: Type 'boolean' is not assignable to type 'Promise<boolean>'.
infrastructure/monitoring/business-metrics/src/BusinessThresholdAlerting.ts(454,7): error TS2322: Type '"anomaly" | "threshold" | "trend" | "missing_data" | "composite"' is not assignable to type '"anomaly" | "threshold" | "trend" | "missing_data"'.
  Type '"composite"' is not assignable to type '"anomaly" | "threshold" | "trend" | "missing_data"'.
infrastructure/monitoring/business-metrics/src/BusinessThresholdAlerting.ts(491,7): error TS2322: Type '"anomaly" | "threshold" | "trend" | "missing_data" | "composite"' is not assignable to type '"anomaly" | "threshold" | "trend" | "missing_data"'.
  Type '"composite"' is not assignable to type '"anomaly" | "threshold" | "trend" | "missing_data"'.
infrastructure/monitoring/business-metrics/src/BusinessThresholdAlerting.ts(1011,23): error TS2322: Type 'boolean' is not assignable to type 'Promise<boolean>'.
infrastructure/monitoring/business-metrics/src/BusinessThresholdAlerting.ts(1016,5): error TS2322: Type 'boolean' is not assignable to type 'Promise<boolean>'.
infrastructure/monitoring/business-metrics/src/BusinessThresholdAlerting.ts(1031,5): error TS2322: Type 'boolean' is not assignable to type 'Promise<boolean>'.
infrastructure/monitoring/business-metrics/src/DrillDownCapabilities.ts(355,7): error TS2322: Type '"sum" | "count" | "min" | "max" | "avg" | "distinct"' is not assignable to type '"sum" | "count" | "min" | "max" | "avg"'.
  Type '"distinct"' is not assignable to type '"sum" | "count" | "min" | "max" | "avg"'.
infrastructure/monitoring/business-metrics/src/ExecutiveReportingDashboard.ts(769,53): error TS2769: No overload matches this call.
  Overload 1 of 3, '(callbackfn: (previousValue: 0 | 60 | 80 | 100 | 40, currentValue: 0 | 60 | 80 | 100 | 40, currentIndex: number, array: (0 | 60 | 80 | 100 | 40)[]) => 0 | 60 | 80 | 100 | 40, initialValue: 0 | 60 | 80 | 100 | 40): 0 | ... 3 more ... | 40', gave the following error.
    Type 'number' is not assignable to type '0 | 60 | 80 | 100 | 40'.
  Overload 2 of 3, '(callbackfn: (previousValue: 0 | 60 | 80 | 100 | 40, currentValue: 0 | 60 | 80 | 100 | 40, currentIndex: number, array: (0 | 60 | 80 | 100 | 40)[]) => 0 | 60 | 80 | 100 | 40, initialValue: 0 | 60 | 80 | 100 | 40): 0 | ... 3 more ... | 40', gave the following error.
    Type 'number' is not assignable to type '0 | 60 | 80 | 100 | 40'.
infrastructure/monitoring/business-metrics/src/index.ts(4,3): error TS2724: '"./DrillDownCapabilities"' has no exported member named 'DrillDownService'. Did you mean 'DrillDownLevel'?
infrastructure/monitoring/business-metrics/src/index.ts(5,8): error TS2305: Module '"./DrillDownCapabilities"' has no exported member 'DrillDownOptions'.
infrastructure/monitoring/business-metrics/src/MetricsCollectionPipeline.ts(208,9): error TS2322: Type '"execution"' is not assignable to type '"storage" | "query" | "connection" | "transformation" | "validation"'.
infrastructure/monitoring/business-metrics/src/RealTimeMetricsStreaming.ts(127,11): error TS2564: Property 'heartbeatTimer' has no initializer and is not definitely assigned in the constructor.
infrastructure/monitoring/business-metrics/src/RealTimeMetricsStreaming.ts(128,11): error TS2564: Property 'cleanupTimer' has no initializer and is not definitely assigned in the constructor.
infrastructure/monitoring/business-metrics/src/RealTimeMetricsStreaming.ts(205,9): error TS2322: Type '"authentication_required"' is not assignable to type '"error" | "alert" | "metric_update" | "kpi_update" | "heartbeat" | "subscription_status"'.
infrastructure/monitoring/business-metrics/src/RealTimeMetricsStreaming.ts(257,11): error TS2322: Type '"authentication_success"' is not assignable to type '"error" | "alert" | "metric_update" | "kpi_update" | "heartbeat" | "subscription_status"'.
infrastructure/monitoring/business-metrics/src/RealTimeMetricsStreaming.ts(266,11): error TS2322: Type '"authentication_failed"' is not assignable to type '"error" | "alert" | "metric_update" | "kpi_update" | "heartbeat" | "subscription_status"'.
infrastructure/monitoring/business-metrics/src/RealTimeMetricsStreaming.ts(412,13): error TS2322: Type 'MetricValue | null' is not assignable to type 'MetricValue | undefined'.
  Type 'null' is not assignable to type 'MetricValue | undefined'.
infrastructure/monitoring/business-metrics/src/RealTimeMetricsStreaming.ts(556,5): error TS2322: Type 'string | boolean' is not assignable to type 'boolean'.
  Type 'string' is not assignable to type 'boolean'.
infrastructure/monitoring/capacity-planning/src/AutomatedScalingRecommendationEngine.ts(73,11): error TS2564: Property 'evaluationTimer' has no initializer and is not definitely assigned in the constructor.
infrastructure/monitoring/capacity-planning/src/AutomatedScalingRecommendationEngine.ts(469,11): error TS2322: Type 'string' is not assignable to type '"scale_up" | "scale_down" | "optimize" | "migrate" | "reallocate"'.
infrastructure/monitoring/capacity-planning/src/AutomatedScalingRecommendationEngine.ts(782,37): error TS7053: Element implicitly has an 'any' type because expression of type 'string' can't be used to index type '{ low: number; medium: number; high: number; }'.
  No index signature with a parameter of type 'string' was found on type '{ low: number; medium: number; high: number; }'.
infrastructure/monitoring/capacity-planning/src/CapacityPlanningController.ts(667,54): error TS2341: Property 'getTemplate' is private and only accessible within class 'CapacityPlanningReportGenerator'.
infrastructure/monitoring/capacity-planning/src/CapacityPlanningController.ts(997,62): error TS2872: This kind of expression is always truthy.
infrastructure/monitoring/capacity-planning/src/CapacityPlanningReportGenerator.ts(118,9): error TS2322: Type '{ resourceIds?: string[] | undefined; resourceTypes?: ResourceType[] | undefined; timeRange: { start: Date; end: Date; }; }' is not assignable to type '{ resourceIds: string[]; resourceTypes: ResourceType[]; timeRange: { start: Date; end: Date; }; }'.
  Types of property 'resourceIds' are incompatible.
    Type 'string[] | undefined' is not assignable to type 'string[]'.
      Type 'undefined' is not assignable to type 'string[]'.
infrastructure/monitoring/capacity-planning/src/CapacityPlanningReportGenerator.ts(437,34): error TS7006: Parameter 'header' implicitly has an 'any' type.
infrastructure/monitoring/capacity-planning/src/CapacityPlanningReportGenerator.ts(525,11): error TS2393: Duplicate function implementation.
infrastructure/monitoring/capacity-planning/src/CapacityPlanningReportGenerator.ts(698,3): error TS2393: Duplicate function implementation.
infrastructure/monitoring/capacity-planning/src/CapacityPlanningReportGenerator.ts(851,11): error TS2322: Type 'string[]' is not assignable to type 'string'.
infrastructure/monitoring/capacity-planning/src/CapacityPlanningReportGenerator.ts(905,11): error TS2322: Type 'string[]' is not assignable to type 'string'.
infrastructure/monitoring/capacity-planning/src/CapacityTrendAnalyzer.ts(57,11): error TS2564: Property 'analysisTimer' has no initializer and is not definitely assigned in the constructor.
infrastructure/monitoring/capacity-planning/src/CostOptimizationService.ts(115,11): error TS2564: Property 'analysisTimer' has no initializer and is not definitely assigned in the constructor.
infrastructure/monitoring/capacity-planning/src/index.ts(163,57): error TS2345: Argument of type '{ evaluationInterval: number; alertCooldownPeriod: number; maxConcurrentAlerts: number; enableAutoScaling: boolean; defaultThresholds: Record<string, number>; escalationRules: { ...; }[]; notificationChannels: { ...; }[]; }' is not assignable to parameter of type 'ThresholdMonitorConfig'.
  Types of property 'notificationChannels' are incompatible.
    Type '{ type: string; configuration: Record<string, any>; isActive: boolean; priority: number; }[]' is not assignable to type 'NotificationChannel[]'.
      Type '{ type: string; configuration: Record<string, any>; isActive: boolean; priority: number; }' is not assignable to type 'NotificationChannel'.
        Types of property 'type' are incompatible.
          Type 'string' is not assignable to type 'AlertActionType'.
infrastructure/monitoring/capacity-planning/src/index.ts(166,64): error TS2345: Argument of type '{ defaultFormat: string[]; maxReportsPerDay: number; reportRetentionDays: number; enableScheduledReports: boolean; templateDirectory: string; outputDirectory: string; emailSettings: { enabled: boolean; smtpHost: string; smtpPort: number; fromAddress: string; }; }' is not assignable to parameter of type 'ReportGeneratorConfig'.
  Types of property 'defaultFormat' are incompatible.
    Type 'string[]' is not assignable to type 'ReportFormat[]'.
      Type 'string' is not assignable to type 'ReportFormat'.
infrastructure/monitoring/capacity-planning/src/index.ts(167,64): error TS2345: Argument of type '{ analysisInterval: number; minSavingsThreshold: number; maxRiskTolerance: number; enableRealTimeOptimization: boolean; costDataSources: { type: "internal" | "aws" | "azure" | "gcp"; configuration: Record<...>; isActive: boolean; }[]; optimizationStrategies: { ...; }[]; budgetConstraints: { ...; }[]; }' is not assignable to parameter of type 'CostOptimizationConfig'.
  Types of property 'optimizationStrategies' are incompatible.
    Type '{ type: string; enabled: boolean; parameters: Record<string, any>; minSavingsPercentage: number; }[]' is not assignable to type 'OptimizationStrategy[]'.
      Type '{ type: string; enabled: boolean; parameters: Record<string, any>; minSavingsPercentage: number; }' is not assignable to type 'OptimizationStrategy'.
        Types of property 'type' are incompatible.
          Type 'string' is not assignable to type '"rightsizing" | "reserved_instances" | "spot_instances" | "storage_optimization" | "license_optimization"'.
infrastructure/monitoring/capacity-planning/src/index.ts(168,61): error TS2345: Argument of type '{ enableAutoEscalation: boolean; escalationTimeouts: Record<string, number>; maxEscalationLevel: number; enableAutoRemediation: boolean; remediationApprovalRequired: boolean; workflowTemplates: any[]; integrations: { ...; }[]; }' is not assignable to parameter of type 'WorkflowConfig'.
  Types of property 'integrations' are incompatible.
    Type '{ type: string; configuration: Record<string, any>; isActive: boolean; }[]' is not assignable to type 'IntegrationConfig[]'.
      Type '{ type: string; configuration: Record<string, any>; isActive: boolean; }' is not assignable to type 'IntegrationConfig'.
        Types of property 'type' are incompatible.
          Type 'string' is not assignable to type '"email" | "webhook" | "slack" | "teams" | "pagerduty" | "jira" | "servicenow"'.
infrastructure/monitoring/capacity-planning/src/index.ts(187,17): error TS2339: Property 'length' does not exist on type 'Promise<CapacityAlert[]>'.
infrastructure/monitoring/capacity-planning/src/index.ts(188,49): error TS7053: Element implicitly has an 'any' type because expression of type '0' can't be used to index type 'Promise<CapacityAlert[]>'.
  Property '0' does not exist on type 'Promise<CapacityAlert[]>'.
infrastructure/monitoring/capacity-planning/src/ResourceUsagePredictionService.ts(30,11): error TS2564: Property 'retrainingTimer' has no initializer and is not definitely assigned in the constructor.
infrastructure/monitoring/capacity-planning/src/ScalingThresholdMonitor.ts(84,11): error TS2564: Property 'evaluationTimer' has no initializer and is not definitely assigned in the constructor.
infrastructure/monitoring/capacity-planning/src/ScalingThresholdMonitor.ts(340,18): error TS18046: 'rollbackError' is of type 'unknown'.
infrastructure/monitoring/error-tracking/ErrorCorrelationService.ts(506,45): error TS2339: Property 'error' does not exist on type 'PrismaClient<PrismaClientOptions, never, DefaultArgs>'.
infrastructure/monitoring/error-tracking/ErrorCorrelationService.ts(830,12): error TS7053: Element implicitly has an 'any' type because expression of type 'ErrorCategory' can't be used to index type '{ database: string; authentication: string; trading: string; network: string; performance: string; }'.
  Property '[ErrorCategory.AUTHORIZATION]' does not exist on type '{ database: string; authentication: string; trading: string; network: string; performance: string; }'.
infrastructure/monitoring/error-tracking/ErrorCorrelationService.ts(850,39): error TS2339: Property 'error' does not exist on type 'PrismaClient<PrismaClientOptions, never, DefaultArgs>'.
infrastructure/monitoring/error-tracking/ErrorCorrelationService.ts(903,45): error TS2339: Property 'error' does not exist on type 'PrismaClient<PrismaClientOptions, never, DefaultArgs>'.
infrastructure/monitoring/error-tracking/ErrorCorrelationService.ts(1131,25): error TS2339: Property 'errorCorrelation' does not exist on type 'PrismaClient<PrismaClientOptions, never, DefaultArgs>'.
infrastructure/monitoring/error-tracking/ErrorCorrelationService.ts(1166,46): error TS2339: Property 'error' does not exist on type 'PrismaClient<PrismaClientOptions, never, DefaultArgs>'.
infrastructure/monitoring/error-tracking/ErrorCorrelationService.ts(1224,46): error TS2339: Property 'errorCorrelation' does not exist on type 'PrismaClient<PrismaClientOptions, never, DefaultArgs>'.
infrastructure/monitoring/error-tracking/ErrorDashboardService.ts(423,19): error TS2339: Property 'error' does not exist on type 'PrismaClient<PrismaClientOptions, never, DefaultArgs>'.
infrastructure/monitoring/error-tracking/ErrorDashboardService.ts(428,19): error TS2339: Property 'error' does not exist on type 'PrismaClient<PrismaClientOptions, never, DefaultArgs>'.
infrastructure/monitoring/error-tracking/ErrorDashboardService.ts(446,46): error TS2339: Property 'error' does not exist on type 'PrismaClient<PrismaClientOptions, never, DefaultArgs>'.
infrastructure/monitoring/error-tracking/ErrorDashboardService.ts(465,37): error TS2339: Property 'error' does not exist on type 'PrismaClient<PrismaClientOptions, never, DefaultArgs>'.
infrastructure/monitoring/error-tracking/ErrorDashboardService.ts(479,38): error TS7006: Parameter 'sum' implicitly has an 'any' type.
infrastructure/monitoring/error-tracking/ErrorDashboardService.ts(479,43): error TS7006: Parameter 'stat' implicitly has an 'any' type.
infrastructure/monitoring/error-tracking/ErrorDashboardService.ts(481,22): error TS7006: Parameter 'stat' implicitly has an 'any' type.
infrastructure/monitoring/error-tracking/ErrorDashboardService.ts(493,40): error TS2339: Property 'error' does not exist on type 'PrismaClient<PrismaClientOptions, never, DefaultArgs>'.
infrastructure/monitoring/error-tracking/ErrorDashboardService.ts(504,22): error TS7006: Parameter 'error' implicitly has an 'any' type.
infrastructure/monitoring/error-tracking/ErrorDashboardService.ts(544,39): error TS2339: Property 'error' does not exist on type 'PrismaClient<PrismaClientOptions, never, DefaultArgs>'.
infrastructure/monitoring/error-tracking/ErrorDashboardService.ts(550,47): error TS2339: Property 'error' does not exist on type 'PrismaClient<PrismaClientOptions, never, DefaultArgs>'.
infrastructure/monitoring/error-tracking/ErrorDashboardService.ts(558,47): error TS2339: Property 'error' does not exist on type 'PrismaClient<PrismaClientOptions, never, DefaultArgs>'.
infrastructure/monitoring/error-tracking/ErrorDashboardService.ts(626,38): error TS2339: Property 'error' does not exist on type 'PrismaClient<PrismaClientOptions, never, DefaultArgs>'.
infrastructure/monitoring/error-tracking/ErrorDashboardService.ts(636,23): error TS7006: Parameter 'error' implicitly has an 'any' type.
infrastructure/monitoring/error-tracking/ErrorDashboardService.ts(722,47): error TS2339: Property 'error' does not exist on type 'PrismaClient<PrismaClientOptions, never, DefaultArgs>'.
infrastructure/monitoring/error-tracking/ErrorDashboardService.ts(730,50): error TS2339: Property 'error' does not exist on type 'PrismaClient<PrismaClientOptions, never, DefaultArgs>'.
infrastructure/monitoring/error-tracking/ErrorDashboardService.ts(742,42): error TS2339: Property 'error' does not exist on type 'PrismaClient<PrismaClientOptions, never, DefaultArgs>'.
infrastructure/monitoring/error-tracking/ErrorRecoveryService.ts(1144,44): error TS2339: Property 'error' does not exist on type 'PrismaClient<PrismaClientOptions, never, DefaultArgs>'.
infrastructure/monitoring/error-tracking/ErrorRecoveryService.ts(1198,39): error TS2339: Property 'error' does not exist on type 'PrismaClient<PrismaClientOptions, never, DefaultArgs>'.
infrastructure/monitoring/error-tracking/ErrorRecoveryService.ts(1214,25): error TS2339: Property 'recoveryExecution' does not exist on type 'PrismaClient<PrismaClientOptions, never, DefaultArgs>'.
infrastructure/monitoring/error-tracking/ErrorRecoveryService.ts(1240,25): error TS2339: Property 'recoveryExecution' does not exist on type 'PrismaClient<PrismaClientOptions, never, DefaultArgs>'.
infrastructure/monitoring/error-tracking/ErrorRecoveryService.ts(1329,44): error TS2339: Property 'recoveryExecution' does not exist on type 'PrismaClient<PrismaClientOptions, never, DefaultArgs>'.
infrastructure/monitoring/error-tracking/ErrorTrackingController.ts(1111,57): error TS2872: This kind of expression is always truthy.
infrastructure/monitoring/error-tracking/ErrorTrackingService.ts(442,47): error TS2339: Property 'error' does not exist on type 'PrismaClient<PrismaClientOptions, never, DefaultArgs>'.
infrastructure/monitoring/error-tracking/ErrorTrackingService.ts(448,27): error TS2339: Property 'error' does not exist on type 'PrismaClient<PrismaClientOptions, never, DefaultArgs>'.
infrastructure/monitoring/error-tracking/ErrorTrackingService.ts(463,27): error TS2339: Property 'error' does not exist on type 'PrismaClient<PrismaClientOptions, never, DefaultArgs>'.
infrastructure/monitoring/error-tracking/ErrorTrackingService.ts(526,27): error TS2339: Property 'errorAggregation' does not exist on type 'PrismaClient<PrismaClientOptions, never, DefaultArgs>'.
infrastructure/monitoring/error-tracking/ErrorTrackingService.ts(560,39): error TS2339: Property 'error' does not exist on type 'PrismaClient<PrismaClientOptions, never, DefaultArgs>'.
infrastructure/monitoring/error-tracking/ErrorTrackingService.ts(576,40): error TS2339: Property 'error' does not exist on type 'PrismaClient<PrismaClientOptions, never, DefaultArgs>'.
infrastructure/monitoring/error-tracking/ErrorTrackingService.ts(602,40): error TS2339: Property 'error' does not exist on type 'PrismaClient<PrismaClientOptions, never, DefaultArgs>'.
infrastructure/monitoring/error-tracking/ErrorTrackingService.ts(626,25): error TS2339: Property 'error' does not exist on type 'PrismaClient<PrismaClientOptions, never, DefaultArgs>'.
infrastructure/monitoring/error-tracking/ErrorTrackingService.ts(653,39): error TS2339: Property 'error' does not exist on type 'PrismaClient<PrismaClientOptions, never, DefaultArgs>'.
infrastructure/monitoring/error-tracking/ErrorTrackingService.ts(663,36): error TS7006: Parameter 'sum' implicitly has an 'any' type.
infrastructure/monitoring/error-tracking/ErrorTrackingService.ts(663,41): error TS7006: Parameter 'stat' implicitly has an 'any' type.
infrastructure/monitoring/error-tracking/NotificationService.ts(3,45): error TS2307: Cannot find module '@slack/web-api' or its corresponding type declarations.
infrastructure/monitoring/error-tracking/NotificationService.ts(4,32): error TS2307: Cannot find module 'twilio' or its corresponding type declarations.
infrastructure/monitoring/error-tracking/NotificationService.ts(302,46): error TS2551: Property 'createTransporter' does not exist on type 'typeof import("C:/Users/Dalton/Desktop/VisualStudio/VSC/TAIGprojs/InvestmentPlatform/node_modules/@types/nodemailer/index")'. Did you mean 'createTransport'?
infrastructure/monitoring/error-tracking/NotificationService.ts(582,31): error TS2339: Property 'recipients' does not exist on type 'EmailConfig'.
infrastructure/monitoring/error-tracking/NotificationService.ts(610,33): error TS2339: Property 'channel' does not exist on type 'SlackConfig'.
infrastructure/monitoring/error-tracking/NotificationService.ts(652,31): error TS2339: Property 'recipients' does not exist on type 'SMSConfig'.
infrastructure/monitoring/resource-monitoring/src/ResourceCostAnalysisService.ts(872,11): error TS2322: Type '"low" | "medium" | "high" | "trivial" | "expert"' is not assignable to type '"low" | "medium" | "high" | "minimal" | "extensive"'.
  Type '"trivial"' is not assignable to type '"low" | "medium" | "high" | "minimal" | "extensive"'.
infrastructure/monitoring/resource-monitoring/src/ResourceEfficiencyAnalyticsService.ts(275,55): error TS2304: Cannot find name 'ResourceUtilization'.
infrastructure/monitoring/resource-monitoring/src/ResourceEfficiencyAnalyticsService.ts(348,50): error TS2304: Cannot find name 'ResourceHealth'.
infrastructure/monitoring/resource-monitoring/src/ResourceMonitoringController.ts(905,9): error TS2322: Type 'Response<any, Record<string, any>>' is not assignable to type 'void'.
infrastructure/monitoring/resource-monitoring/src/ResourceMonitoringController.ts(935,11): error TS2794: Expected 1 arguments, but got 0. Did you forget to include 'void' in your type argument to 'Promise'?
infrastructure/monitoring/resource-monitoring/src/ResourceMonitoringController.ts(949,11): error TS2794: Expected 1 arguments, but got 0. Did you forget to include 'void' in your type argument to 'Promise'?
infrastructure/monitoring/resource-monitoring/src/ResourceMonitoringController.ts(952,9): error TS2794: Expected 1 arguments, but got 0. Did you forget to include 'void' in your type argument to 'Promise'?
infrastructure/monitoring/resource-monitoring/src/ResourceOptimizationService.ts(382,9): error TS2322: Type '"automation"' is not assignable to type '"performance" | "security" | "configuration" | "optimization" | "cost_reduction" | "scaling"'.
infrastructure/monitoring/resource-monitoring/src/ResourceOptimizationService.ts(591,27): error TS2339: Property 'success' does not exist on type 'RecommendationResult'.
infrastructure/monitoring/resource-monitoring/src/ResourcePlanningDashboardService.ts(325,21): error TS2551: Property 'generateCostBreakdownData' does not exist on type 'ResourcePlanningDashboardService'. Did you mean 'generateCostBreakdown'?
infrastructure/monitoring/resource-monitoring/src/ResourceUtilizationService.ts(348,11): error TS2322: Type '"custom"' is not assignable to type '"push" | "pull" | "calculated" | "aggregated"'.
infrastructure/monitoring/resource-monitoring/src/ResourceUtilizationService.ts(355,15): error TS2872: This kind of expression is always truthy.
infrastructure/monitoring/sla-monitoring/src/SLABreachDetectionService.ts(72,11): error TS2564: Property 'detectionInterval' has no initializer and is not definitely assigned in the constructor.
infrastructure/monitoring/sla-monitoring/src/SLAHistoricalAnalysisService.ts(202,9): error TS2322: Type 'number' is not assignable to type 'string'.
infrastructure/monitoring/sla-monitoring/src/SLAHistoricalAnalysisService.ts(219,9): error TS2322: Type 'number' is not assignable to type 'string'.
infrastructure/monitoring/sla-monitoring/src/SLAHistoricalAnalysisService.ts(232,19): error TS2345: Argument of type '{ type: "cyclical"; description: string; frequency: number; timeWindow: { start: Date; end: Date; }; affectedSLAs: string[]; strength: number; impact: "neutral"; }' is not assignable to parameter of type 'SLAPattern'.
  Types of property 'frequency' are incompatible.
    Type 'number' is not assignable to type 'string'.
infrastructure/monitoring/sla-monitoring/src/SLAHistoricalAnalysisService.ts(615,11): error TS2322: Type 'number' is not assignable to type 'string'.
infrastructure/monitoring/sla-monitoring/src/SLAManagementController.ts(137,11): error TS2339: Property 'requestId' does not exist on type 'Request<ParamsDictionary, any, any, ParsedQs, Record<string, any>>'.
infrastructure/monitoring/sla-monitoring/src/SLAManagementController.ts(138,11): error TS2339: Property 'startTime' does not exist on type 'Request<ParamsDictionary, any, any, ParsedQs, Record<string, any>>'.
infrastructure/monitoring/sla-monitoring/src/SLAManagementController.ts(140,96): error TS2339: Property 'requestId' does not exist on type 'Request<ParamsDictionary, any, any, ParsedQs, Record<string, any>>'.
infrastructure/monitoring/sla-monitoring/src/SLAManagementController.ts(143,43): error TS2339: Property 'startTime' does not exist on type 'Request<ParamsDictionary, any, any, ParsedQs, Record<string, any>>'.
infrastructure/monitoring/sla-monitoring/src/SLAManagementController.ts(151,26): error TS2339: Property 'requestId' does not exist on type 'Request<ParamsDictionary, any, any, ParsedQs, Record<string, any>>'.
infrastructure/monitoring/sla-monitoring/src/SLAManagementController.ts(273,47): error TS2339: Property 'id' does not exist on type 'JWTPayload & { sessionId?: string | undefined; }'.
infrastructure/monitoring/sla-monitoring/src/SLAManagementController.ts(282,98): error TS2339: Property 'requestId' does not exist on type 'Request<ParamsDictionary, any, any, ParsedQs, Record<string, any>>'.
infrastructure/monitoring/sla-monitoring/src/SLAManagementController.ts(295,96): error TS2339: Property 'requestId' does not exist on type 'Request<ParamsDictionary, any, any, ParsedQs, Record<string, any>>'.
infrastructure/monitoring/sla-monitoring/src/SLAManagementController.ts(307,66): error TS2339: Property 'requestId' does not exist on type 'Request<ParamsDictionary, any, any, ParsedQs, Record<string, any>>'.
infrastructure/monitoring/sla-monitoring/src/SLAManagementController.ts(312,98): error TS2339: Property 'requestId' does not exist on type 'Request<ParamsDictionary, any, any, ParsedQs, Record<string, any>>'.
infrastructure/monitoring/sla-monitoring/src/SLAManagementController.ts(327,41): error TS2339: Property 'id' does not exist on type 'JWTPayload & { sessionId?: string | undefined; }'.
infrastructure/monitoring/sla-monitoring/src/SLAManagementController.ts(334,98): error TS2339: Property 'requestId' does not exist on type 'Request<ParamsDictionary, any, any, ParsedQs, Record<string, any>>'.
infrastructure/monitoring/sla-monitoring/src/SLAManagementController.ts(349,98): error TS2339: Property 'requestId' does not exist on type 'Request<ParamsDictionary, any, any, ParsedQs, Record<string, any>>'.
infrastructure/monitoring/sla-monitoring/src/SLAManagementController.ts(366,98): error TS2339: Property 'requestId' does not exist on type 'Request<ParamsDictionary, any, any, ParsedQs, Record<string, any>>'.
infrastructure/monitoring/sla-monitoring/src/SLAManagementController.ts(382,96): error TS2339: Property 'requestId' does not exist on type 'Request<ParamsDictionary, any, any, ParsedQs, Record<string, any>>'.
infrastructure/monitoring/sla-monitoring/src/SLAManagementController.ts(410,98): error TS2339: Property 'requestId' does not exist on type 'Request<ParamsDictionary, any, any, ParsedQs, Record<string, any>>'.
infrastructure/monitoring/sla-monitoring/src/SLAManagementController.ts(435,98): error TS2339: Property 'requestId' does not exist on type 'Request<ParamsDictionary, any, any, ParsedQs, Record<string, any>>'.
infrastructure/monitoring/sla-monitoring/src/SLAManagementController.ts(450,98): error TS2339: Property 'requestId' does not exist on type 'Request<ParamsDictionary, any, any, ParsedQs, Record<string, any>>'.
infrastructure/monitoring/sla-monitoring/src/SLAManagementController.ts(465,96): error TS2339: Property 'requestId' does not exist on type 'Request<ParamsDictionary, any, any, ParsedQs, Record<string, any>>'.
infrastructure/monitoring/sla-monitoring/src/SLAManagementController.ts(486,98): error TS2339: Property 'requestId' does not exist on type 'Request<ParamsDictionary, any, any, ParsedQs, Record<string, any>>'.
infrastructure/monitoring/sla-monitoring/src/SLAManagementController.ts(501,36): error TS2339: Property 'id' does not exist on type 'JWTPayload & { sessionId?: string | undefined; }'.
infrastructure/monitoring/sla-monitoring/src/SLAManagementController.ts(508,98): error TS2339: Property 'requestId' does not exist on type 'Request<ParamsDictionary, any, any, ParsedQs, Record<string, any>>'.
infrastructure/monitoring/sla-monitoring/src/SLAManagementController.ts(523,36): error TS2339: Property 'id' does not exist on type 'JWTPayload & { sessionId?: string | undefined; }'.
infrastructure/monitoring/sla-monitoring/src/SLAManagementController.ts(530,98): error TS2339: Property 'requestId' does not exist on type 'Request<ParamsDictionary, any, any, ParsedQs, Record<string, any>>'.
infrastructure/monitoring/sla-monitoring/src/SLAManagementController.ts(547,96): error TS2339: Property 'requestId' does not exist on type 'Request<ParamsDictionary, any, any, ParsedQs, Record<string, any>>'.
infrastructure/monitoring/sla-monitoring/src/SLAManagementController.ts(586,95): error TS2345: Argument of type '{ slaDefinition: SLADefinition | null; timeWindow: { start: Date; end: Date; }; metrics: SLAMetric[]; breaches: SLABreach[]; historicalScores: SLAComplianceScore[]; businessContext: { ...; }; }' is not assignable to parameter of type 'ScoringContext'.
  Types of property 'slaDefinition' are incompatible.
    Type 'SLADefinition | null' is not assignable to type 'SLADefinition'.
      Type 'null' is not assignable to type 'SLADefinition'.
infrastructure/monitoring/sla-monitoring/src/SLAManagementController.ts(590,98): error TS2339: Property 'requestId' does not exist on type 'Request<ParamsDictionary, any, any, ParsedQs, Record<string, any>>'.
infrastructure/monitoring/sla-monitoring/src/SLAManagementController.ts(606,98): error TS2339: Property 'requestId' does not exist on type 'Request<ParamsDictionary, any, any, ParsedQs, Record<string, any>>'.
infrastructure/monitoring/sla-monitoring/src/SLAManagementController.ts(623,98): error TS2339: Property 'requestId' does not exist on type 'Request<ParamsDictionary, any, any, ParsedQs, Record<string, any>>'.
infrastructure/monitoring/sla-monitoring/src/SLAManagementController.ts(645,98): error TS2339: Property 'requestId' does not exist on type 'Request<ParamsDictionary, any, any, ParsedQs, Record<string, any>>'.
infrastructure/monitoring/sla-monitoring/src/SLAManagementController.ts(679,98): error TS2339: Property 'requestId' does not exist on type 'Request<ParamsDictionary, any, any, ParsedQs, Record<string, any>>'.
infrastructure/monitoring/sla-monitoring/src/SLAManagementController.ts(703,92): error TS2345: Argument of type '{ slaIds: string[]; timeRange: { start: Date; end: Date; }; analysisTypes: string[]; granularity: string | QueryString.ParsedQs | (string | QueryString.ParsedQs)[]; includeBaseline: boolean; compareWithPrevious: boolean; }' is not assignable to parameter of type 'AnalysisRequest'.
  Types of property 'analysisTypes' are incompatible.
    Type 'string[]' is not assignable to type '("correlations" | "trends" | "root_cause" | "anomalies" | "predictions" | "patterns")[]'.
      Type 'string' is not assignable to type '"correlations" | "trends" | "root_cause" | "anomalies" | "predictions" | "patterns"'.
infrastructure/monitoring/sla-monitoring/src/SLAManagementController.ts(707,98): error TS2339: Property 'requestId' does not exist on type 'Request<ParamsDictionary, any, any, ParsedQs, Record<string, any>>'.
infrastructure/monitoring/sla-monitoring/src/SLAManagementController.ts(739,36): error TS2339: Property 'id' does not exist on type 'JWTPayload & { sessionId?: string | undefined; }'.
infrastructure/monitoring/sla-monitoring/src/SLAManagementController.ts(746,98): error TS2339: Property 'requestId' does not exist on type 'Request<ParamsDictionary, any, any, ParsedQs, Record<string, any>>'.
infrastructure/monitoring/sla-monitoring/src/SLAManagementController.ts(768,96): error TS2339: Property 'requestId' does not exist on type 'Request<ParamsDictionary, any, any, ParsedQs, Record<string, any>>'.
infrastructure/monitoring/sla-monitoring/src/SLAManagementController.ts(786,71): error TS2339: Property 'id' does not exist on type 'JWTPayload & { sessionId?: string | undefined; }'.
infrastructure/monitoring/sla-monitoring/src/SLAManagementController.ts(788,34): error TS2339: Property 'id' does not exist on type 'JWTPayload & { sessionId?: string | undefined; }'.
infrastructure/monitoring/sla-monitoring/src/SLAManagementController.ts(795,98): error TS2339: Property 'requestId' does not exist on type 'Request<ParamsDictionary, any, any, ParsedQs, Record<string, any>>'.
infrastructure/monitoring/sla-monitoring/src/SLAManagementController.ts(807,36): error TS2339: Property 'id' does not exist on type 'JWTPayload & { sessionId?: string | undefined; }'.
infrastructure/monitoring/sla-monitoring/src/SLAManagementController.ts(813,98): error TS2339: Property 'requestId' does not exist on type 'Request<ParamsDictionary, any, any, ParsedQs, Record<string, any>>'.
infrastructure/monitoring/sla-monitoring/src/SLAManagementController.ts(830,98): error TS2339: Property 'requestId' does not exist on type 'Request<ParamsDictionary, any, any, ParsedQs, Record<string, any>>'.
infrastructure/monitoring/sla-monitoring/src/SLAManagementController.ts(863,98): error TS2339: Property 'requestId' does not exist on type 'Request<ParamsDictionary, any, any, ParsedQs, Record<string, any>>'.
infrastructure/monitoring/sla-monitoring/src/SLAManagementController.ts(882,110): error TS2345: Argument of type '{ startDate: Date | undefined; endDate: Date | undefined; types: string[] | undefined; limit: number | undefined; }' is not assignable to parameter of type '{ startDate?: Date | undefined; endDate?: Date | undefined; types?: NotificationType[] | undefined; limit?: number | undefined; }'.
  Types of property 'types' are incompatible.
    Type 'string[] | undefined' is not assignable to type 'NotificationType[] | undefined'.
      Type 'string[]' is not assignable to type 'NotificationType[]'.
        Type 'string' is not assignable to type 'NotificationType'.
infrastructure/monitoring/sla-monitoring/src/SLAManagementController.ts(886,98): error TS2339: Property 'requestId' does not exist on type 'Request<ParamsDictionary, any, any, ParsedQs, Record<string, any>>'.
infrastructure/monitoring/sla-monitoring/src/SLAManagementController.ts(904,98): error TS2339: Property 'requestId' does not exist on type 'Request<ParamsDictionary, any, any, ParsedQs, Record<string, any>>'.
infrastructure/monitoring/sla-monitoring/src/SLAManagementController.ts(922,98): error TS2339: Property 'requestId' does not exist on type 'Request<ParamsDictionary, any, any, ParsedQs, Record<string, any>>'.
infrastructure/monitoring/sla-monitoring/src/SLAManagementController.ts(940,98): error TS2339: Property 'requestId' does not exist on type 'Request<ParamsDictionary, any, any, ParsedQs, Record<string, any>>'.
infrastructure/monitoring/sla-monitoring/src/SLAManagementController.ts(951,74): error TS2339: Property 'requestId' does not exist on type 'Request<ParamsDictionary, any, any, ParsedQs, Record<string, any>>'.
infrastructure/monitoring/sla-monitoring/src/SLAManagementController.ts(983,96): error TS2339: Property 'requestId' does not exist on type 'Request<ParamsDictionary, any, any, ParsedQs, Record<string, any>>'.
infrastructure/monitoring/sla-monitoring/src/SLAManagementController.ts(1053,74): error TS2339: Property 'requestId' does not exist on type 'Request<ParamsDictionary, any, any, ParsedQs, Record<string, any>>'.
infrastructure/monitoring/sla-monitoring/src/SLAManagementController.ts(1059,61): error TS2339: Property 'requestId' does not exist on type 'Request<ParamsDictionary, any, any, ParsedQs, Record<string, any>>'.
infrastructure/monitoring/sla-monitoring/src/SLAManagementController.ts(1071,76): error TS2339: Property 'requestId' does not exist on type 'Request<ParamsDictionary, any, any, ParsedQs, Record<string, any>>'.
infrastructure/monitoring/sla-monitoring/src/SLAManagementController.ts(1076,20): error TS2353: Object literal may only specify known properties, and 'id' does not exist in type 'JWTPayload & { sessionId?: string | undefined; }'.
infrastructure/monitoring/sla-monitoring/src/SLAManagementController.ts(1079,68): error TS2339: Property 'requestId' does not exist on type 'Request<ParamsDictionary, any, any, ParsedQs, Record<string, any>>'.
infrastructure/monitoring/sla-monitoring/src/SLAManagementController.ts(1086,64): error TS2339: Property 'requestId' does not exist on type 'Request<ParamsDictionary, any, any, ParsedQs, Record<string, any>>'.
infrastructure/monitoring/sla-monitoring/src/SLAManagementController.ts(1097,26): error TS2339: Property 'requestId' does not exist on type 'Request<ParamsDictionary, any, any, ParsedQs, Record<string, any>>'.
infrastructure/monitoring/sla-monitoring/src/SLAManagementController.ts(1112,16): error TS2339: Property 'details' does not exist on type 'APIResponse<any>'.
infrastructure/monitoring/sla-monitoring/src/SLAManagementController.ts(1143,9): error TS2794: Expected 1 arguments, but got 0. Did you forget to include 'void' in your type argument to 'Promise'?
infrastructure/monitoring/sla-monitoring/src/SLAManagementController.ts(1154,11): error TS2794: Expected 1 arguments, but got 0. Did you forget to include 'void' in your type argument to 'Promise'?
infrastructure/monitoring/sla-monitoring/src/SLAManagementController.ts(1157,9): error TS2794: Expected 1 arguments, but got 0. Did you forget to include 'void' in your type argument to 'Promise'?
infrastructure/monitoring/sla-monitoring/src/SLAReportingService.ts(212,7): error TS2322: Type '{ id: string; dataSource: string; type: "table" | "metric_card" | "alert_list" | "chart" | "status_board" | "trend_indicator"; title: string; size: { width: number; height: number; }; position: { ...; }; configuration: Record<...>; refreshInterval?: number | undefined; }[]' is not assignable to type 'SLAWidget[]'.
  Type '{ id: string; dataSource: string; type: "metric_card" | "chart" | "table" | "status_board" | "trend_indicator" | "alert_list"; title: string; size: { width: number; height: number; }; position: { x: number; y: number; }; configuration: Record<string, any>; refreshInterval?: number; }' is not assignable to type 'SLAWidget'.
    Types of property 'type' are incompatible.
      Type '"table" | "metric_card" | "alert_list" | "chart" | "status_board" | "trend_indicator"' is not assignable to type '"status" | "table" | "metric" | "chart" | "alert" | "compliance_score"'.
        Type '"metric_card"' is not assignable to type '"status" | "table" | "metric" | "chart" | "alert" | "compliance_score"'.
infrastructure/monitoring/sla-monitoring/src/SLAReportingService.ts(260,58): error TS2345: Argument of type 'SLAWidget' is not assignable to parameter of type 'DashboardWidget'.
  Property 'size' is missing in type 'SLAWidget' but required in type 'DashboardWidget'.
infrastructure/monitoring/sla-monitoring/src/SLAReportingService.ts(431,9): error TS2322: Type '"gauge" | "heatmap" | "line" | "bar" | "pie" | "trend" | "scatter"' is not assignable to type '"gauge" | "heatmap" | "line" | "bar" | "pie" | "scatter"'.
  Type '"trend"' is not assignable to type '"gauge" | "heatmap" | "line" | "bar" | "pie" | "scatter"'.
infrastructure/monitoring/sla-monitoring/src/SLAReportingService.ts(808,7): error TS2741: Property 'layout' is missing in type '{ columns: number; theme: "light"; refreshInterval: number; enableRealTime: true; widgets: never[]; }' but required in type 'DashboardConfiguration'.
infrastructure/security/container-scanner.ts(737,12): error TS7053: Element implicitly has an 'any' type because expression of type 'string' can't be used to index type '{ critical: number; high: number; medium: number; low: number; negligible: number; }'.
  No index signature with a parameter of type 'string' was found on type '{ critical: number; high: number; medium: number; low: number; negligible: number; }'.
infrastructure/security/dependency-scanner/AutomatedScanningWorkflowService.ts(2,25): error TS2307: Cannot find module 'cron' or its corresponding type declarations.
infrastructure/security/dependency-scanner/AutomatedScanningWorkflowService.ts(706,65): error TS18046: 'notifError' is of type 'unknown'.
infrastructure/security/dependency-scanner/AutomatedScanningWorkflowService.ts(732,18): error TS1308: 'await' expressions are only allowed within async functions and at the top levels of modules.
infrastructure/security/dependency-scanner/ComplianceReportingService.ts(766,54): error TS7006: Parameter 'v' implicitly has an 'any' type.
infrastructure/security/dependency-scanner/ComplianceReportingService.ts(879,62): error TS7006: Parameter 'acc' implicitly has an 'any' type.
infrastructure/security/dependency-scanner/ComplianceReportingService.ts(879,67): error TS7006: Parameter 'v' implicitly has an 'any' type.
infrastructure/security/dependency-scanner/ComplianceReportingService.ts(887,7): error TS2561: Object literal may only specify known properties, but 'vulnerabilitiesByService' does not exist in type 'SecurityMetrics'. Did you mean to write 'vulnerabilitiesByseverity'?
infrastructure/security/dependency-scanner/ComplianceReportingService.ts(1081,22): error TS7053: Element implicitly has an 'any' type because expression of type 'string' can't be used to index type '{ SECURITY_POSTURE: string; VULNERABILITY_SUMMARY: string; RISK_ASSESSMENT: string; LICENSE_COMPLIANCE: string; REGULATORY_COMPLIANCE: string; EXECUTIVE_SUMMARY: string; }'.
  No index signature with a parameter of type 'string' was found on type '{ SECURITY_POSTURE: string; VULNERABILITY_SUMMARY: string; RISK_ASSESSMENT: string; LICENSE_COMPLIANCE: string; REGULATORY_COMPLIANCE: string; EXECUTIVE_SUMMARY: string; }'.
infrastructure/security/dependency-scanner/ComplianceReportingService.ts(1097,12): error TS7053: Element implicitly has an 'any' type because expression of type 'string' can't be used to index type '{ SECURITY_POSTURE: string; VULNERABILITY_SUMMARY: string; RISK_ASSESSMENT: string; LICENSE_COMPLIANCE: string; REGULATORY_COMPLIANCE: string; EXECUTIVE_SUMMARY: string; }'.
  No index signature with a parameter of type 'string' was found on type '{ SECURITY_POSTURE: string; VULNERABILITY_SUMMARY: string; RISK_ASSESSMENT: string; LICENSE_COMPLIANCE: string; REGULATORY_COMPLIANCE: string; EXECUTIVE_SUMMARY: string; }'.
infrastructure/security/dependency-scanner/DependencyInventoryService.ts(4,22): error TS7016: Could not find a declaration file for module 'glob'. 'C:/Users/Dalton/Desktop/VisualStudio/VSC/TAIGprojs/InvestmentPlatform/node_modules/glob/glob.js' implicitly has an 'any' type.
  Try `npm i --save-dev @types/glob` if it exists or add a new declaration (.d.ts) file containing `declare module 'glob';`
infrastructure/security/dependency-scanner/DependencyScannerController.ts(13,18): error TS2430: Interface 'AuthenticatedRequest' incorrectly extends interface 'Request<ParamsDictionary, any, any, ParsedQs, Record<string, any>>'.
  Types of property 'user' are incompatible.
    Type '{ id: string; tenantId: string; role: string; permissions: string[]; } | undefined' is not assignable to type '(JWTPayload & { sessionId?: string | undefined; }) | undefined'.
      Type '{ id: string; tenantId: string; role: string; permissions: string[]; }' is not assignable to type 'JWTPayload & { sessionId?: string | undefined; }'.
        Type '{ id: string; tenantId: string; role: string; permissions: string[]; }' is missing the following properties from type 'JWTPayload': userId, email, roles
infrastructure/security/dependency-scanner/DependencyScannerController.ts(693,11): error TS7034: Variable 'dependencies' implicitly has type 'any[]' in some locations where its type cannot be determined.
infrastructure/security/dependency-scanner/DependencyScannerController.ts(706,24): error TS7005: Variable 'dependencies' implicitly has an 'any[]' type.
infrastructure/security/dependency-scanner/RiskAssessmentService.ts(208,78): error TS2552: Cannot find name 'vulnerability'. Did you mean 'vulnerabilities'?
infrastructure/security/dependency-scanner/RiskAssessmentService.ts(269,17): error TS7053: Element implicitly has an 'any' type because expression of type 'string' can't be used to index type '{ critical: number; high: number; medium: number; low: number; info: number; }'.
  No index signature with a parameter of type 'string' was found on type '{ critical: number; high: number; medium: number; low: number; info: number; }'.
infrastructure/security/dependency-scanner/RiskAssessmentService.ts(353,9): error TS2322: Type 'string' is not assignable to type '"HIGH" | "MEDIUM" | "LOW" | "CRITICAL" | "INFO"'.
infrastructure/security/dependency-scanner/RiskAssessmentService.ts(375,15): error TS7053: Element implicitly has an 'any' type because expression of type 'string' can't be used to index type '{ production: number; staging: number; development: number; test: number; }'.
  No index signature with a parameter of type 'string' was found on type '{ production: number; staging: number; development: number; test: number; }'.
infrastructure/security/dependency-scanner/RiskAssessmentService.ts(389,7): error TS2322: Type 'string' is not assignable to type '"HIGH" | "MEDIUM" | "LOW" | "CRITICAL" | "INFO"'.
infrastructure/security/dependency-scanner/RiskAssessmentService.ts(410,15): error TS7053: Element implicitly has an 'any' type because expression of type '`${string}Application`' can't be used to index type '{ criticalApplication: number; highApplication: number; mediumApplication: number; lowApplication: number; }'.
infrastructure/security/dependency-scanner/RiskAssessmentService.ts(475,21): error TS7053: Element implicitly has an 'any' type because expression of type 'string' can't be used to index type '{ publicExploit: number; proofOfConcept: number; functional: number; unproven: number; notDefined: number; }'.
  No index signature with a parameter of type 'string' was found on type '{ publicExploit: number; proofOfConcept: number; functional: number; unproven: number; notDefined: number; }'.
infrastructure/security/dependency-scanner/RiskAssessmentService.ts(483,27): error TS7053: Element implicitly has an 'any' type because expression of type 'string' can't be used to index type '{ production: number; staging: number; development: number; test: number; }'.
  No index signature with a parameter of type 'string' was found on type '{ production: number; staging: number; development: number; test: number; }'.
infrastructure/security/dependency-scanner/RiskAssessmentService.ts(691,34): error TS2588: Cannot assign to 'baseScore' because it is a constant.
infrastructure/security/dependency-scanner/RiskAssessmentService.ts(692,39): error TS2588: Cannot assign to 'baseScore' because it is a constant.
infrastructure/security/dependency-scanner/RiskAssessmentService.ts(728,12): error TS7053: Element implicitly has an 'any' type because expression of type 'string' can't be used to index type '{ CRITICAL: number; HIGH: number; MEDIUM: number; LOW: number; INFO: number; }'.
  No index signature with a parameter of type 'string' was found on type '{ CRITICAL: number; HIGH: number; MEDIUM: number; LOW: number; INFO: number; }'.
infrastructure/security/dependency-scanner/RiskAssessmentService.ts(733,12): error TS7053: Element implicitly has an 'any' type because expression of type 'string' can't be used to index type '{ PRODUCTION: number; STAGING: number; DEVELOPMENT: number; TEST: number; }'.
  No index signature with a parameter of type 'string' was found on type '{ PRODUCTION: number; STAGING: number; DEVELOPMENT: number; TEST: number; }'.
infrastructure/security/dependency-scanner/RiskAssessmentService.ts(738,12): error TS7053: Element implicitly has an 'any' type because expression of type 'string' can't be used to index type '{ RESTRICTED: string; CONFIDENTIAL: string; INTERNAL: string; PUBLIC: string; }'.
  No index signature with a parameter of type 'string' was found on type '{ RESTRICTED: string; CONFIDENTIAL: string; INTERNAL: string; PUBLIC: string; }'.
infrastructure/security/dependency-scanner/RiskAssessmentService.ts(743,12): error TS7053: Element implicitly has an 'any' type because expression of type 'string' can't be used to index type '{ RESTRICTED: number; CONFIDENTIAL: number; INTERNAL: number; PUBLIC: number; }'.
  No index signature with a parameter of type 'string' was found on type '{ RESTRICTED: number; CONFIDENTIAL: number; INTERNAL: number; PUBLIC: number; }'.
infrastructure/security/dependency-scanner/RiskAssessmentService.ts(748,12): error TS7053: Element implicitly has an 'any' type because expression of type 'string' can't be used to index type '{ CRITICAL: number; HIGH: number; MEDIUM: number; LOW: number; }'.
  No index signature with a parameter of type 'string' was found on type '{ CRITICAL: number; HIGH: number; MEDIUM: number; LOW: number; }'.
infrastructure/security/ids-ips.ts(849,12): error TS7053: Element implicitly has an 'any' type because expression of type 'string' can't be used to index type '{ low: number; medium: number; high: number; critical: number; }'.
  No index signature with a parameter of type 'string' was found on type '{ low: number; medium: number; high: number; critical: number; }'.
infrastructure/security/network-segmentation.ts(453,19): error TS2349: This expression is not callable.
  Each member of the union type '{ (addr: IPv4, bits: number): boolean; (mask: [IPv4, number]): boolean; } | { (addr: IPv6, bits: number): boolean; (mask: [IPv6, number]): boolean; }' has signatures, but none of those signatures are compatible with each other.
infrastructure/security/network-segmentation.ts(453,71): error TS2349: This expression is not callable.
  Each member of the union type '{ (addr: IPv4, bits: number): boolean; (mask: [IPv4, number]): boolean; } | { (addr: IPv6, bits: number): boolean; (mask: [IPv6, number]): boolean; }' has signatures, but none of those signatures are compatible with each other.
infrastructure/security/network-segmentation.ts(464,16): error TS2349: This expression is not callable.
  Each member of the union type '{ (addr: IPv4, bits: number): boolean; (mask: [IPv4, number]): boolean; } | { (addr: IPv6, bits: number): boolean; (mask: [IPv6, number]): boolean; }' has signatures, but none of those signatures are compatible with each other.
infrastructure/security/network-segmentation.ts(539,21): error TS2349: This expression is not callable.
  Each member of the union type '{ (addr: IPv4, bits: number): boolean; (mask: [IPv4, number]): boolean; } | { (addr: IPv6, bits: number): boolean; (mask: [IPv6, number]): boolean; }' has signatures, but none of those signatures are compatible with each other.
mobile-app/deployment/app-store-manager.ts(429,11): error TS2564: Property 'releaseManagement' has no initializer and is not definitely assigned in the constructor.
mobile-app/deployment/app-store-manager.ts(1467,43): error TS1064: The return type of an async function or method must be the global Promise<T> type. Did you mean to write 'Promise<void>'?
security/security-audit/security-audit-runner.ts(63,53): error TS7006: Parameter 'f' implicitly has an 'any' type.
security/security-audit/security-audit-runner.ts(69,23): error TS18046: 'error' is of type 'unknown'.
security/security-audit/security-audit-runner.ts(312,51): error TS7006: Parameter 'f' implicitly has an 'any' type.
security/security-audit/security-audit-runner.ts(313,47): error TS7006: Parameter 'f' implicitly has an 'any' type.
security/security-audit/security-audit-runner.ts(322,56): error TS7006: Parameter 'f' implicitly has an 'any' type.
security/security-audit/security-audit-runner.ts(323,53): error TS7006: Parameter 'f' implicitly has an 'any' type.
security/security-audit/security-audit-runner.ts(337,39): error TS7006: Parameter 'status' implicitly has an 'any' type.
security/security-audit/security-audit-runner.ts(346,55): error TS7006: Parameter 'f' implicitly has an 'any' type.
security/security-audit/security-audit-runner.ts(349,35): error TS7006: Parameter 'finding' implicitly has an 'any' type.
security/security-audit/security-audit-runner.ts(349,44): error TS7006: Parameter 'index' implicitly has an 'any' type.
security/security-audit/security-audit-runner.ts(362,51): error TS7006: Parameter 'rec' implicitly has an 'any' type.
security/security-audit/security-audit-runner.ts(362,56): error TS7006: Parameter 'index' implicitly has an 'any' type.
security/security-audit/security-audit-runner.ts(379,53): error TS7006: Parameter 'f' implicitly has an 'any' type.
security/security-audit/security-audit-runner.ts(502,12): error TS7053: Element implicitly has an 'any' type because expression of type 'string' can't be used to index type '{ local: string; dev: string; staging: string; prod: string; }'.
  No index signature with a parameter of type 'string' was found on type '{ local: string; dev: string; staging: string; prod: string; }'.
security/security-audit/security-audit-runner.ts(521,21): error TS7053: Element implicitly has an 'any' type because expression of type 'any' can't be used to index type '{ CRITICAL: number; HIGH: number; MEDIUM: number; LOW: number; INFO: number; }'.
services/auth/src/middleware/validation.ts(1,10): error TS2305: Module '"express-validator"' has no exported member 'validationResult'.
services/auth/src/middleware/validation.ts(1,28): error TS2305: Module '"express-validator"' has no exported member 'ValidationChain'.
services/auth/src/middleware/validation.ts(1,51): error TS2497: This module can only be referenced with ECMAScript imports/exports by turning on the 'esModuleInterop' flag and referencing its default export.
services/cdn-management/src/services/AssetOptimizationService.ts(59,49): error TS2345: Argument of type '{ enableCompression?: boolean | undefined; enableWebP?: boolean | undefined; enableAVIF?: boolean | undefined; compressionQuality?: number | undefined; resizeImages?: boolean | undefined; maxImageWidth?: number | undefined; maxImageHeight?: number | undefined; stripMetadata?: boolean | undefined; }' is not assignable to parameter of type 'AssetOptimizationConfig'.
  Types of property 'enableCompression' are incompatible.
    Type 'boolean | undefined' is not assignable to type 'boolean'.
      Type 'undefined' is not assignable to type 'boolean'.
services/cdn-management/src/services/AssetOptimizationService.ts(121,44): error TS2559: Type 'false' has no properties in common with type 'WriteableMetadata'.
services/cdn-management/src/services/CDNManagementService.ts(24,11): error TS2564: Property 'primaryProvider' has no initializer and is not definitely assigned in the constructor.
services/cdn-management/src/services/CDNManagementService.ts(25,11): error TS2564: Property 'redis' has no initializer and is not definitely assigned in the constructor.
services/cdn-management/src/services/CDNManagementService.ts(26,11): error TS2564: Property 'optimizationService' has no initializer and is not definitely assigned in the constructor.
services/cdn-management/src/services/CDNManagementService.ts(203,16): error TS2339: Property 'on' does not exist on type 'CDNProvider'.
services/cdn-management/src/services/CDNManagementService.ts(203,37): error TS7006: Parameter 'data' implicitly has an 'any' type.
services/cdn-management/src/services/CDNManagementService.ts(207,16): error TS2339: Property 'on' does not exist on type 'CDNProvider'.
services/cdn-management/src/services/CDNManagementService.ts(207,29): error TS7006: Parameter 'error' implicitly has an 'any' type.
services/cdn-management/src/services/CDNManagementService.ts(253,14): error TS2345: Argument of type 'Error' is not assignable to parameter of type 'null'.
services/client-service/src/communication/CommunicationCategorizationService.ts(312,14): error TS2323: Cannot redeclare exported variable 'CommunicationCategorizationService'.
services/client-service/src/communication/CommunicationCategorizationService.ts(1170,10): error TS2323: Cannot redeclare exported variable 'CommunicationCategorizationService'.
services/client-service/src/communication/CommunicationCategorizationService.ts(1170,10): error TS2484: Export declaration conflicts with exported declaration of 'CommunicationCategorizationService'.
services/client-service/src/communication/CommunicationController.ts(1,10): error TS2300: Duplicate identifier 'Request'.
services/client-service/src/communication/CommunicationController.ts(9,19): error TS2300: Duplicate identifier 'Request'.
services/client-service/src/communication/CommunicationController.ts(12,38): error TS2307: Cannot find module './CommunicationService' or its corresponding type declarations.
services/client-service/src/communication/CommunicationController.ts(155,7): error TS2322: Type 'Response<any, Record<string, any>>' is not assignable to type 'void'.
services/client-service/src/communication/CommunicationController.ts(164,7): error TS2322: Type 'Response<any, Record<string, any>>' is not assignable to type 'void'.
services/client-service/src/communication/CommunicationController.ts(672,7): error TS2322: Type 'Response<any, Record<string, any>>' is not assignable to type 'void'.
services/client-service/src/communication/CommunicationController.ts(841,18): error TS2352: Conversion of type 'string | ParsedQs | (string | ParsedQs)[] | undefined' to type 'number' may be a mistake because neither type sufficiently overlaps with the other. If this was intentional, convert the expression to 'unknown' first.
  Type '(string | ParsedQs)[]' is not comparable to type 'number'.
services/client-service/src/communication/CommunicationController.ts(841,43): error TS2352: Conversion of type 'string | ParsedQs | (string | ParsedQs)[] | undefined' to type 'number' may be a mistake because neither type sufficiently overlaps with the other. If this was intentional, convert the expression to 'unknown' first.
  Type '(string | ParsedQs)[]' is not comparable to type 'number'.
services/client-service/src/communication/CommunicationController.ts(1007,13): error TS7034: Variable 'communications' implicitly has type 'any[]' in some locations where its type cannot be determined.
services/client-service/src/communication/CommunicationController.ts(1010,9): error TS7005: Variable 'communications' implicitly has an 'any[]' type.
services/client-service/src/communication/CommunicationController.ts(1183,81): error TS2559: Type '{ tenantId: any; }' has no properties in common with type '{ clientIds?: string[] | undefined; employeeIds?: string[] | undefined; dateRange?: { start: Date; end: Date; } | undefined; recordingTypes?: string[] | undefined; transcriptionText?: string | undefined; complianceFlags?: string[] | undefined; retentionStatus?: "active" | ... 2 more ... | undefined; accessLevel?: st...'.
services/client-service/src/communication/CommunicationSearchService.ts(295,14): error TS2323: Cannot redeclare exported variable 'CommunicationSearchService'.
services/client-service/src/communication/CommunicationSearchService.ts(787,7): error TS2322: Type 'SearchSuggestion[]' is not assignable to type 'string[]'.
  Type 'SearchSuggestion' is not assignable to type 'string'.
services/client-service/src/communication/CommunicationSearchService.ts(1201,12): error TS2304: Cannot find name 'Urgency'.
services/client-service/src/communication/CommunicationSearchService.ts(1202,16): error TS2304: Cannot find name 'SensitivityLevel'.
services/client-service/src/communication/CommunicationSearchService.ts(1248,10): error TS2323: Cannot redeclare exported variable 'CommunicationSearchService'.
services/client-service/src/communication/CommunicationSearchService.ts(1248,10): error TS2484: Export declaration conflicts with exported declaration of 'CommunicationSearchService'.
services/client-service/src/communication/CommunicationTimelineService.ts(400,39): error TS2345: Argument of type '{ status: string; customFields: { archived: boolean; deletionReason: string; deletedBy: string; deletedAt: Date; }; id: string; communicationId: string; tenantId: string; clientId: string; ... 17 more ...; updatedAt: Date; }' is not assignable to parameter of type 'TimelineEntry'.
  Types of property 'status' are incompatible.
    Type 'string' is not assignable to type '"in_progress" | "completed" | "failed" | "cancelled" | "scheduled" | "pending"'.
services/client-service/src/communication/CommunicationTimelineService.ts(409,34): error TS2345: Argument of type '{ status: string; customFields: { archived: boolean; deletionReason: string; deletedBy: string; deletedAt: Date; }; id: string; communicationId: string; tenantId: string; clientId: string; ... 17 more ...; updatedAt: Date; }' is not assignable to parameter of type 'TimelineEntry'.
  Types of property 'status' are incompatible.
    Type 'string' is not assignable to type '"in_progress" | "completed" | "failed" | "cancelled" | "scheduled" | "pending"'.
services/client-service/src/communication/CommunicationTimelineService.ts(961,14): error TS2322: Type '{ type: string; confidence: number; description: string; recommendation: string; impact: string; timeline: string; data: any; }[]' is not assignable to type '{ type: "communication_gap" | "upcoming_task" | "overdue_item" | "engagement_pattern" | "milestone_risk"; confidence: number; description: string; recommendation: string; impact: "low" | ... 1 more ... | "high"; timeline: string; data: Record<...>; }[]'.
  Type '{ type: string; confidence: number; description: string; recommendation: string; impact: string; timeline: string; data: any; }' is not assignable to type '{ type: "communication_gap" | "upcoming_task" | "overdue_item" | "engagement_pattern" | "milestone_risk"; confidence: number; description: string; recommendation: string; impact: "low" | ... 1 more ... | "high"; timeline: string; data: Record<...>; }'.
    Types of property 'type' are incompatible.
      Type 'string' is not assignable to type '"communication_gap" | "upcoming_task" | "overdue_item" | "engagement_pattern" | "milestone_risk"'.
services/client-service/src/communication/CommunicationTimelineService.ts(961,24): error TS2322: Type '{ action: string; priority: string; category: string; description: string; estimatedEffort: string; expectedOutcome: string; }[]' is not assignable to type '{ action: string; priority: "low" | "medium" | "high" | "urgent"; category: string; description: string; estimatedEffort: string; expectedOutcome: string; }[]'.
  Type '{ action: string; priority: string; category: string; description: string; estimatedEffort: string; expectedOutcome: string; }' is not assignable to type '{ action: string; priority: "low" | "medium" | "high" | "urgent"; category: string; description: string; estimatedEffort: string; expectedOutcome: string; }'.
    Types of property 'priority' are incompatible.
      Type 'string' is not assignable to type '"low" | "medium" | "high" | "urgent"'.
services/client-service/src/communication/index.ts(1,38): error TS2307: Cannot find module './CommunicationService' or its corresponding type declarations.
services/client-service/src/communication/index.ts(127,11): error TS2564: Property 'controller' has no initializer and is not definitely assigned in the constructor.
services/client-service/src/communication/index.ts(288,62): error TS2345: Argument of type '{ enableRecording: boolean; defaultRetentionDays: number; encryptionEnabled: boolean; transcriptionEnabled: boolean; realTimeTranscription: boolean; qualityMonitoring: boolean; consentValidation: boolean; ... 6 more ...; alertThresholds: { ...; }; }' is not assignable to parameter of type 'ComplianceRecordingConfig'.
  Property 'integrations' is missing in type '{ enableRecording: boolean; defaultRetentionDays: number; encryptionEnabled: boolean; transcriptionEnabled: boolean; realTimeTranscription: boolean; qualityMonitoring: boolean; consentValidation: boolean; ... 6 more ...; alertThresholds: { ...; }; }' but required in type 'ComplianceRecordingConfig'.
services/client-service/src/communication/index.ts(293,63): error TS2345: Argument of type '{ defaultViewType: "summary" | "chronological" | "grouped" | "filtered" | "interactive"; maxTimelineLength: number; autoRefreshInterval: number; enableRealTimeUpdates: boolean; enablePredictiveInsights: boolean; retentionPeriod: number; complianceSettings: { ...; }; alertSettings: { ...; }; }' is not assignable to parameter of type 'TimelineConfig'.
  Type '{ defaultViewType: "summary" | "chronological" | "grouped" | "filtered" | "interactive"; maxTimelineLength: number; autoRefreshInterval: number; enableRealTimeUpdates: boolean; enablePredictiveInsights: boolean; retentionPeriod: number; complianceSettings: { ...; }; alertSettings: { ...; }; }' is missing the following properties from type 'TimelineConfig': defaultGrouping, defaultVisualization, integrations
services/client-service/src/communication/index.ts(312,59): error TS7006: Parameter 'event' implicitly has an 'any' type.
services/client-service/src/communication/index.ts(586,63): error TS2367: This comparison appears to be unintentional because the types '"available" | "unavailable"' and '"degraded"' have no overlap.
services/client-service/src/communication/index.ts(691,15): error TS2307: Cannot find module './CommunicationService' or its corresponding type declarations.
services/client-service/src/communication/MultiChannelTrackingService.ts(240,14): error TS2323: Cannot redeclare exported variable 'MultiChannelTrackingService'.
services/client-service/src/communication/MultiChannelTrackingService.ts(367,46): error TS2339: Property 'createCommunicationRecord' does not exist on type 'MultiChannelTrackingService'.
services/client-service/src/communication/MultiChannelTrackingService.ts(380,31): error TS2304: Cannot find name 'CommunicationSearchQuery'.
services/client-service/src/communication/MultiChannelTrackingService.ts(597,7): error TS2322: Type 'any' is not assignable to type 'never'.
services/client-service/src/communication/MultiChannelTrackingService.ts(610,34): error TS2339: Property 'sentiment' does not exist on type 'CommunicationMetadata'.
services/client-service/src/communication/MultiChannelTrackingService.ts(619,32): error TS2339: Property 'processed_at' does not exist on type 'CommunicationMetadata'.
services/client-service/src/communication/MultiChannelTrackingService.ts(620,32): error TS2339: Property 'processing_version' does not exist on type 'CommunicationMetadata'.
services/client-service/src/communication/MultiChannelTrackingService.ts(621,32): error TS2339: Property 'source_channel' does not exist on type 'CommunicationMetadata'.
services/client-service/src/communication/MultiChannelTrackingService.ts(758,37): error TS2304: Cannot find name 'CommunicationSearchQuery'.
services/client-service/src/communication/MultiChannelTrackingService.ts(770,61): error TS2304: Cannot find name 'CommunicationSearchQuery'.
services/client-service/src/communication/MultiChannelTrackingService.ts(804,71): error TS2304: Cannot find name 'CommunicationSearchQuery'.
services/client-service/src/communication/MultiChannelTrackingService.ts(819,11): error TS18048: 'aValue' is possibly 'undefined'.
services/client-service/src/communication/MultiChannelTrackingService.ts(819,20): error TS18048: 'bValue' is possibly 'undefined'.
services/client-service/src/communication/MultiChannelTrackingService.ts(820,11): error TS18048: 'aValue' is possibly 'undefined'.
services/client-service/src/communication/MultiChannelTrackingService.ts(820,20): error TS18048: 'bValue' is possibly 'undefined'.
services/client-service/src/communication/MultiChannelTrackingService.ts(915,5): error TS2740: Type '{}' is missing the following properties from type 'Record<CommunicationChannel, number>': direct, platform, third_party, mobile_app, and 7 more.
services/client-service/src/communication/MultiChannelTrackingService.ts(920,5): error TS2740: Type '{}' is missing the following properties from type 'Record<CommunicationChannel, Date>': direct, platform, third_party, mobile_app, and 7 more.
services/client-service/src/communication/MultiChannelTrackingService.ts(921,5): error TS2740: Type '{}' is missing the following properties from type 'Record<CommunicationChannel, number>': direct, platform, third_party, mobile_app, and 7 more.
services/client-service/src/communication/MultiChannelTrackingService.ts(1211,10): error TS2323: Cannot redeclare exported variable 'MultiChannelTrackingService'.
services/client-service/src/communication/MultiChannelTrackingService.ts(1211,10): error TS2484: Export declaration conflicts with exported declaration of 'MultiChannelTrackingService'.
services/client-service/src/onboarding/IdentityVerificationService.ts(843,22): error TS2304: Cannot find name 's'.
services/client-service/src/onboarding/IdentityVerificationService.ts(843,37): error TS7006: Parameter 'm' implicitly has an 'any' type.
services/client-service/src/onboarding/OnboardingController.ts(21,18): error TS2430: Interface 'AuthenticatedRequest' incorrectly extends interface 'Request<ParamsDictionary, any, any, ParsedQs, Record<string, any>>'.
  Types of property 'user' are incompatible.
    Type '{ id: string; tenantId: string; role: string; permissions: string[]; } | undefined' is not assignable to type '(JWTPayload & { sessionId?: string | undefined; }) | undefined'.
      Type '{ id: string; tenantId: string; role: string; permissions: string[]; }' is not assignable to type 'JWTPayload & { sessionId?: string | undefined; }'.
        Type '{ id: string; tenantId: string; role: string; permissions: string[]; }' is missing the following properties from type 'JWTPayload': userId, email, roles
services/client-service/src/onboarding/OnboardingController.ts(145,28): error TS7053: Element implicitly has an 'any' type because expression of type 'any' can't be used to index type 'Record<WorkflowState, OnboardingPhase>'.
services/client-service/src/onboarding/OnboardingProgressService.ts(854,11): error TS2322: Type '"phone"' is not assignable to type '"email" | "sms" | "in_app" | "call"'.
services/client-service/src/scheduling/CalendarIntegrationService.ts(719,38): error TS2345: Argument of type '{ startTime: Date; endTime: Date; status: "available" | "busy" | "out_of_office" | "tentative" | "free"; eventId: string | undefined; eventTitle: string | undefined; }' is not assignable to parameter of type '{ startTime: Date; endTime: Date; status: "available" | "busy" | "out_of_office" | "tentative"; eventId?: string | undefined; eventTitle?: string | undefined; }'.
  Types of property 'status' are incompatible.
    Type '"available" | "busy" | "out_of_office" | "tentative" | "free"' is not assignable to type '"available" | "busy" | "out_of_office" | "tentative"'.
      Type '"free"' is not assignable to type '"available" | "busy" | "out_of_office" | "tentative"'.
services/client-service/src/scheduling/CalendarIntegrationService.ts(1077,7): error TS2322: Type '{ [k: string]: string; }' is not assignable to type 'Record<string, "active" | "error" | "inactive">'.
  'string' index signatures are incompatible.
    Type 'string' is not assignable to type '"active" | "error" | "inactive"'.
services/client-service/src/scheduling/MeetingNotificationService.ts(54,5): error TS2300: Duplicate identifier 'provider'.
services/client-service/src/scheduling/MeetingNotificationService.ts(58,5): error TS2300: Duplicate identifier 'provider'.
services/client-service/src/scheduling/MeetingNotificationService.ts(58,5): error TS2717: Subsequent property declarations must have the same type.  Property 'provider' must be of type '"twilio" | "aws_sns" | "nexmo" | undefined', but here has type '"firebase" | "apns" | "web_push" | undefined'.
services/client-service/src/scheduling/SchedulingController.ts(1,10): error TS2300: Duplicate identifier 'Request'.
services/client-service/src/scheduling/SchedulingController.ts(9,19): error TS2300: Duplicate identifier 'Request'.
services/client-service/src/scheduling/SchedulingController.ts(66,11): error TS2564: Property 'app' has no initializer and is not definitely assigned in the constructor.
services/client-service/src/scheduling/SchedulingController.ts(208,9): error TS7053: Element implicitly has an 'any' type because expression of type '"body"' can't be used to index type '{ method: string; url: string; status: number; duration: string; userAgent: string | undefined; ip: string | undefined; timestamp: string; }'.
  Property 'body' does not exist on type '{ method: string; url: string; status: number; duration: string; userAgent: string | undefined; ip: string | undefined; timestamp: string; }'.
services/client-service/src/scheduling/SchedulingController.ts(221,7): error TS2322: Type 'Response<any, Record<string, any>>' is not assignable to type 'void'.
services/client-service/src/scheduling/SchedulingController.ts(229,7): error TS2322: Type 'Response<any, Record<string, any>>' is not assignable to type 'void'.
services/client-service/src/scheduling/SchedulingController.ts(904,7): error TS2322: Type 'Response<any, Record<string, any>>' is not assignable to type 'void'.
services/client-service/src/scheduling/SchedulingController.ts(1234,39): error TS7006: Parameter 'q' implicitly has an 'any' type.
services/client-service/src/scheduling/SchedulingController.ts(1860,41): error TS7006: Parameter 'conflict' implicitly has an 'any' type.
services/client-service/src/scheduling/SchedulingController.ts(1973,11): error TS2794: Expected 1 arguments, but got 0. Did you forget to include 'void' in your type argument to 'Promise'?
services/client-service/src/scheduling/SchedulingController.ts(1994,11): error TS2794: Expected 1 arguments, but got 0. Did you forget to include 'void' in your type argument to 'Promise'?
services/client-service/src/scheduling/SchedulingController.ts(1997,9): error TS2794: Expected 1 arguments, but got 0. Did you forget to include 'void' in your type argument to 'Promise'?
services/client-service/src/scheduling/SchedulingController.ts(2015,7): error TS2687: All declarations of 'user' must have identical modifiers.
services/client-service/src/scheduling/SchedulingController.ts(2015,7): error TS2717: Subsequent property declarations must have the same type.  Property 'user' must be of type '(JWTPayload & { sessionId?: string | undefined; }) | undefined', but here has type '{ id: string; tenantId: string; role: string; }'.
services/client-service/src/scheduling/VideoConferencingService.ts(575,44): error TS2345: Argument of type '{ id: string; tenantId: string; name: string; description: string; providerId: string; defaultSettings: { password: undefined; waitingRoom: false; authentication: true; recording: { enabled: false; ... 6 more ...; recordSpeakerView: false; }; ... 5 more ...; security: { ...; }; }; ... 5 more ...; updatedAt: Date; }' is not assignable to parameter of type 'MeetingTemplate'.
  Property 'branding' is missing in type '{ id: string; tenantId: string; name: string; description: string; providerId: string; defaultSettings: { password: undefined; waitingRoom: false; authentication: true; recording: { enabled: false; ... 6 more ...; recordSpeakerView: false; }; ... 5 more ...; security: { ...; }; }; ... 5 more ...; updatedAt: Date; }' but required in type 'MeetingTemplate'.
services/compliance/finserv-compliance/src/FinancialServicesComplianceService.ts(718,9): error TS2794: Expected 1 arguments, but got 0. Did you forget to include 'void' in your type argument to 'Promise'?
services/compliance/finserv-compliance/src/services/ComplianceMonitoringService.ts(494,5): error TS2322: Type 'boolean | undefined' is not assignable to type 'boolean'.
  Type 'undefined' is not assignable to type 'boolean'.
services/compliance/finserv-compliance/src/services/ComplianceMonitoringService.ts(728,12): error TS7053: Element implicitly has an 'any' type because expression of type 'string' can't be used to index type '{ CAT: string; OATS: string; BLUE_SHEETS: string; LARGE_TRADER: string; FORM_13F: string; SECTION_16: string; EMIR: string; MIFID_II: string; }'.
  No index signature with a parameter of type 'string' was found on type '{ CAT: string; OATS: string; BLUE_SHEETS: string; LARGE_TRADER: string; FORM_13F: string; SECTION_16: string; EMIR: string; MIFID_II: string; }'.
services/compliance/regulatory-validator/src/RegulatoryValidatorService.ts(22,11): error TS2564: Property 'ruleEngine' has no initializer and is not definitely assigned in the constructor.
services/compliance/regulatory-validator/src/RegulatoryValidatorService.ts(23,11): error TS2564: Property 'auditService' has no initializer and is not definitely assigned in the constructor.
services/compliance/regulatory-validator/src/RegulatoryValidatorService.ts(24,11): error TS2564: Property 'reportingService' has no initializer and is not definitely assigned in the constructor.
services/compliance/regulatory-validator/src/services/ComplianceReportingService.ts(337,11): error TS2352: Conversion of type '{ type: "bar"; title: string; data: { labels: string[]; datasets: { label: string; data: number[]; backgroundColor: string; }[]; }; }' to type 'ChartData' may be a mistake because neither type sufficiently overlaps with the other. If this was intentional, convert the expression to 'unknown' first.
  The types of 'data.datasets' are incompatible between these types.
    Type '{ label: string; data: number[]; backgroundColor: string; }[]' is not comparable to type '{ label: string; data: number[]; backgroundColor?: string[] | undefined; borderColor?: string[] | undefined; }[]'.
      Type '{ label: string; data: number[]; backgroundColor: string; }' is not comparable to type '{ label: string; data: number[]; backgroundColor?: string[] | undefined; borderColor?: string[] | undefined; }'.
        Types of property 'backgroundColor' are incompatible.
          Type 'string' is not comparable to type 'string[]'.
services/compliance/regulatory-validator/src/services/ComplianceReportingService.ts(510,11): error TS2352: Conversion of type '{ type: "line"; title: string; data: { labels: string[]; datasets: { label: string; data: number[]; borderColor: string; backgroundColor: string; }[]; }; }' to type 'ChartData' may be a mistake because neither type sufficiently overlaps with the other. If this was intentional, convert the expression to 'unknown' first.
  The types of 'data.datasets' are incompatible between these types.
    Type '{ label: string; data: number[]; borderColor: string; backgroundColor: string; }[]' is not comparable to type '{ label: string; data: number[]; backgroundColor?: string[] | undefined; borderColor?: string[] | undefined; }[]'.
      Type '{ label: string; data: number[]; borderColor: string; backgroundColor: string; }' is not comparable to type '{ label: string; data: number[]; backgroundColor?: string[] | undefined; borderColor?: string[] | undefined; }'.
        Types of property 'backgroundColor' are incompatible.
          Type 'string' is not comparable to type 'string[]'.
services/compliance/regulatory-validator/src/services/ComplianceReportingService.ts(523,11): error TS2352: Conversion of type '{ type: "bar"; title: string; data: { labels: string[]; datasets: { label: string; data: number[]; backgroundColor: string; }[]; }; }' to type 'ChartData' may be a mistake because neither type sufficiently overlaps with the other. If this was intentional, convert the expression to 'unknown' first.
  The types of 'data.datasets' are incompatible between these types.
    Type '{ label: string; data: number[]; backgroundColor: string; }[]' is not comparable to type '{ label: string; data: number[]; backgroundColor?: string[] | undefined; borderColor?: string[] | undefined; }[]'.
      Type '{ label: string; data: number[]; backgroundColor: string; }' is not comparable to type '{ label: string; data: number[]; backgroundColor?: string[] | undefined; borderColor?: string[] | undefined; }'.
        Types of property 'backgroundColor' are incompatible.
          Type 'string' is not comparable to type 'string[]'.
services/compliance/regulatory-validator/src/services/ComplianceReportingService.ts(611,82): error TS2571: Object is of type 'unknown'.
services/compliance/regulatory-validator/src/services/ComplianceReportingService.ts(611,89): error TS2571: Object is of type 'unknown'.
services/fixed-income-service/src/structured-products/StructuredProductsService.ts(283,57): error TS2345: Argument of type 'Omit<MortgageBackedSecurity, "active" | "id" | "riskMetrics" | "cashFlows">' is not assignable to parameter of type 'MortgageBackedSecurity'.
  Type 'Omit<MortgageBackedSecurity, "active" | "id" | "riskMetrics" | "cashFlows">' is missing the following properties from type 'MortgageBackedSecurity': id, cashFlows, riskMetrics, active
services/fixed-income-service/src/structured-products/StructuredProductsService.ts(286,62): error TS2345: Argument of type 'Omit<MortgageBackedSecurity, "active" | "id" | "riskMetrics" | "cashFlows">' is not assignable to parameter of type 'MortgageBackedSecurity'.
  Type 'Omit<MortgageBackedSecurity, "active" | "id" | "riskMetrics" | "cashFlows">' is missing the following properties from type 'MortgageBackedSecurity': id, cashFlows, riskMetrics, active
services/fixed-income-service/src/structured-products/StructuredProductsService.ts(329,57): error TS2345: Argument of type 'Omit<AssetBackedSecurity, "active" | "id" | "riskMetrics" | "cashFlows">' is not assignable to parameter of type 'AssetBackedSecurity'.
  Type 'Omit<AssetBackedSecurity, "active" | "id" | "riskMetrics" | "cashFlows">' is missing the following properties from type 'AssetBackedSecurity': id, cashFlows, riskMetrics, active
services/fixed-income-service/src/structured-products/StructuredProductsService.ts(332,62): error TS2345: Argument of type 'Omit<AssetBackedSecurity, "active" | "id" | "riskMetrics" | "cashFlows">' is not assignable to parameter of type 'AssetBackedSecurity'.
  Type 'Omit<AssetBackedSecurity, "active" | "id" | "riskMetrics" | "cashFlows">' is missing the following properties from type 'AssetBackedSecurity': id, cashFlows, riskMetrics, active
services/fixed-income-service/src/structured-products/StructuredProductsService.ts(375,53): error TS2345: Argument of type 'Omit<CallableBond, "active" | "id" | "cashFlows" | "yieldToCall" | "yieldToWorst" | "callRisk">' is not assignable to parameter of type 'CallableBond'.
  Type 'Omit<CallableBond, "active" | "id" | "cashFlows" | "yieldToCall" | "yieldToWorst" | "callRisk">' is missing the following properties from type 'CallableBond': id, yieldToCall, yieldToWorst, callRisk, and 2 more.
services/fixed-income-service/src/structured-products/StructuredProductsService.ts(379,66): error TS2345: Argument of type 'Omit<CallableBond, "active" | "id" | "cashFlows" | "yieldToCall" | "yieldToWorst" | "callRisk">' is not assignable to parameter of type 'CallableBond'.
  Type 'Omit<CallableBond, "active" | "id" | "cashFlows" | "yieldToCall" | "yieldToWorst" | "callRisk">' is missing the following properties from type 'CallableBond': id, yieldToCall, yieldToWorst, callRisk, and 2 more.
services/fixed-income-service/src/structured-products/StructuredProductsService.ts(382,53): error TS2345: Argument of type 'Omit<CallableBond, "active" | "id" | "cashFlows" | "yieldToCall" | "yieldToWorst" | "callRisk">' is not assignable to parameter of type 'CallableBond'.
  Type 'Omit<CallableBond, "active" | "id" | "cashFlows" | "yieldToCall" | "yieldToWorst" | "callRisk">' is missing the following properties from type 'CallableBond': id, yieldToCall, yieldToWorst, callRisk, and 2 more.
services/fixed-income-service/src/structured-products/StructuredProductsService.ts(881,12): error TS7053: Element implicitly has an 'any' type because expression of type 'string' can't be used to index type '{ gnma: number; fnma: number; fhlmc: number; private_label: number; auto_loans: number; credit_cards: number; student_loans: number; corporate: number; municipal: number; }'.
  No index signature with a parameter of type 'string' was found on type '{ gnma: number; fnma: number; fhlmc: number; private_label: number; auto_loans: number; credit_cards: number; student_loans: number; corporate: number; municipal: number; }'.
services/fixed-income-service/src/structured-products/StructuredProductsService.ts(975,12): error TS7053: Element implicitly has an 'any' type because expression of type 'string' can't be used to index type '{ corporate: number; municipal: number; government: number; agency: number; }'.
  No index signature with a parameter of type 'string' was found on type '{ corporate: number; municipal: number; government: number; agency: number; }'.
services/fixed-income-service/src/structured-products/StructuredProductsService.ts(1008,12): error TS7053: Element implicitly has an 'any' type because expression of type '"other" | "equipment" | "auto_loans" | "credit_cards" | "student_loans" | "receivables"' can't be used to index type '{ auto_loans: number; credit_cards: number; student_loans: number; equipment: number; receivables: number; }'.
  Property 'other' does not exist on type '{ auto_loans: number; credit_cards: number; student_loans: number; equipment: number; receivables: number; }'.
services/load-testing/src/index.ts(58,59): error TS7006: Parameter 't' implicitly has an 'any' type.
services/load-testing/src/index.ts(61,30): error TS7006: Parameter 't' implicitly has an 'any' type.
services/load-testing/src/index.ts(69,36): error TS7006: Parameter 'r' implicitly has an 'any' type.
services/load-testing/src/LoadTestingService.ts(43,11): error TS2564: Property 'executor' has no initializer and is not definitely assigned in the constructor.
services/load-testing/src/LoadTestingService.ts(44,11): error TS2564: Property 'capacityService' has no initializer and is not definitely assigned in the constructor.
services/load-testing/src/LoadTestingService.ts(45,11): error TS2564: Property 'redis' has no initializer and is not definitely assigned in the constructor.
services/load-testing/src/services/LoadTestExecutor.ts(143,20): error TS2488: Type '{ json: string; as: string; }[] | undefined' must have a '[Symbol.iterator]()' method that returns an iterator.
services/load-testing/src/services/LoadTestExecutor.ts(147,20): error TS2488: Type '{ regexp: string; as: string; }[] | undefined' must have a '[Symbol.iterator]()' method that returns an iterator.
services/market-data/src/middleware/auth.ts(24,7): error TS2717: Subsequent property declarations must have the same type.  Property 'user' must be of type '(JWTPayload & { sessionId?: string | undefined; }) | undefined', but here has type 'JWTPayload | undefined'.
services/market-data/src/middleware/auth.ts(52,5): error TS2322: Type 'JWTPayload' is not assignable to type 'JWTPayload & { sessionId?: string | undefined; }'.
  Property 'userId' is missing in type 'JWTPayload' but required in type 'import("C:/Users/Dalton/Desktop/VisualStudio/VSC/TAIGprojs/InvestmentPlatform/libs/types/src/auth").JWTPayload'.
services/market-data/src/middleware/auth.ts(92,26): error TS2339: Property 'sub' does not exist on type 'JWTPayload & { sessionId?: string | undefined; }'.
services/market-data/src/middleware/auth.ts(114,25): error TS2339: Property 'sub' does not exist on type 'JWTPayload & { sessionId?: string | undefined; }'.
services/market-data/src/middleware/errorHandler.ts(22,19): error TS2339: Property 'code' does not exist on type 'Error | CustomError | PrismaClientKnownRequestError'.
  Property 'code' does not exist on type 'Error'.
services/market-data/src/middleware/errorHandler.ts(26,55): error TS2339: Property 'meta' does not exist on type 'Error | CustomError | PrismaClientKnownRequestError'.
  Property 'meta' does not exist on type 'Error'.
services/market-data/src/middleware/errorHandler.ts(107,23): error TS2339: Property 'sub' does not exist on type 'JWTPayload & { sessionId?: string | undefined; }'.
services/market-data/src/routes/cash.ts(137,35): error TS2304: Cannot find name 'Decimal'.
services/market-data/src/routes/cash.ts(138,44): error TS2304: Cannot find name 'Decimal'.
services/market-data/src/routes/cash.ts(139,52): error TS2304: Cannot find name 'Decimal'.
services/market-data/src/routes/cash.ts(140,52): error TS2304: Cannot find name 'Decimal'.
services/market-data/src/routes/cash.ts(141,62): error TS2304: Cannot find name 'Decimal'.
services/market-data/src/routes/cash.ts(142,66): error TS2304: Cannot find name 'Decimal'.
services/market-data/src/routes/cash.ts(143,66): error TS2304: Cannot find name 'Decimal'.
services/market-data/src/routes/cash.ts(151,37): error TS2339: Property 'marketCap' does not exist on type '{ symbol: string; id: string; createdAt: Date; updatedAt: Date; name: string; tenantId: string; currency: string; isActive: boolean; exchange: string | null; securityType: string; }'.
services/market-data/src/routes/cash.ts(197,24): error TS2304: Cannot find name 'Decimal'.
services/market-data/src/routes/cash.ts(198,26): error TS2304: Cannot find name 'Decimal'.
services/market-data/src/routes/cash.ts(199,28): error TS2304: Cannot find name 'Decimal'.
services/market-data/src/routes/cash.ts(200,72): error TS2304: Cannot find name 'Decimal'.
services/market-data/src/routes/cash.ts(201,78): error TS2304: Cannot find name 'Decimal'.
services/market-data/src/routes/cash.ts(202,50): error TS2304: Cannot find name 'Decimal'.
services/market-data/src/routes/cash.ts(203,52): error TS2304: Cannot find name 'Decimal'.
services/market-data/src/routes/cash.ts(204,48): error TS2304: Cannot find name 'Decimal'.
services/market-data/src/routes/cash.ts(205,38): error TS2304: Cannot find name 'Decimal'.
services/market-data/src/routes/cash.ts(206,66): error TS2304: Cannot find name 'Decimal'.
services/market-data/src/routes/cash.ts(207,46): error TS2304: Cannot find name 'Decimal'.
services/market-data/src/routes/cash.ts(208,72): error TS2304: Cannot find name 'Decimal'.
services/market-data/src/routes/cash.ts(209,44): error TS2304: Cannot find name 'Decimal'.
services/market-data/src/routes/cash.ts(210,46): error TS2304: Cannot find name 'Decimal'.
services/market-data/src/routes/cash.ts(218,31): error TS2339: Property 'marketCap' does not exist on type '{ symbol: string; id: string; createdAt: Date; updatedAt: Date; name: string; tenantId: string; currency: string; isActive: boolean; exchange: string | null; securityType: string; }'.
services/market-data/src/routes/corporateActions.ts(165,11): error TS2322: Type '{ security: { select: { symbol: true; name: true; exchange: true; }; }; }' is not assignable to type 'never'.
services/market-data/src/routes/corporateActions.ts(181,23): error TS2339: Property 'value' does not exist on type '{ security: never; } & { id: string; createdAt: Date; updatedAt: Date; description: string; tenantId: string; securityId: string; actionType: string; exDate: Date; payableDate: Date; }'.
services/market-data/src/routes/equities.ts(144,46): error TS2304: Cannot find name 'Decimal'.
services/market-data/src/routes/equities.ts(145,62): error TS2304: Cannot find name 'Decimal'.
services/market-data/src/routes/equities.ts(146,54): error TS2304: Cannot find name 'Decimal'.
services/market-data/src/routes/equities.ts(147,42): error TS2304: Cannot find name 'Decimal'.
services/market-data/src/routes/equities.ts(148,42): error TS2304: Cannot find name 'Decimal'.
services/market-data/src/routes/equities.ts(149,36): error TS2304: Cannot find name 'Decimal'.
services/market-data/src/routes/equities.ts(157,29): error TS2339: Property 'marketCap' does not exist on type '{ symbol: string; id: string; createdAt: Date; updatedAt: Date; name: string; tenantId: string; currency: string; isActive: boolean; exchange: string | null; securityType: string; }'.
services/market-data/src/routes/equities.ts(195,28): error TS2304: Cannot find name 'Decimal'.
services/market-data/src/routes/equities.ts(196,24): error TS2304: Cannot find name 'Decimal'.
services/market-data/src/routes/equities.ts(197,46): error TS2304: Cannot find name 'Decimal'.
services/market-data/src/routes/equities.ts(198,58): error TS2304: Cannot find name 'Decimal'.
services/market-data/src/routes/equities.ts(199,46): error TS2304: Cannot find name 'Decimal'.
services/market-data/src/routes/equities.ts(207,29): error TS2339: Property 'marketCap' does not exist on type '{ symbol: string; id: string; createdAt: Date; updatedAt: Date; name: string; tenantId: string; currency: string; isActive: boolean; exchange: string | null; securityType: string; }'.
services/market-data/src/routes/equities.ts(243,46): error TS2304: Cannot find name 'Decimal'.
services/market-data/src/routes/equities.ts(251,29): error TS2339: Property 'marketCap' does not exist on type '{ symbol: string; id: string; createdAt: Date; updatedAt: Date; name: string; tenantId: string; currency: string; isActive: boolean; exchange: string | null; securityType: string; }'.
services/market-data/src/routes/funds.ts(134,29): error TS2304: Cannot find name 'Decimal'.
services/market-data/src/routes/funds.ts(135,28): error TS2304: Cannot find name 'Decimal'.
services/market-data/src/routes/funds.ts(136,19): error TS2304: Cannot find name 'Decimal'.
services/market-data/src/routes/funds.ts(137,54): error TS2304: Cannot find name 'Decimal'.
services/market-data/src/routes/funds.ts(138,64): error TS2304: Cannot find name 'Decimal'.
services/market-data/src/routes/funds.ts(139,36): error TS2304: Cannot find name 'Decimal'.
services/market-data/src/routes/funds.ts(140,62): error TS2304: Cannot find name 'Decimal'.
services/market-data/src/routes/funds.ts(148,26): error TS2339: Property 'marketCap' does not exist on type '{ symbol: string; id: string; createdAt: Date; updatedAt: Date; name: string; tenantId: string; currency: string; isActive: boolean; exchange: string | null; securityType: string; }'.
services/market-data/src/routes/funds.ts(193,29): error TS2304: Cannot find name 'Decimal'.
services/market-data/src/routes/funds.ts(194,28): error TS2304: Cannot find name 'Decimal'.
services/market-data/src/routes/funds.ts(195,19): error TS2304: Cannot find name 'Decimal'.
services/market-data/src/routes/funds.ts(196,33): error TS2304: Cannot find name 'Decimal'.
services/market-data/src/routes/funds.ts(197,52): error TS2304: Cannot find name 'Decimal'.
services/market-data/src/routes/funds.ts(198,50): error TS2304: Cannot find name 'Decimal'.
services/market-data/src/routes/funds.ts(199,54): error TS2304: Cannot find name 'Decimal'.
services/market-data/src/routes/funds.ts(200,62): error TS2304: Cannot find name 'Decimal'.
services/market-data/src/routes/funds.ts(201,54): error TS2304: Cannot find name 'Decimal'.
services/market-data/src/routes/funds.ts(202,36): error TS2304: Cannot find name 'Decimal'.
services/market-data/src/routes/funds.ts(203,62): error TS2304: Cannot find name 'Decimal'.
services/market-data/src/routes/funds.ts(211,27): error TS2339: Property 'marketCap' does not exist on type '{ symbol: string; id: string; createdAt: Date; updatedAt: Date; name: string; tenantId: string; currency: string; isActive: boolean; exchange: string | null; securityType: string; }'.
services/market-data/src/routes/reits.ts(138,25): error TS2304: Cannot find name 'Decimal'.
services/market-data/src/routes/reits.ts(139,54): error TS2304: Cannot find name 'Decimal'.
services/market-data/src/routes/reits.ts(140,66): error TS2304: Cannot find name 'Decimal'.
services/market-data/src/routes/reits.ts(141,50): error TS2304: Cannot find name 'Decimal'.
services/market-data/src/routes/reits.ts(142,54): error TS2304: Cannot find name 'Decimal'.
services/market-data/src/routes/reits.ts(143,48): error TS2304: Cannot find name 'Decimal'.
services/market-data/src/routes/reits.ts(144,62): error TS2304: Cannot find name 'Decimal'.
services/market-data/src/routes/reits.ts(145,54): error TS2304: Cannot find name 'Decimal'.
services/market-data/src/routes/reits.ts(146,64): error TS2304: Cannot find name 'Decimal'.
services/market-data/src/routes/reits.ts(147,54): error TS2304: Cannot find name 'Decimal'.
services/market-data/src/routes/reits.ts(148,54): error TS2304: Cannot find name 'Decimal'.
services/market-data/src/routes/reits.ts(149,54): error TS2304: Cannot find name 'Decimal'.
services/market-data/src/routes/reits.ts(150,36): error TS2304: Cannot find name 'Decimal'.
services/market-data/src/routes/reits.ts(151,62): error TS2304: Cannot find name 'Decimal'.
services/market-data/src/routes/reits.ts(159,27): error TS2339: Property 'marketCap' does not exist on type '{ symbol: string; id: string; createdAt: Date; updatedAt: Date; name: string; tenantId: string; currency: string; isActive: boolean; exchange: string | null; securityType: string; }'.
services/market-data/src/routes/reits.ts(205,25): error TS2304: Cannot find name 'Decimal'.
services/market-data/src/routes/reits.ts(206,62): error TS2304: Cannot find name 'Decimal'.
services/market-data/src/routes/reits.ts(207,68): error TS2304: Cannot find name 'Decimal'.
services/market-data/src/routes/reits.ts(208,72): error TS2304: Cannot find name 'Decimal'.
services/market-data/src/routes/reits.ts(209,70): error TS2304: Cannot find name 'Decimal'.
services/market-data/src/routes/reits.ts(210,40): error TS2304: Cannot find name 'Decimal'.
services/market-data/src/routes/reits.ts(211,52): error TS2304: Cannot find name 'Decimal'.
services/market-data/src/routes/reits.ts(212,74): error TS2304: Cannot find name 'Decimal'.
services/market-data/src/routes/reits.ts(213,54): error TS2304: Cannot find name 'Decimal'.
services/market-data/src/routes/reits.ts(214,58): error TS2304: Cannot find name 'Decimal'.
services/market-data/src/routes/reits.ts(215,64): error TS2304: Cannot find name 'Decimal'.
services/market-data/src/routes/reits.ts(216,54): error TS2304: Cannot find name 'Decimal'.
services/market-data/src/routes/reits.ts(217,58): error TS2304: Cannot find name 'Decimal'.
services/market-data/src/routes/reits.ts(218,54): error TS2304: Cannot find name 'Decimal'.
services/market-data/src/routes/reits.ts(219,54): error TS2304: Cannot find name 'Decimal'.
services/market-data/src/routes/reits.ts(220,54): error TS2304: Cannot find name 'Decimal'.
services/market-data/src/routes/reits.ts(221,36): error TS2304: Cannot find name 'Decimal'.
services/market-data/src/routes/reits.ts(222,62): error TS2304: Cannot find name 'Decimal'.
services/market-data/src/routes/reits.ts(230,26): error TS2339: Property 'marketCap' does not exist on type '{ symbol: string; id: string; createdAt: Date; updatedAt: Date; name: string; tenantId: string; currency: string; isActive: boolean; exchange: string | null; securityType: string; }'.
services/market-data/src/routes/securities.ts(71,9): error TS2322: Type '{ symbol: any; }' is not assignable to type 'SecurityWhereUniqueInput'.
  Type '{ symbol: any; }' is not assignable to type '{ id: string | SecurityTenantIdSymbolCompoundUniqueInput; tenantId_symbol: string | SecurityTenantIdSymbolCompoundUniqueInput; } & { ...; }'.
    Type '{ symbol: any; }' is missing the following properties from type '{ id: string | SecurityTenantIdSymbolCompoundUniqueInput; tenantId_symbol: string | SecurityTenantIdSymbolCompoundUniqueInput; }': id, tenantId_symbol
services/market-data/src/routes/securities.ts(84,31): error TS2339: Property 'marketCap' does not exist on type '{ symbol: string; id: string; createdAt: Date; updatedAt: Date; name: string; tenantId: string; currency: string; isActive: boolean; exchange: string | null; securityType: string; }'.
services/market-data/src/routes/securities.ts(188,29): error TS2339: Property 'marketCap' does not exist on type '{ symbol: string; id: string; createdAt: Date; updatedAt: Date; name: string; tenantId: string; currency: string; isActive: boolean; exchange: string | null; securityType: string; }'.
services/market-data/src/seeders/cashSeeder.ts(22,20): error TS2304: Cannot find name 'Decimal'.
services/market-data/src/seeders/cashSeeder.ts(23,22): error TS2304: Cannot find name 'Decimal'.
services/market-data/src/seeders/cashSeeder.ts(24,24): error TS2304: Cannot find name 'Decimal'.
services/market-data/src/seeders/cashSeeder.ts(26,23): error TS2304: Cannot find name 'Decimal'.
services/market-data/src/seeders/cashSeeder.ts(27,24): error TS2304: Cannot find name 'Decimal'.
services/market-data/src/seeders/cashSeeder.ts(28,17): error TS2304: Cannot find name 'Decimal'.
services/market-data/src/seeders/cashSeeder.ts(44,20): error TS2304: Cannot find name 'Decimal'.
services/market-data/src/seeders/cashSeeder.ts(45,22): error TS2304: Cannot find name 'Decimal'.
services/market-data/src/seeders/cashSeeder.ts(46,24): error TS2304: Cannot find name 'Decimal'.
services/market-data/src/seeders/cashSeeder.ts(48,23): error TS2304: Cannot find name 'Decimal'.
services/market-data/src/seeders/cashSeeder.ts(49,24): error TS2304: Cannot find name 'Decimal'.
services/market-data/src/seeders/cashSeeder.ts(50,17): error TS2304: Cannot find name 'Decimal'.
services/market-data/src/seeders/cashSeeder.ts(66,20): error TS2304: Cannot find name 'Decimal'.
services/market-data/src/seeders/cashSeeder.ts(67,22): error TS2304: Cannot find name 'Decimal'.
services/market-data/src/seeders/cashSeeder.ts(68,24): error TS2304: Cannot find name 'Decimal'.
services/market-data/src/seeders/cashSeeder.ts(70,23): error TS2304: Cannot find name 'Decimal'.
services/market-data/src/seeders/cashSeeder.ts(71,24): error TS2304: Cannot find name 'Decimal'.
services/market-data/src/seeders/cashSeeder.ts(72,17): error TS2304: Cannot find name 'Decimal'.
services/market-data/src/seeders/cashSeeder.ts(88,20): error TS2304: Cannot find name 'Decimal'.
services/market-data/src/seeders/cashSeeder.ts(89,22): error TS2304: Cannot find name 'Decimal'.
services/market-data/src/seeders/cashSeeder.ts(90,24): error TS2304: Cannot find name 'Decimal'.
services/market-data/src/seeders/cashSeeder.ts(92,23): error TS2304: Cannot find name 'Decimal'.
services/market-data/src/seeders/cashSeeder.ts(93,24): error TS2304: Cannot find name 'Decimal'.
services/market-data/src/seeders/cashSeeder.ts(94,17): error TS2304: Cannot find name 'Decimal'.
services/market-data/src/seeders/cashSeeder.ts(114,20): error TS2304: Cannot find name 'Decimal'.
services/market-data/src/seeders/cashSeeder.ts(115,22): error TS2304: Cannot find name 'Decimal'.
services/market-data/src/seeders/cashSeeder.ts(116,24): error TS2304: Cannot find name 'Decimal'.
services/market-data/src/seeders/cashSeeder.ts(118,23): error TS2304: Cannot find name 'Decimal'.
services/market-data/src/seeders/cashSeeder.ts(119,22): error TS2304: Cannot find name 'Decimal'.
services/market-data/src/seeders/cashSeeder.ts(120,17): error TS2304: Cannot find name 'Decimal'.
services/market-data/src/seeders/cashSeeder.ts(121,21): error TS2304: Cannot find name 'Decimal'.
services/market-data/src/seeders/cashSeeder.ts(122,31): error TS2304: Cannot find name 'Decimal'.
services/market-data/src/seeders/cashSeeder.ts(123,34): error TS2304: Cannot find name 'Decimal'.
services/market-data/src/seeders/cashSeeder.ts(125,20): error TS2304: Cannot find name 'Decimal'.
services/market-data/src/seeders/cashSeeder.ts(126,21): error TS2304: Cannot find name 'Decimal'.
services/market-data/src/seeders/cashSeeder.ts(149,31): error TS2304: Cannot find name 'Decimal'.
services/market-data/src/seeders/cashSeeder.ts(150,20): error TS2304: Cannot find name 'Decimal'.
services/market-data/src/seeders/cashSeeder.ts(151,24): error TS2304: Cannot find name 'Decimal'.
services/market-data/src/seeders/cashSeeder.ts(152,24): error TS2304: Cannot find name 'Decimal'.
services/market-data/src/seeders/cashSeeder.ts(153,29): error TS2304: Cannot find name 'Decimal'.
services/market-data/src/seeders/cashSeeder.ts(154,31): error TS2304: Cannot find name 'Decimal'.
services/market-data/src/seeders/cashSeeder.ts(155,31): error TS2304: Cannot find name 'Decimal'.
services/market-data/src/seeders/cashSeeder.ts(178,31): error TS2304: Cannot find name 'Decimal'.
services/market-data/src/seeders/cashSeeder.ts(179,20): error TS2304: Cannot find name 'Decimal'.
services/market-data/src/seeders/cashSeeder.ts(180,24): error TS2304: Cannot find name 'Decimal'.
services/market-data/src/seeders/cashSeeder.ts(181,31): error TS2304: Cannot find name 'Decimal'.
services/market-data/src/seeders/cashSeeder.ts(204,31): error TS2304: Cannot find name 'Decimal'.
services/market-data/src/seeders/cashSeeder.ts(205,20): error TS2304: Cannot find name 'Decimal'.
services/market-data/src/seeders/cashSeeder.ts(206,24): error TS2304: Cannot find name 'Decimal'.
services/market-data/src/seeders/cashSeeder.ts(207,24): error TS2304: Cannot find name 'Decimal'.
services/market-data/src/seeders/cashSeeder.ts(208,29): error TS2304: Cannot find name 'Decimal'.
services/market-data/src/seeders/cashSeeder.ts(209,31): error TS2304: Cannot find name 'Decimal'.
services/market-data/src/seeders/cashSeeder.ts(229,31): error TS2304: Cannot find name 'Decimal'.
services/market-data/src/seeders/cashSeeder.ts(230,24): error TS2304: Cannot find name 'Decimal'.
services/market-data/src/seeders/cashSeeder.ts(231,31): error TS2304: Cannot find name 'Decimal'.
services/market-data/src/seeders/cashSeeder.ts(252,31): error TS2304: Cannot find name 'Decimal'.
services/market-data/src/seeders/cashSeeder.ts(253,20): error TS2304: Cannot find name 'Decimal'.
services/market-data/src/seeders/cashSeeder.ts(254,24): error TS2304: Cannot find name 'Decimal'.
services/market-data/src/seeders/cashSeeder.ts(255,31): error TS2304: Cannot find name 'Decimal'.
services/market-data/src/seeders/cashSeeder.ts(297,16): error TS2353: Object literal may only specify known properties, and 'assetClass' does not exist in type 'SecurityWhereInput'.
services/market-data/src/seeders/cashSeeder.ts(301,16): error TS2353: Object literal may only specify known properties, and 'assetClass' does not exist in type 'SecurityWhereInput'.
services/market-data/src/seeders/cashSeeder.ts(307,9): error TS2353: Object literal may only specify known properties, and 'assetClass' does not exist in type 'SecurityWhereInput'.
services/market-data/src/seeders/cashSeeder.ts(316,9): error TS2353: Object literal may only specify known properties, and 'assetClass' does not exist in type 'SecurityWhereInput'.
services/market-data/src/seeders/cashSeeder.ts(328,16): error TS18048: 'type._count' is possibly 'undefined'.
services/market-data/src/seeders/cashSeeder.ts(328,28): error TS2339: Property 'securityType' does not exist on type 'true | { id?: number | undefined; tenantId?: number | undefined; symbol?: number | undefined; name?: number | undefined; securityType?: number | undefined; exchange?: number | undefined; ... 4 more ...; _all?: number | undefined; }'.
  Property 'securityType' does not exist on type 'true'.
services/market-data/src/seeders/cashSeeder.ts(332,16): error TS18048: 'type._count' is possibly 'undefined'.
services/market-data/src/seeders/cashSeeder.ts(332,28): error TS2339: Property 'securityType' does not exist on type 'true | { id?: number | undefined; tenantId?: number | undefined; symbol?: number | undefined; name?: number | undefined; securityType?: number | undefined; exchange?: number | undefined; ... 4 more ...; _all?: number | undefined; }'.
  Property 'securityType' does not exist on type 'true'.
services/market-data/src/seeders/equitiesSeeder.ts(22,21): error TS2304: Cannot find name 'Decimal'.
services/market-data/src/seeders/equitiesSeeder.ts(23,29): error TS2304: Cannot find name 'Decimal'.
services/market-data/src/seeders/equitiesSeeder.ts(24,25): error TS2304: Cannot find name 'Decimal'.
services/market-data/src/seeders/equitiesSeeder.ts(25,19): error TS2304: Cannot find name 'Decimal'.
services/market-data/src/seeders/equitiesSeeder.ts(26,19): error TS2304: Cannot find name 'Decimal'.
services/market-data/src/seeders/equitiesSeeder.ts(27,16): error TS2304: Cannot find name 'Decimal'.
services/market-data/src/seeders/equitiesSeeder.ts(42,21): error TS2304: Cannot find name 'Decimal'.
services/market-data/src/seeders/equitiesSeeder.ts(43,29): error TS2304: Cannot find name 'Decimal'.
services/market-data/src/seeders/equitiesSeeder.ts(44,25): error TS2304: Cannot find name 'Decimal'.
services/market-data/src/seeders/equitiesSeeder.ts(45,19): error TS2304: Cannot find name 'Decimal'.
services/market-data/src/seeders/equitiesSeeder.ts(46,19): error TS2304: Cannot find name 'Decimal'.
services/market-data/src/seeders/equitiesSeeder.ts(47,16): error TS2304: Cannot find name 'Decimal'.
services/market-data/src/seeders/equitiesSeeder.ts(62,21): error TS2304: Cannot find name 'Decimal'.
services/market-data/src/seeders/equitiesSeeder.ts(63,29): error TS2304: Cannot find name 'Decimal'.
services/market-data/src/seeders/equitiesSeeder.ts(64,19): error TS2304: Cannot find name 'Decimal'.
services/market-data/src/seeders/equitiesSeeder.ts(65,19): error TS2304: Cannot find name 'Decimal'.
services/market-data/src/seeders/equitiesSeeder.ts(66,16): error TS2304: Cannot find name 'Decimal'.
services/market-data/src/seeders/equitiesSeeder.ts(81,21): error TS2304: Cannot find name 'Decimal'.
services/market-data/src/seeders/equitiesSeeder.ts(82,29): error TS2304: Cannot find name 'Decimal'.
services/market-data/src/seeders/equitiesSeeder.ts(83,25): error TS2304: Cannot find name 'Decimal'.
services/market-data/src/seeders/equitiesSeeder.ts(84,19): error TS2304: Cannot find name 'Decimal'.
services/market-data/src/seeders/equitiesSeeder.ts(85,19): error TS2304: Cannot find name 'Decimal'.
services/market-data/src/seeders/equitiesSeeder.ts(86,16): error TS2304: Cannot find name 'Decimal'.
services/market-data/src/seeders/equitiesSeeder.ts(101,21): error TS2304: Cannot find name 'Decimal'.
services/market-data/src/seeders/equitiesSeeder.ts(102,29): error TS2304: Cannot find name 'Decimal'.
services/market-data/src/seeders/equitiesSeeder.ts(103,25): error TS2304: Cannot find name 'Decimal'.
services/market-data/src/seeders/equitiesSeeder.ts(104,19): error TS2304: Cannot find name 'Decimal'.
services/market-data/src/seeders/equitiesSeeder.ts(105,19): error TS2304: Cannot find name 'Decimal'.
services/market-data/src/seeders/equitiesSeeder.ts(106,16): error TS2304: Cannot find name 'Decimal'.
services/market-data/src/seeders/equitiesSeeder.ts(123,24): error TS2304: Cannot find name 'Decimal'.
services/market-data/src/seeders/equitiesSeeder.ts(124,20): error TS2304: Cannot find name 'Decimal'.
services/market-data/src/seeders/equitiesSeeder.ts(127,21): error TS2304: Cannot find name 'Decimal'.
services/market-data/src/seeders/equitiesSeeder.ts(130,21): error TS2304: Cannot find name 'Decimal'.
services/market-data/src/seeders/equitiesSeeder.ts(142,24): error TS2304: Cannot find name 'Decimal'.
services/market-data/src/seeders/equitiesSeeder.ts(143,20): error TS2304: Cannot find name 'Decimal'.
services/market-data/src/seeders/equitiesSeeder.ts(146,21): error TS2304: Cannot find name 'Decimal'.
services/market-data/src/seeders/equitiesSeeder.ts(149,21): error TS2304: Cannot find name 'Decimal'.
services/market-data/src/seeders/equitiesSeeder.ts(174,21): error TS2304: Cannot find name 'Decimal'.
services/market-data/src/seeders/equitiesSeeder.ts(175,29): error TS2304: Cannot find name 'Decimal'.
services/market-data/src/seeders/equitiesSeeder.ts(176,25): error TS2304: Cannot find name 'Decimal'.
services/market-data/src/seeders/equitiesSeeder.ts(177,19): error TS2304: Cannot find name 'Decimal'.
services/market-data/src/seeders/equitiesSeeder.ts(178,19): error TS2304: Cannot find name 'Decimal'.
services/market-data/src/seeders/equitiesSeeder.ts(179,16): error TS2304: Cannot find name 'Decimal'.
services/market-data/src/seeders/equitiesSeeder.ts(201,21): error TS2304: Cannot find name 'Decimal'.
services/market-data/src/seeders/equitiesSeeder.ts(202,29): error TS2304: Cannot find name 'Decimal'.
services/market-data/src/seeders/equitiesSeeder.ts(203,25): error TS2304: Cannot find name 'Decimal'.
services/market-data/src/seeders/equitiesSeeder.ts(204,19): error TS2304: Cannot find name 'Decimal'.
services/market-data/src/seeders/equitiesSeeder.ts(205,19): error TS2304: Cannot find name 'Decimal'.
services/market-data/src/seeders/equitiesSeeder.ts(206,16): error TS2304: Cannot find name 'Decimal'.
services/market-data/src/seeders/equitiesSeeder.ts(228,21): error TS2304: Cannot find name 'Decimal'.
services/market-data/src/seeders/equitiesSeeder.ts(229,29): error TS2304: Cannot find name 'Decimal'.
services/market-data/src/seeders/equitiesSeeder.ts(230,25): error TS2304: Cannot find name 'Decimal'.
services/market-data/src/seeders/equitiesSeeder.ts(231,19): error TS2304: Cannot find name 'Decimal'.
services/market-data/src/seeders/equitiesSeeder.ts(232,19): error TS2304: Cannot find name 'Decimal'.
services/market-data/src/seeders/equitiesSeeder.ts(233,16): error TS2304: Cannot find name 'Decimal'.
services/market-data/src/seeders/equitiesSeeder.ts(268,16): error TS2353: Object literal may only specify known properties, and 'assetClass' does not exist in type 'SecurityWhereInput'.
services/market-data/src/seeders/equitiesSeeder.ts(273,16): error TS2353: Object literal may only specify known properties, and 'assetClass' does not exist in type 'SecurityWhereInput'.
services/market-data/src/seeders/equitiesSeeder.ts(281,16): error TS18048: 'type._count' is possibly 'undefined'.
services/market-data/src/seeders/equitiesSeeder.ts(281,28): error TS2339: Property 'securityType' does not exist on type 'true | { id?: number | undefined; tenantId?: number | undefined; symbol?: number | undefined; name?: number | undefined; securityType?: number | undefined; exchange?: number | undefined; ... 4 more ...; _all?: number | undefined; }'.
  Property 'securityType' does not exist on type 'true'.
services/market-data/src/seeders/fundsSeeder.ts(23,25): error TS2304: Cannot find name 'Decimal'.
services/market-data/src/seeders/fundsSeeder.ts(24,24): error TS2304: Cannot find name 'Decimal'.
services/market-data/src/seeders/fundsSeeder.ts(26,15): error TS2304: Cannot find name 'Decimal'.
services/market-data/src/seeders/fundsSeeder.ts(27,25): error TS2304: Cannot find name 'Decimal'.
services/market-data/src/seeders/fundsSeeder.ts(32,30): error TS2304: Cannot find name 'Decimal'.
services/market-data/src/seeders/fundsSeeder.ts(37,16): error TS2304: Cannot find name 'Decimal'.
services/market-data/src/seeders/fundsSeeder.ts(38,29): error TS2304: Cannot find name 'Decimal'.
services/market-data/src/seeders/fundsSeeder.ts(52,25): error TS2304: Cannot find name 'Decimal'.
services/market-data/src/seeders/fundsSeeder.ts(53,24): error TS2304: Cannot find name 'Decimal'.
services/market-data/src/seeders/fundsSeeder.ts(55,15): error TS2304: Cannot find name 'Decimal'.
services/market-data/src/seeders/fundsSeeder.ts(56,25): error TS2304: Cannot find name 'Decimal'.
services/market-data/src/seeders/fundsSeeder.ts(61,30): error TS2304: Cannot find name 'Decimal'.
services/market-data/src/seeders/fundsSeeder.ts(66,16): error TS2304: Cannot find name 'Decimal'.
services/market-data/src/seeders/fundsSeeder.ts(67,29): error TS2304: Cannot find name 'Decimal'.
services/market-data/src/seeders/fundsSeeder.ts(81,25): error TS2304: Cannot find name 'Decimal'.
services/market-data/src/seeders/fundsSeeder.ts(82,24): error TS2304: Cannot find name 'Decimal'.
services/market-data/src/seeders/fundsSeeder.ts(84,15): error TS2304: Cannot find name 'Decimal'.
services/market-data/src/seeders/fundsSeeder.ts(85,25): error TS2304: Cannot find name 'Decimal'.
services/market-data/src/seeders/fundsSeeder.ts(90,30): error TS2304: Cannot find name 'Decimal'.
services/market-data/src/seeders/fundsSeeder.ts(95,16): error TS2304: Cannot find name 'Decimal'.
services/market-data/src/seeders/fundsSeeder.ts(96,29): error TS2304: Cannot find name 'Decimal'.
services/market-data/src/seeders/fundsSeeder.ts(110,25): error TS2304: Cannot find name 'Decimal'.
services/market-data/src/seeders/fundsSeeder.ts(111,24): error TS2304: Cannot find name 'Decimal'.
services/market-data/src/seeders/fundsSeeder.ts(113,15): error TS2304: Cannot find name 'Decimal'.
services/market-data/src/seeders/fundsSeeder.ts(114,25): error TS2304: Cannot find name 'Decimal'.
services/market-data/src/seeders/fundsSeeder.ts(119,30): error TS2304: Cannot find name 'Decimal'.
services/market-data/src/seeders/fundsSeeder.ts(122,29): error TS2304: Cannot find name 'Decimal'.
services/market-data/src/seeders/fundsSeeder.ts(136,25): error TS2304: Cannot find name 'Decimal'.
services/market-data/src/seeders/fundsSeeder.ts(137,24): error TS2304: Cannot find name 'Decimal'.
services/market-data/src/seeders/fundsSeeder.ts(139,15): error TS2304: Cannot find name 'Decimal'.
services/market-data/src/seeders/fundsSeeder.ts(142,30): error TS2304: Cannot find name 'Decimal'.
services/market-data/src/seeders/fundsSeeder.ts(145,29): error TS2304: Cannot find name 'Decimal'.
services/market-data/src/seeders/fundsSeeder.ts(162,25): error TS2304: Cannot find name 'Decimal'.
services/market-data/src/seeders/fundsSeeder.ts(163,24): error TS2304: Cannot find name 'Decimal'.
services/market-data/src/seeders/fundsSeeder.ts(164,15): error TS2304: Cannot find name 'Decimal'.
services/market-data/src/seeders/fundsSeeder.ts(165,25): error TS2304: Cannot find name 'Decimal'.
services/market-data/src/seeders/fundsSeeder.ts(171,29): error TS2304: Cannot find name 'Decimal'.
services/market-data/src/seeders/fundsSeeder.ts(178,16): error TS2304: Cannot find name 'Decimal'.
services/market-data/src/seeders/fundsSeeder.ts(179,29): error TS2304: Cannot find name 'Decimal'.
services/market-data/src/seeders/fundsSeeder.ts(194,25): error TS2304: Cannot find name 'Decimal'.
services/market-data/src/seeders/fundsSeeder.ts(195,24): error TS2304: Cannot find name 'Decimal'.
services/market-data/src/seeders/fundsSeeder.ts(196,15): error TS2304: Cannot find name 'Decimal'.
services/market-data/src/seeders/fundsSeeder.ts(197,25): error TS2304: Cannot find name 'Decimal'.
services/market-data/src/seeders/fundsSeeder.ts(203,29): error TS2304: Cannot find name 'Decimal'.
services/market-data/src/seeders/fundsSeeder.ts(204,29): error TS2304: Cannot find name 'Decimal'.
services/market-data/src/seeders/fundsSeeder.ts(211,16): error TS2304: Cannot find name 'Decimal'.
services/market-data/src/seeders/fundsSeeder.ts(212,29): error TS2304: Cannot find name 'Decimal'.
services/market-data/src/seeders/fundsSeeder.ts(227,25): error TS2304: Cannot find name 'Decimal'.
services/market-data/src/seeders/fundsSeeder.ts(228,24): error TS2304: Cannot find name 'Decimal'.
services/market-data/src/seeders/fundsSeeder.ts(229,15): error TS2304: Cannot find name 'Decimal'.
services/market-data/src/seeders/fundsSeeder.ts(230,25): error TS2304: Cannot find name 'Decimal'.
services/market-data/src/seeders/fundsSeeder.ts(237,29): error TS2304: Cannot find name 'Decimal'.
services/market-data/src/seeders/fundsSeeder.ts(238,29): error TS2304: Cannot find name 'Decimal'.
services/market-data/src/seeders/fundsSeeder.ts(243,16): error TS2304: Cannot find name 'Decimal'.
services/market-data/src/seeders/fundsSeeder.ts(244,29): error TS2304: Cannot find name 'Decimal'.
services/market-data/src/seeders/fundsSeeder.ts(259,25): error TS2304: Cannot find name 'Decimal'.
services/market-data/src/seeders/fundsSeeder.ts(260,24): error TS2304: Cannot find name 'Decimal'.
services/market-data/src/seeders/fundsSeeder.ts(261,15): error TS2304: Cannot find name 'Decimal'.
services/market-data/src/seeders/fundsSeeder.ts(262,25): error TS2304: Cannot find name 'Decimal'.
services/market-data/src/seeders/fundsSeeder.ts(268,29): error TS2304: Cannot find name 'Decimal'.
services/market-data/src/seeders/fundsSeeder.ts(275,16): error TS2304: Cannot find name 'Decimal'.
services/market-data/src/seeders/fundsSeeder.ts(276,29): error TS2304: Cannot find name 'Decimal'.
services/market-data/src/seeders/fundsSeeder.ts(291,25): error TS2304: Cannot find name 'Decimal'.
services/market-data/src/seeders/fundsSeeder.ts(292,24): error TS2304: Cannot find name 'Decimal'.
services/market-data/src/seeders/fundsSeeder.ts(293,15): error TS2304: Cannot find name 'Decimal'.
services/market-data/src/seeders/fundsSeeder.ts(294,25): error TS2304: Cannot find name 'Decimal'.
services/market-data/src/seeders/fundsSeeder.ts(300,29): error TS2304: Cannot find name 'Decimal'.
services/market-data/src/seeders/fundsSeeder.ts(301,29): error TS2304: Cannot find name 'Decimal'.
services/market-data/src/seeders/fundsSeeder.ts(306,16): error TS2304: Cannot find name 'Decimal'.
services/market-data/src/seeders/fundsSeeder.ts(307,29): error TS2304: Cannot find name 'Decimal'.
services/market-data/src/seeders/fundsSeeder.ts(335,16): error TS2353: Object literal may only specify known properties, and 'assetClass' does not exist in type 'SecurityWhereInput'.
services/market-data/src/seeders/fundsSeeder.ts(339,16): error TS2353: Object literal may only specify known properties, and 'assetClass' does not exist in type 'SecurityWhereInput'.
services/market-data/src/seeders/fundsSeeder.ts(343,7): error TS2322: Type '"assetClass"[]' is not assignable to type 'SecurityScalarFieldEnum | SecurityScalarFieldEnum[]'.
  Type '"assetClass"[]' is not assignable to type 'SecurityScalarFieldEnum[]'.
    Type '"assetClass"' is not assignable to type 'SecurityScalarFieldEnum'.
services/market-data/src/seeders/fundsSeeder.ts(345,9): error TS2353: Object literal may only specify known properties, and 'assetClass' does not exist in type 'SecurityWhereInput'.
services/market-data/src/seeders/fundsSeeder.ts(348,17): error TS2353: Object literal may only specify known properties, and 'assetClass' does not exist in type 'SecurityCountAggregateInputType'.
services/market-data/src/seeders/fundsSeeder.ts(356,20): error TS2339: Property 'assetClass' does not exist on type 'PickEnumerable<SecurityGroupByOutputType, SecurityScalarFieldEnum | SecurityScalarFieldEnum[]> & { ...; }'.
services/market-data/src/seeders/fundsSeeder.ts(357,16): error TS18048: 'type._count' is possibly 'undefined'.
services/market-data/src/seeders/fundsSeeder.ts(357,28): error TS2339: Property 'assetClass' does not exist on type 'true | { id?: number | undefined; tenantId?: number | undefined; symbol?: number | undefined; name?: number | undefined; securityType?: number | undefined; exchange?: number | undefined; ... 4 more ...; _all?: number | undefined; }'.
  Property 'assetClass' does not exist on type 'true'.
services/market-data/src/seeders/reitsSeeder.ts(22,21): error TS2304: Cannot find name 'Decimal'.
services/market-data/src/seeders/reitsSeeder.ts(23,25): error TS2304: Cannot find name 'Decimal'.
services/market-data/src/seeders/reitsSeeder.ts(25,31): error TS2304: Cannot find name 'Decimal'.
services/market-data/src/seeders/reitsSeeder.ts(26,23): error TS2304: Cannot find name 'Decimal'.
services/market-data/src/seeders/reitsSeeder.ts(27,25): error TS2304: Cannot find name 'Decimal'.
services/market-data/src/seeders/reitsSeeder.ts(28,22): error TS2304: Cannot find name 'Decimal'.
services/market-data/src/seeders/reitsSeeder.ts(29,29): error TS2304: Cannot find name 'Decimal'.
services/market-data/src/seeders/reitsSeeder.ts(30,25): error TS2304: Cannot find name 'Decimal'.
services/market-data/src/seeders/reitsSeeder.ts(35,30): error TS2304: Cannot find name 'Decimal'.
services/market-data/src/seeders/reitsSeeder.ts(36,25): error TS2304: Cannot find name 'Decimal'.
services/market-data/src/seeders/reitsSeeder.ts(37,25): error TS2304: Cannot find name 'Decimal'.
services/market-data/src/seeders/reitsSeeder.ts(38,25): error TS2304: Cannot find name 'Decimal'.
services/market-data/src/seeders/reitsSeeder.ts(39,16): error TS2304: Cannot find name 'Decimal'.
services/market-data/src/seeders/reitsSeeder.ts(40,29): error TS2304: Cannot find name 'Decimal'.
services/market-data/src/seeders/reitsSeeder.ts(53,21): error TS2304: Cannot find name 'Decimal'.
services/market-data/src/seeders/reitsSeeder.ts(54,25): error TS2304: Cannot find name 'Decimal'.
services/market-data/src/seeders/reitsSeeder.ts(56,31): error TS2304: Cannot find name 'Decimal'.
services/market-data/src/seeders/reitsSeeder.ts(57,23): error TS2304: Cannot find name 'Decimal'.
services/market-data/src/seeders/reitsSeeder.ts(58,25): error TS2304: Cannot find name 'Decimal'.
services/market-data/src/seeders/reitsSeeder.ts(59,22): error TS2304: Cannot find name 'Decimal'.
services/market-data/src/seeders/reitsSeeder.ts(60,29): error TS2304: Cannot find name 'Decimal'.
services/market-data/src/seeders/reitsSeeder.ts(61,25): error TS2304: Cannot find name 'Decimal'.
services/market-data/src/seeders/reitsSeeder.ts(66,25): error TS2304: Cannot find name 'Decimal'.
services/market-data/src/seeders/reitsSeeder.ts(67,25): error TS2304: Cannot find name 'Decimal'.
services/market-data/src/seeders/reitsSeeder.ts(68,25): error TS2304: Cannot find name 'Decimal'.
services/market-data/src/seeders/reitsSeeder.ts(69,16): error TS2304: Cannot find name 'Decimal'.
services/market-data/src/seeders/reitsSeeder.ts(70,29): error TS2304: Cannot find name 'Decimal'.
services/market-data/src/seeders/reitsSeeder.ts(83,21): error TS2304: Cannot find name 'Decimal'.
services/market-data/src/seeders/reitsSeeder.ts(84,25): error TS2304: Cannot find name 'Decimal'.
services/market-data/src/seeders/reitsSeeder.ts(86,31): error TS2304: Cannot find name 'Decimal'.
services/market-data/src/seeders/reitsSeeder.ts(87,23): error TS2304: Cannot find name 'Decimal'.
services/market-data/src/seeders/reitsSeeder.ts(88,25): error TS2304: Cannot find name 'Decimal'.
services/market-data/src/seeders/reitsSeeder.ts(89,22): error TS2304: Cannot find name 'Decimal'.
services/market-data/src/seeders/reitsSeeder.ts(90,29): error TS2304: Cannot find name 'Decimal'.
services/market-data/src/seeders/reitsSeeder.ts(91,25): error TS2304: Cannot find name 'Decimal'.
services/market-data/src/seeders/reitsSeeder.ts(96,30): error TS2304: Cannot find name 'Decimal'.
services/market-data/src/seeders/reitsSeeder.ts(97,25): error TS2304: Cannot find name 'Decimal'.
services/market-data/src/seeders/reitsSeeder.ts(98,25): error TS2304: Cannot find name 'Decimal'.
services/market-data/src/seeders/reitsSeeder.ts(99,25): error TS2304: Cannot find name 'Decimal'.
services/market-data/src/seeders/reitsSeeder.ts(100,16): error TS2304: Cannot find name 'Decimal'.
services/market-data/src/seeders/reitsSeeder.ts(101,29): error TS2304: Cannot find name 'Decimal'.
services/market-data/src/seeders/reitsSeeder.ts(114,21): error TS2304: Cannot find name 'Decimal'.
services/market-data/src/seeders/reitsSeeder.ts(115,25): error TS2304: Cannot find name 'Decimal'.
services/market-data/src/seeders/reitsSeeder.ts(117,31): error TS2304: Cannot find name 'Decimal'.
services/market-data/src/seeders/reitsSeeder.ts(118,23): error TS2304: Cannot find name 'Decimal'.
services/market-data/src/seeders/reitsSeeder.ts(119,25): error TS2304: Cannot find name 'Decimal'.
services/market-data/src/seeders/reitsSeeder.ts(120,22): error TS2304: Cannot find name 'Decimal'.
services/market-data/src/seeders/reitsSeeder.ts(121,29): error TS2304: Cannot find name 'Decimal'.
services/market-data/src/seeders/reitsSeeder.ts(122,25): error TS2304: Cannot find name 'Decimal'.
services/market-data/src/seeders/reitsSeeder.ts(127,30): error TS2304: Cannot find name 'Decimal'.
services/market-data/src/seeders/reitsSeeder.ts(128,25): error TS2304: Cannot find name 'Decimal'.
services/market-data/src/seeders/reitsSeeder.ts(129,25): error TS2304: Cannot find name 'Decimal'.
services/market-data/src/seeders/reitsSeeder.ts(130,25): error TS2304: Cannot find name 'Decimal'.
services/market-data/src/seeders/reitsSeeder.ts(131,16): error TS2304: Cannot find name 'Decimal'.
services/market-data/src/seeders/reitsSeeder.ts(132,29): error TS2304: Cannot find name 'Decimal'.
services/market-data/src/seeders/reitsSeeder.ts(145,21): error TS2304: Cannot find name 'Decimal'.
services/market-data/src/seeders/reitsSeeder.ts(146,25): error TS2304: Cannot find name 'Decimal'.
services/market-data/src/seeders/reitsSeeder.ts(148,31): error TS2304: Cannot find name 'Decimal'.
services/market-data/src/seeders/reitsSeeder.ts(149,25): error TS2304: Cannot find name 'Decimal'.
services/market-data/src/seeders/reitsSeeder.ts(150,22): error TS2304: Cannot find name 'Decimal'.
services/market-data/src/seeders/reitsSeeder.ts(151,29): error TS2304: Cannot find name 'Decimal'.
services/market-data/src/seeders/reitsSeeder.ts(154,25): error TS2304: Cannot find name 'Decimal'.
services/market-data/src/seeders/reitsSeeder.ts(155,25): error TS2304: Cannot find name 'Decimal'.
services/market-data/src/seeders/reitsSeeder.ts(156,25): error TS2304: Cannot find name 'Decimal'.
services/market-data/src/seeders/reitsSeeder.ts(157,16): error TS2304: Cannot find name 'Decimal'.
services/market-data/src/seeders/reitsSeeder.ts(158,29): error TS2304: Cannot find name 'Decimal'.
services/market-data/src/seeders/reitsSeeder.ts(177,21): error TS2304: Cannot find name 'Decimal'.
services/market-data/src/seeders/reitsSeeder.ts(178,29): error TS2304: Cannot find name 'Decimal'.
services/market-data/src/seeders/reitsSeeder.ts(180,32): error TS2304: Cannot find name 'Decimal'.
services/market-data/src/seeders/reitsSeeder.ts(181,34): error TS2304: Cannot find name 'Decimal'.
services/market-data/src/seeders/reitsSeeder.ts(182,33): error TS2304: Cannot find name 'Decimal'.
services/market-data/src/seeders/reitsSeeder.ts(183,18): error TS2304: Cannot find name 'Decimal'.
services/market-data/src/seeders/reitsSeeder.ts(184,24): error TS2304: Cannot find name 'Decimal'.
services/market-data/src/seeders/reitsSeeder.ts(185,35): error TS2304: Cannot find name 'Decimal'.
services/market-data/src/seeders/reitsSeeder.ts(186,25): error TS2304: Cannot find name 'Decimal'.
services/market-data/src/seeders/reitsSeeder.ts(187,27): error TS2304: Cannot find name 'Decimal'.
services/market-data/src/seeders/reitsSeeder.ts(188,30): error TS2304: Cannot find name 'Decimal'.
services/market-data/src/seeders/reitsSeeder.ts(194,27): error TS2304: Cannot find name 'Decimal'.
services/market-data/src/seeders/reitsSeeder.ts(195,25): error TS2304: Cannot find name 'Decimal'.
services/market-data/src/seeders/reitsSeeder.ts(196,25): error TS2304: Cannot find name 'Decimal'.
services/market-data/src/seeders/reitsSeeder.ts(197,25): error TS2304: Cannot find name 'Decimal'.
services/market-data/src/seeders/reitsSeeder.ts(198,16): error TS2304: Cannot find name 'Decimal'.
services/market-data/src/seeders/reitsSeeder.ts(199,29): error TS2304: Cannot find name 'Decimal'.
services/market-data/src/seeders/reitsSeeder.ts(214,21): error TS2304: Cannot find name 'Decimal'.
services/market-data/src/seeders/reitsSeeder.ts(215,29): error TS2304: Cannot find name 'Decimal'.
services/market-data/src/seeders/reitsSeeder.ts(217,32): error TS2304: Cannot find name 'Decimal'.
services/market-data/src/seeders/reitsSeeder.ts(218,34): error TS2304: Cannot find name 'Decimal'.
services/market-data/src/seeders/reitsSeeder.ts(219,33): error TS2304: Cannot find name 'Decimal'.
services/market-data/src/seeders/reitsSeeder.ts(220,18): error TS2304: Cannot find name 'Decimal'.
services/market-data/src/seeders/reitsSeeder.ts(221,24): error TS2304: Cannot find name 'Decimal'.
services/market-data/src/seeders/reitsSeeder.ts(222,35): error TS2304: Cannot find name 'Decimal'.
services/market-data/src/seeders/reitsSeeder.ts(223,25): error TS2304: Cannot find name 'Decimal'.
services/market-data/src/seeders/reitsSeeder.ts(224,27): error TS2304: Cannot find name 'Decimal'.
services/market-data/src/seeders/reitsSeeder.ts(225,30): error TS2304: Cannot find name 'Decimal'.
services/market-data/src/seeders/reitsSeeder.ts(231,27): error TS2304: Cannot find name 'Decimal'.
services/market-data/src/seeders/reitsSeeder.ts(232,25): error TS2304: Cannot find name 'Decimal'.
services/market-data/src/seeders/reitsSeeder.ts(233,25): error TS2304: Cannot find name 'Decimal'.
services/market-data/src/seeders/reitsSeeder.ts(234,25): error TS2304: Cannot find name 'Decimal'.
services/market-data/src/seeders/reitsSeeder.ts(235,16): error TS2304: Cannot find name 'Decimal'.
services/market-data/src/seeders/reitsSeeder.ts(236,29): error TS2304: Cannot find name 'Decimal'.
services/market-data/src/seeders/reitsSeeder.ts(251,21): error TS2304: Cannot find name 'Decimal'.
services/market-data/src/seeders/reitsSeeder.ts(252,29): error TS2304: Cannot find name 'Decimal'.
services/market-data/src/seeders/reitsSeeder.ts(254,32): error TS2304: Cannot find name 'Decimal'.
services/market-data/src/seeders/reitsSeeder.ts(255,34): error TS2304: Cannot find name 'Decimal'.
services/market-data/src/seeders/reitsSeeder.ts(256,33): error TS2304: Cannot find name 'Decimal'.
services/market-data/src/seeders/reitsSeeder.ts(257,18): error TS2304: Cannot find name 'Decimal'.
services/market-data/src/seeders/reitsSeeder.ts(258,24): error TS2304: Cannot find name 'Decimal'.
services/market-data/src/seeders/reitsSeeder.ts(259,35): error TS2304: Cannot find name 'Decimal'.
services/market-data/src/seeders/reitsSeeder.ts(260,25): error TS2304: Cannot find name 'Decimal'.
services/market-data/src/seeders/reitsSeeder.ts(261,27): error TS2304: Cannot find name 'Decimal'.
services/market-data/src/seeders/reitsSeeder.ts(267,27): error TS2304: Cannot find name 'Decimal'.
services/market-data/src/seeders/reitsSeeder.ts(268,25): error TS2304: Cannot find name 'Decimal'.
services/market-data/src/seeders/reitsSeeder.ts(269,25): error TS2304: Cannot find name 'Decimal'.
services/market-data/src/seeders/reitsSeeder.ts(270,25): error TS2304: Cannot find name 'Decimal'.
services/market-data/src/seeders/reitsSeeder.ts(271,16): error TS2304: Cannot find name 'Decimal'.
services/market-data/src/seeders/reitsSeeder.ts(272,29): error TS2304: Cannot find name 'Decimal'.
services/market-data/src/seeders/reitsSeeder.ts(287,21): error TS2304: Cannot find name 'Decimal'.
services/market-data/src/seeders/reitsSeeder.ts(288,29): error TS2304: Cannot find name 'Decimal'.
services/market-data/src/seeders/reitsSeeder.ts(290,32): error TS2304: Cannot find name 'Decimal'.
services/market-data/src/seeders/reitsSeeder.ts(291,34): error TS2304: Cannot find name 'Decimal'.
services/market-data/src/seeders/reitsSeeder.ts(292,33): error TS2304: Cannot find name 'Decimal'.
services/market-data/src/seeders/reitsSeeder.ts(293,18): error TS2304: Cannot find name 'Decimal'.
services/market-data/src/seeders/reitsSeeder.ts(294,24): error TS2304: Cannot find name 'Decimal'.
services/market-data/src/seeders/reitsSeeder.ts(295,35): error TS2304: Cannot find name 'Decimal'.
services/market-data/src/seeders/reitsSeeder.ts(296,25): error TS2304: Cannot find name 'Decimal'.
services/market-data/src/seeders/reitsSeeder.ts(297,27): error TS2304: Cannot find name 'Decimal'.
services/market-data/src/seeders/reitsSeeder.ts(298,30): error TS2304: Cannot find name 'Decimal'.
services/market-data/src/seeders/reitsSeeder.ts(304,27): error TS2304: Cannot find name 'Decimal'.
services/market-data/src/seeders/reitsSeeder.ts(305,25): error TS2304: Cannot find name 'Decimal'.
services/market-data/src/seeders/reitsSeeder.ts(306,25): error TS2304: Cannot find name 'Decimal'.
services/market-data/src/seeders/reitsSeeder.ts(307,25): error TS2304: Cannot find name 'Decimal'.
services/market-data/src/seeders/reitsSeeder.ts(308,16): error TS2304: Cannot find name 'Decimal'.
services/market-data/src/seeders/reitsSeeder.ts(309,29): error TS2304: Cannot find name 'Decimal'.
services/market-data/src/seeders/reitsSeeder.ts(324,21): error TS2304: Cannot find name 'Decimal'.
services/market-data/src/seeders/reitsSeeder.ts(325,29): error TS2304: Cannot find name 'Decimal'.
services/market-data/src/seeders/reitsSeeder.ts(327,32): error TS2304: Cannot find name 'Decimal'.
services/market-data/src/seeders/reitsSeeder.ts(328,34): error TS2304: Cannot find name 'Decimal'.
services/market-data/src/seeders/reitsSeeder.ts(329,33): error TS2304: Cannot find name 'Decimal'.
services/market-data/src/seeders/reitsSeeder.ts(330,18): error TS2304: Cannot find name 'Decimal'.
services/market-data/src/seeders/reitsSeeder.ts(331,24): error TS2304: Cannot find name 'Decimal'.
services/market-data/src/seeders/reitsSeeder.ts(332,35): error TS2304: Cannot find name 'Decimal'.
services/market-data/src/seeders/reitsSeeder.ts(333,25): error TS2304: Cannot find name 'Decimal'.
services/market-data/src/seeders/reitsSeeder.ts(334,30): error TS2304: Cannot find name 'Decimal'.
services/market-data/src/seeders/reitsSeeder.ts(340,27): error TS2304: Cannot find name 'Decimal'.
services/market-data/src/seeders/reitsSeeder.ts(341,25): error TS2304: Cannot find name 'Decimal'.
services/market-data/src/seeders/reitsSeeder.ts(342,25): error TS2304: Cannot find name 'Decimal'.
services/market-data/src/seeders/reitsSeeder.ts(343,25): error TS2304: Cannot find name 'Decimal'.
services/market-data/src/seeders/reitsSeeder.ts(344,16): error TS2304: Cannot find name 'Decimal'.
services/market-data/src/seeders/reitsSeeder.ts(345,29): error TS2304: Cannot find name 'Decimal'.
services/market-data/src/seeders/reitsSeeder.ts(371,16): error TS2353: Object literal may only specify known properties, and 'assetClass' does not exist in type 'SecurityWhereInput'.
services/market-data/src/seeders/reitsSeeder.ts(375,16): error TS2353: Object literal may only specify known properties, and 'assetClass' does not exist in type 'SecurityWhereInput'.
services/market-data/src/seeders/reitsSeeder.ts(381,9): error TS2353: Object literal may only specify known properties, and 'assetClass' does not exist in type 'SecurityWhereInput'.
services/market-data/src/seeders/reitsSeeder.ts(390,9): error TS2353: Object literal may only specify known properties, and 'assetClass' does not exist in type 'SecurityWhereInput'.
services/market-data/src/seeders/reitsSeeder.ts(402,16): error TS18048: 'type._count' is possibly 'undefined'.
services/market-data/src/seeders/reitsSeeder.ts(402,28): error TS2339: Property 'securityType' does not exist on type 'true | { id?: number | undefined; tenantId?: number | undefined; symbol?: number | undefined; name?: number | undefined; securityType?: number | undefined; exchange?: number | undefined; ... 4 more ...; _all?: number | undefined; }'.
  Property 'securityType' does not exist on type 'true'.
services/market-data/src/seeders/reitsSeeder.ts(406,16): error TS18048: 'type._count' is possibly 'undefined'.
services/market-data/src/seeders/reitsSeeder.ts(406,28): error TS2339: Property 'securityType' does not exist on type 'true | { id?: number | undefined; tenantId?: number | undefined; symbol?: number | undefined; name?: number | undefined; securityType?: number | undefined; exchange?: number | undefined; ... 4 more ...; _all?: number | undefined; }'.
  Property 'securityType' does not exist on type 'true'.
services/market-data/src/services/cashService.ts(205,9): error TS2322: Type '{ symbol: string; }' is not assignable to type 'SecurityWhereUniqueInput'.
  Type '{ symbol: string; }' is not assignable to type '{ id: string | SecurityTenantIdSymbolCompoundUniqueInput; tenantId_symbol: string | SecurityTenantIdSymbolCompoundUniqueInput; } & { ...; }'.
    Type '{ symbol: string; }' is missing the following properties from type '{ id: string | SecurityTenantIdSymbolCompoundUniqueInput; tenantId_symbol: string | SecurityTenantIdSymbolCompoundUniqueInput; }': id, tenantId_symbol
services/market-data/src/services/cashService.ts(210,9): error TS2322: Type '{ symbol: string; name: string; cusip: string | undefined; isin: string | undefined; assetClass: string; securityType: "TREASURY_BILL" | "COMMERCIAL_PAPER" | "CERTIFICATE_OF_DEPOSIT" | "BANKERS_ACCEPTANCE" | "MONEY_MARKET_DEPOSIT" | "REPURCHASE_AGREEMENT" | "FEDERAL_FUNDS"; ... 8 more ...; maturityDate: Date | undef...' is not assignable to type '(Without<SecurityCreateInput, SecurityUncheckedCreateInput> & SecurityUncheckedCreateInput) | (Without<...> & SecurityCreateInput)'.
  Type '{ symbol: string; name: string; cusip: string | undefined; isin: string | undefined; assetClass: string; securityType: "TREASURY_BILL" | "COMMERCIAL_PAPER" | "CERTIFICATE_OF_DEPOSIT" | "BANKERS_ACCEPTANCE" | "MONEY_MARKET_DEPOSIT" | "REPURCHASE_AGREEMENT" | "FEDERAL_FUNDS"; ... 8 more ...; maturityDate: Date | undef...' is not assignable to type 'Without<SecurityUncheckedCreateInput, SecurityCreateInput> & SecurityCreateInput'.
    Property 'tenantId' is missing in type '{ symbol: string; name: string; cusip: string | undefined; isin: string | undefined; assetClass: string; securityType: "TREASURY_BILL" | "COMMERCIAL_PAPER" | "CERTIFICATE_OF_DEPOSIT" | "BANKERS_ACCEPTANCE" | "MONEY_MARKET_DEPOSIT" | "REPURCHASE_AGREEMENT" | "FEDERAL_FUNDS"; ... 8 more ...; maturityDate: Date | undef...' but required in type 'SecurityCreateInput'.
services/market-data/src/services/cashService.ts(283,9): error TS2322: Type '{ symbol: string; }' is not assignable to type 'SecurityWhereUniqueInput'.
  Type '{ symbol: string; }' is not assignable to type '{ id: string | SecurityTenantIdSymbolCompoundUniqueInput; tenantId_symbol: string | SecurityTenantIdSymbolCompoundUniqueInput; } & { ...; }'.
    Type '{ symbol: string; }' is missing the following properties from type '{ id: string | SecurityTenantIdSymbolCompoundUniqueInput; tenantId_symbol: string | SecurityTenantIdSymbolCompoundUniqueInput; }': id, tenantId_symbol
services/market-data/src/services/cashService.ts(288,9): error TS2322: Type '{ symbol: string; name: string; cusip: string; isin: string | undefined; assetClass: string; securityType: "TREASURY_BILL" | "TREASURY_NOTE" | "TREASURY_BOND" | "TREASURY_STRIP" | "TIPS"; ... 8 more ...; maturityDate: Date; }' is not assignable to type '(Without<SecurityCreateInput, SecurityUncheckedCreateInput> & SecurityUncheckedCreateInput) | (Without<...> & SecurityCreateInput)'.
  Type '{ symbol: string; name: string; cusip: string; isin: string | undefined; assetClass: string; securityType: "TREASURY_BILL" | "TREASURY_NOTE" | "TREASURY_BOND" | "TREASURY_STRIP" | "TIPS"; ... 8 more ...; maturityDate: Date; }' is not assignable to type 'Without<SecurityUncheckedCreateInput, SecurityCreateInput> & SecurityCreateInput'.
    Property 'tenantId' is missing in type '{ symbol: string; name: string; cusip: string; isin: string | undefined; assetClass: string; securityType: "TREASURY_BILL" | "TREASURY_NOTE" | "TREASURY_BOND" | "TREASURY_STRIP" | "TIPS"; ... 8 more ...; maturityDate: Date; }' but required in type 'SecurityCreateInput'.
services/market-data/src/services/cashService.ts(362,11): error TS2353: Object literal may only specify known properties, and 'quotes' does not exist in type 'SecurityInclude<DefaultArgs>'.
services/market-data/src/services/cashService.ts(399,33): error TS2339: Property 'marketCap' does not exist on type '{ symbol: string; id: string; createdAt: Date; updatedAt: Date; name: string; tenantId: string; currency: string; isActive: boolean; exchange: string | null; securityType: string; }'.
services/market-data/src/services/cashService.ts(401,35): error TS2339: Property 'quotes' does not exist on type '{ symbol: string; id: string; createdAt: Date; updatedAt: Date; name: string; tenantId: string; currency: string; isActive: boolean; exchange: string | null; securityType: string; }'.
services/market-data/src/services/cashService.ts(402,27): error TS2339: Property 'quotes' does not exist on type '{ symbol: string; id: string; createdAt: Date; updatedAt: Date; name: string; tenantId: string; currency: string; isActive: boolean; exchange: string | null; securityType: string; }'.
services/market-data/src/services/cashService.ts(403,30): error TS2339: Property 'quotes' does not exist on type '{ symbol: string; id: string; createdAt: Date; updatedAt: Date; name: string; tenantId: string; currency: string; isActive: boolean; exchange: string | null; securityType: string; }'.
services/market-data/src/services/cashService.ts(404,32): error TS2339: Property 'quotes' does not exist on type '{ symbol: string; id: string; createdAt: Date; updatedAt: Date; name: string; tenantId: string; currency: string; isActive: boolean; exchange: string | null; securityType: string; }'.
services/market-data/src/services/cashService.ts(405,39): error TS2339: Property 'quotes' does not exist on type '{ symbol: string; id: string; createdAt: Date; updatedAt: Date; name: string; tenantId: string; currency: string; isActive: boolean; exchange: string | null; securityType: string; }'.
services/market-data/src/services/cashService.ts(434,11): error TS2353: Object literal may only specify known properties, and 'assetClass' does not exist in type 'SecurityWhereUniqueInput'.
services/market-data/src/services/cashService.ts(437,11): error TS2353: Object literal may only specify known properties, and 'quotes' does not exist in type 'SecurityInclude<DefaultArgs>'.
services/market-data/src/services/cashService.ts(456,29): error TS2339: Property 'marketCap' does not exist on type '{ symbol: string; id: string; createdAt: Date; updatedAt: Date; name: string; tenantId: string; currency: string; isActive: boolean; exchange: string | null; securityType: string; }'.
services/market-data/src/services/cashService.ts(457,32): error TS2339: Property 'quotes' does not exist on type '{ symbol: string; id: string; createdAt: Date; updatedAt: Date; name: string; tenantId: string; currency: string; isActive: boolean; exchange: string | null; securityType: string; }'.
services/market-data/src/services/cashService.ts(457,43): error TS7006: Parameter 'q' implicitly has an 'any' type.
services/market-data/src/services/cashService.ts(463,32): error TS2339: Property 'historicalData' does not exist on type '{ symbol: string; id: string; createdAt: Date; updatedAt: Date; name: string; tenantId: string; currency: string; isActive: boolean; exchange: string | null; securityType: string; }'.
services/market-data/src/services/cashService.ts(463,51): error TS7006: Parameter 'h' implicitly has an 'any' type.
services/market-data/src/services/cashService.ts(536,25): error TS2339: Property 'fundamental' does not exist on type 'PrismaClient<PrismaClientOptions, never, DefaultArgs>'.
services/market-data/src/services/cashService.ts(564,42): error TS2339: Property 'fundamental' does not exist on type 'PrismaClient<PrismaClientOptions, never, DefaultArgs>'.
services/market-data/src/services/equitiesService.ts(128,9): error TS2322: Type '{ symbol: string; }' is not assignable to type 'SecurityWhereUniqueInput'.
  Type '{ symbol: string; }' is not assignable to type '{ id: string | SecurityTenantIdSymbolCompoundUniqueInput; tenantId_symbol: string | SecurityTenantIdSymbolCompoundUniqueInput; } & { ...; }'.
    Type '{ symbol: string; }' is missing the following properties from type '{ id: string | SecurityTenantIdSymbolCompoundUniqueInput; tenantId_symbol: string | SecurityTenantIdSymbolCompoundUniqueInput; }': id, tenantId_symbol
services/market-data/src/services/equitiesService.ts(133,9): error TS2322: Type '{ symbol: string; name: string; cusip: string | undefined; isin: string | undefined; sedol: string | undefined; assetClass: string; securityType: "COMMON_STOCK" | "PREFERRED_STOCK" | "ADR" | "GDR"; ... 7 more ...; listingDate: Date | undefined; }' is not assignable to type '(Without<SecurityCreateInput, SecurityUncheckedCreateInput> & SecurityUncheckedCreateInput) | (Without<...> & SecurityCreateInput)'.
  Type '{ symbol: string; name: string; cusip: string | undefined; isin: string | undefined; sedol: string | undefined; assetClass: string; securityType: "COMMON_STOCK" | "PREFERRED_STOCK" | "ADR" | "GDR"; ... 7 more ...; listingDate: Date | undefined; }' is not assignable to type 'Without<SecurityUncheckedCreateInput, SecurityCreateInput> & SecurityCreateInput'.
    Property 'tenantId' is missing in type '{ symbol: string; name: string; cusip: string | undefined; isin: string | undefined; sedol: string | undefined; assetClass: string; securityType: "COMMON_STOCK" | "PREFERRED_STOCK" | "ADR" | "GDR"; ... 7 more ...; listingDate: Date | undefined; }' but required in type 'SecurityCreateInput'.
services/market-data/src/services/equitiesService.ts(164,11): error TS2353: Object literal may only specify known properties, and 'assetClass' does not exist in type 'SecurityWhereUniqueInput'.
services/market-data/src/services/equitiesService.ts(167,11): error TS2353: Object literal may only specify known properties, and 'quotes' does not exist in type 'SecurityInclude<DefaultArgs>'.
services/market-data/src/services/equitiesService.ts(198,29): error TS2339: Property 'marketCap' does not exist on type '{ symbol: string; id: string; createdAt: Date; updatedAt: Date; name: string; tenantId: string; currency: string; isActive: boolean; exchange: string | null; securityType: string; }'.
services/market-data/src/services/equitiesService.ts(199,31): error TS2339: Property 'quotes' does not exist on type '{ symbol: string; id: string; createdAt: Date; updatedAt: Date; name: string; tenantId: string; currency: string; isActive: boolean; exchange: string | null; securityType: string; }'.
services/market-data/src/services/equitiesService.ts(200,23): error TS2339: Property 'quotes' does not exist on type '{ symbol: string; id: string; createdAt: Date; updatedAt: Date; name: string; tenantId: string; currency: string; isActive: boolean; exchange: string | null; securityType: string; }'.
services/market-data/src/services/equitiesService.ts(201,25): error TS2339: Property 'quotes' does not exist on type '{ symbol: string; id: string; createdAt: Date; updatedAt: Date; name: string; tenantId: string; currency: string; isActive: boolean; exchange: string | null; securityType: string; }'.
services/market-data/src/services/equitiesService.ts(202,25): error TS2339: Property 'quotes' does not exist on type '{ symbol: string; id: string; createdAt: Date; updatedAt: Date; name: string; tenantId: string; currency: string; isActive: boolean; exchange: string | null; securityType: string; }'.
services/market-data/src/services/equitiesService.ts(203,26): error TS2339: Property 'quotes' does not exist on type '{ symbol: string; id: string; createdAt: Date; updatedAt: Date; name: string; tenantId: string; currency: string; isActive: boolean; exchange: string | null; securityType: string; }'.
services/market-data/src/services/equitiesService.ts(204,28): error TS2339: Property 'quotes' does not exist on type '{ symbol: string; id: string; createdAt: Date; updatedAt: Date; name: string; tenantId: string; currency: string; isActive: boolean; exchange: string | null; securityType: string; }'.
services/market-data/src/services/equitiesService.ts(205,35): error TS2339: Property 'quotes' does not exist on type '{ symbol: string; id: string; createdAt: Date; updatedAt: Date; name: string; tenantId: string; currency: string; isActive: boolean; exchange: string | null; securityType: string; }'.
services/market-data/src/services/equitiesService.ts(207,33): error TS2339: Property 'historicalData' does not exist on type '{ symbol: string; id: string; createdAt: Date; updatedAt: Date; name: string; tenantId: string; currency: string; isActive: boolean; exchange: string | null; securityType: string; }'.
services/market-data/src/services/equitiesService.ts(207,52): error TS7006: Parameter 'h' implicitly has an 'any' type.
services/market-data/src/services/equitiesService.ts(215,33): error TS2339: Property 'corporateActions' does not exist on type '{ symbol: string; id: string; createdAt: Date; updatedAt: Date; name: string; tenantId: string; currency: string; isActive: boolean; exchange: string | null; securityType: string; }'.
services/market-data/src/services/equitiesService.ts(216,32): error TS2339: Property 'fundamentals' does not exist on type '{ symbol: string; id: string; createdAt: Date; updatedAt: Date; name: string; tenantId: string; currency: string; isActive: boolean; exchange: string | null; securityType: string; }'.
services/market-data/src/services/equitiesService.ts(217,23): error TS2339: Property 'fundamentals' does not exist on type '{ symbol: string; id: string; createdAt: Date; updatedAt: Date; name: string; tenantId: string; currency: string; isActive: boolean; exchange: string | null; securityType: string; }'.
services/market-data/src/services/equitiesService.ts(218,29): error TS2339: Property 'fundamentals' does not exist on type '{ symbol: string; id: string; createdAt: Date; updatedAt: Date; name: string; tenantId: string; currency: string; isActive: boolean; exchange: string | null; securityType: string; }'.
services/market-data/src/services/equitiesService.ts(219,31): error TS2339: Property 'fundamentals' does not exist on type '{ symbol: string; id: string; createdAt: Date; updatedAt: Date; name: string; tenantId: string; currency: string; isActive: boolean; exchange: string | null; securityType: string; }'.
services/market-data/src/services/equitiesService.ts(220,25): error TS2339: Property 'fundamentals' does not exist on type '{ symbol: string; id: string; createdAt: Date; updatedAt: Date; name: string; tenantId: string; currency: string; isActive: boolean; exchange: string | null; securityType: string; }'.
services/market-data/src/services/equitiesService.ts(221,31): error TS2339: Property 'fundamentals' does not exist on type '{ symbol: string; id: string; createdAt: Date; updatedAt: Date; name: string; tenantId: string; currency: string; isActive: boolean; exchange: string | null; securityType: string; }'.
services/market-data/src/services/equitiesService.ts(222,29): error TS2339: Property 'fundamentals' does not exist on type '{ symbol: string; id: string; createdAt: Date; updatedAt: Date; name: string; tenantId: string; currency: string; isActive: boolean; exchange: string | null; securityType: string; }'.
services/market-data/src/services/equitiesService.ts(223,29): error TS2339: Property 'fundamentals' does not exist on type '{ symbol: string; id: string; createdAt: Date; updatedAt: Date; name: string; tenantId: string; currency: string; isActive: boolean; exchange: string | null; securityType: string; }'.
services/market-data/src/services/equitiesService.ts(292,44): error TS2304: Cannot find name 'Decimal'.
services/market-data/src/services/equitiesService.ts(295,44): error TS2304: Cannot find name 'Decimal'.
services/market-data/src/services/equitiesService.ts(303,13): error TS2353: Object literal may only specify known properties, and 'marketCap' does not exist in type 'SecurityOrderByWithRelationInput'.
services/market-data/src/services/equitiesService.ts(307,11): error TS2353: Object literal may only specify known properties, and 'quotes' does not exist in type 'SecurityInclude<DefaultArgs>'.
services/market-data/src/services/equitiesService.ts(333,9): error TS2322: Type '{ symbol: string; }' is not assignable to type 'SecurityWhereUniqueInput'.
  Type '{ symbol: string; }' is not assignable to type '{ id: string | SecurityTenantIdSymbolCompoundUniqueInput; tenantId_symbol: string | SecurityTenantIdSymbolCompoundUniqueInput; } & { ...; }'.
    Type '{ symbol: string; }' is missing the following properties from type '{ id: string | SecurityTenantIdSymbolCompoundUniqueInput; tenantId_symbol: string | SecurityTenantIdSymbolCompoundUniqueInput; }': id, tenantId_symbol
services/market-data/src/services/equitiesService.ts(344,11): error TS2353: Object literal may only specify known properties, and 'status' does not exist in type 'CorporateActionWhereInput'.
services/market-data/src/services/equitiesService.ts(352,25): error TS2339: Property 'value' does not exist on type '{ id: string; createdAt: Date; updatedAt: Date; description: string; tenantId: string; securityId: string; actionType: string; exDate: Date; payableDate: Date; }'.
services/market-data/src/services/equitiesService.ts(372,9): error TS2322: Type '{ symbol: string; }' is not assignable to type 'SecurityWhereUniqueInput'.
  Type '{ symbol: string; }' is not assignable to type '{ id: string | SecurityTenantIdSymbolCompoundUniqueInput; tenantId_symbol: string | SecurityTenantIdSymbolCompoundUniqueInput; } & { ...; }'.
    Type '{ symbol: string; }' is missing the following properties from type '{ id: string | SecurityTenantIdSymbolCompoundUniqueInput; tenantId_symbol: string | SecurityTenantIdSymbolCompoundUniqueInput; }': id, tenantId_symbol
services/market-data/src/services/equitiesService.ts(374,11): error TS2353: Object literal may only specify known properties, and 'quotes' does not exist in type 'SecurityInclude<DefaultArgs>'.
services/market-data/src/services/equitiesService.ts(398,11): error TS2353: Object literal may only specify known properties, and 'status' does not exist in type 'CorporateActionWhereInput'.
services/market-data/src/services/equitiesService.ts(404,34): error TS2339: Property 'value' does not exist on type '{ id: string; createdAt: Date; updatedAt: Date; description: string; tenantId: string; securityId: string; actionType: string; exDate: Date; payableDate: Date; }'.
services/market-data/src/services/equitiesService.ts(408,37): error TS2339: Property 'quotes' does not exist on type '{ symbol: string; id: string; createdAt: Date; updatedAt: Date; name: string; tenantId: string; currency: string; isActive: boolean; exchange: string | null; securityType: string; }'.
services/market-data/src/services/equitiesService.ts(413,28): error TS2339: Property 'fundamentals' does not exist on type '{ symbol: string; id: string; createdAt: Date; updatedAt: Date; name: string; tenantId: string; currency: string; isActive: boolean; exchange: string | null; securityType: string; }'.
services/market-data/src/services/equitiesService.ts(427,11): error TS2353: Object literal may only specify known properties, and 'status' does not exist in type 'CorporateActionWhereInput'.
services/market-data/src/services/equitiesService.ts(432,34): error TS2339: Property 'value' does not exist on type '{ id: string; createdAt: Date; updatedAt: Date; description: string; tenantId: string; securityId: string; actionType: string; exDate: Date; payableDate: Date; }'.
services/market-data/src/services/equitiesService.ts(460,25): error TS2339: Property 'fundamental' does not exist on type 'PrismaClient<PrismaClientOptions, never, DefaultArgs>'.
services/market-data/src/services/equitiesService.ts(488,42): error TS2339: Property 'fundamental' does not exist on type 'PrismaClient<PrismaClientOptions, never, DefaultArgs>'.
services/market-data/src/services/fundsService.ts(183,9): error TS2322: Type '{ symbol: string; }' is not assignable to type 'SecurityWhereUniqueInput'.
  Type '{ symbol: string; }' is not assignable to type '{ id: string | SecurityTenantIdSymbolCompoundUniqueInput; tenantId_symbol: string | SecurityTenantIdSymbolCompoundUniqueInput; } & { ...; }'.
    Type '{ symbol: string; }' is missing the following properties from type '{ id: string | SecurityTenantIdSymbolCompoundUniqueInput; tenantId_symbol: string | SecurityTenantIdSymbolCompoundUniqueInput; }': id, tenantId_symbol
services/market-data/src/services/fundsService.ts(188,9): error TS2322: Type '{ symbol: string; name: string; cusip: string | undefined; isin: string | undefined; assetClass: string; securityType: "EQUITY_ETF" | "BOND_ETF" | "COMMODITY_ETF" | "CURRENCY_ETF" | "REAL_ESTATE_ETF" | "MIXED_ETF"; ... 7 more ...; listingDate: Date; }' is not assignable to type '(Without<SecurityCreateInput, SecurityUncheckedCreateInput> & SecurityUncheckedCreateInput) | (Without<...> & SecurityCreateInput)'.
  Type '{ symbol: string; name: string; cusip: string | undefined; isin: string | undefined; assetClass: string; securityType: "EQUITY_ETF" | "BOND_ETF" | "COMMODITY_ETF" | "CURRENCY_ETF" | "REAL_ESTATE_ETF" | "MIXED_ETF"; ... 7 more ...; listingDate: Date; }' is not assignable to type 'Without<SecurityUncheckedCreateInput, SecurityCreateInput> & SecurityCreateInput'.
    Property 'tenantId' is missing in type '{ symbol: string; name: string; cusip: string | undefined; isin: string | undefined; assetClass: string; securityType: "EQUITY_ETF" | "BOND_ETF" | "COMMODITY_ETF" | "CURRENCY_ETF" | "REAL_ESTATE_ETF" | "MIXED_ETF"; ... 7 more ...; listingDate: Date; }' but required in type 'SecurityCreateInput'.
services/market-data/src/services/fundsService.ts(263,9): error TS2322: Type '{ symbol: string; }' is not assignable to type 'SecurityWhereUniqueInput'.
  Type '{ symbol: string; }' is not assignable to type '{ id: string | SecurityTenantIdSymbolCompoundUniqueInput; tenantId_symbol: string | SecurityTenantIdSymbolCompoundUniqueInput; } & { ...; }'.
    Type '{ symbol: string; }' is missing the following properties from type '{ id: string | SecurityTenantIdSymbolCompoundUniqueInput; tenantId_symbol: string | SecurityTenantIdSymbolCompoundUniqueInput; }': id, tenantId_symbol
services/market-data/src/services/fundsService.ts(268,9): error TS2322: Type '{ symbol: string; name: string; cusip: string | undefined; isin: string | undefined; assetClass: string; securityType: "EQUITY_FUND" | "BOND_FUND" | "MONEY_MARKET_FUND" | "BALANCED_FUND" | "ALTERNATIVE_FUND"; ... 7 more ...; listingDate: Date; }' is not assignable to type '(Without<SecurityCreateInput, SecurityUncheckedCreateInput> & SecurityUncheckedCreateInput) | (Without<...> & SecurityCreateInput)'.
  Type '{ symbol: string; name: string; cusip: string | undefined; isin: string | undefined; assetClass: string; securityType: "EQUITY_FUND" | "BOND_FUND" | "MONEY_MARKET_FUND" | "BALANCED_FUND" | "ALTERNATIVE_FUND"; ... 7 more ...; listingDate: Date; }' is not assignable to type 'Without<SecurityUncheckedCreateInput, SecurityCreateInput> & SecurityCreateInput'.
    Property 'tenantId' is missing in type '{ symbol: string; name: string; cusip: string | undefined; isin: string | undefined; assetClass: string; securityType: "EQUITY_FUND" | "BOND_FUND" | "MONEY_MARKET_FUND" | "BALANCED_FUND" | "ALTERNATIVE_FUND"; ... 7 more ...; listingDate: Date; }' but required in type 'SecurityCreateInput'.
services/market-data/src/services/fundsService.ts(338,45): error TS2304: Cannot find name 'Decimal'.
services/market-data/src/services/fundsService.ts(345,13): error TS2353: Object literal may only specify known properties, and 'marketCap' does not exist in type 'SecurityOrderByWithRelationInput'.
services/market-data/src/services/fundsService.ts(349,11): error TS2353: Object literal may only specify known properties, and 'quotes' does not exist in type 'SecurityInclude<DefaultArgs>'.
services/market-data/src/services/fundsService.ts(390,33): error TS2339: Property 'marketCap' does not exist on type '{ symbol: string; id: string; createdAt: Date; updatedAt: Date; name: string; tenantId: string; currency: string; isActive: boolean; exchange: string | null; securityType: string; }'.
services/market-data/src/services/fundsService.ts(392,35): error TS2339: Property 'quotes' does not exist on type '{ symbol: string; id: string; createdAt: Date; updatedAt: Date; name: string; tenantId: string; currency: string; isActive: boolean; exchange: string | null; securityType: string; }'.
services/market-data/src/services/fundsService.ts(393,27): error TS2339: Property 'quotes' does not exist on type '{ symbol: string; id: string; createdAt: Date; updatedAt: Date; name: string; tenantId: string; currency: string; isActive: boolean; exchange: string | null; securityType: string; }'.
services/market-data/src/services/fundsService.ts(394,30): error TS2339: Property 'quotes' does not exist on type '{ symbol: string; id: string; createdAt: Date; updatedAt: Date; name: string; tenantId: string; currency: string; isActive: boolean; exchange: string | null; securityType: string; }'.
services/market-data/src/services/fundsService.ts(395,32): error TS2339: Property 'quotes' does not exist on type '{ symbol: string; id: string; createdAt: Date; updatedAt: Date; name: string; tenantId: string; currency: string; isActive: boolean; exchange: string | null; securityType: string; }'.
services/market-data/src/services/fundsService.ts(396,39): error TS2339: Property 'quotes' does not exist on type '{ symbol: string; id: string; createdAt: Date; updatedAt: Date; name: string; tenantId: string; currency: string; isActive: boolean; exchange: string | null; securityType: string; }'.
services/market-data/src/services/fundsService.ts(425,11): error TS2353: Object literal may only specify known properties, and 'assetClass' does not exist in type 'SecurityWhereUniqueInput'.
services/market-data/src/services/fundsService.ts(428,11): error TS2353: Object literal may only specify known properties, and 'quotes' does not exist in type 'SecurityInclude<DefaultArgs>'.
services/market-data/src/services/fundsService.ts(455,29): error TS2339: Property 'marketCap' does not exist on type '{ symbol: string; id: string; createdAt: Date; updatedAt: Date; name: string; tenantId: string; currency: string; isActive: boolean; exchange: string | null; securityType: string; }'.
services/market-data/src/services/fundsService.ts(456,32): error TS2339: Property 'quotes' does not exist on type '{ symbol: string; id: string; createdAt: Date; updatedAt: Date; name: string; tenantId: string; currency: string; isActive: boolean; exchange: string | null; securityType: string; }'.
services/market-data/src/services/fundsService.ts(456,43): error TS7006: Parameter 'q' implicitly has an 'any' type.
services/market-data/src/services/fundsService.ts(462,32): error TS2339: Property 'historicalData' does not exist on type '{ symbol: string; id: string; createdAt: Date; updatedAt: Date; name: string; tenantId: string; currency: string; isActive: boolean; exchange: string | null; securityType: string; }'.
services/market-data/src/services/fundsService.ts(462,51): error TS7006: Parameter 'h' implicitly has an 'any' type.
services/market-data/src/services/fundsService.ts(470,33): error TS2339: Property 'corporateActions' does not exist on type '{ symbol: string; id: string; createdAt: Date; updatedAt: Date; name: string; tenantId: string; currency: string; isActive: boolean; exchange: string | null; securityType: string; }'.
services/market-data/src/services/fundsService.ts(470,54): error TS7006: Parameter 'ca' implicitly has an 'any' type.
services/market-data/src/services/fundsService.ts(490,46): error TS2339: Property 'fundamental' does not exist on type 'PrismaClient<PrismaClientOptions, never, DefaultArgs>'.
services/market-data/src/services/fundsService.ts(506,28): error TS7006: Parameter 'fund' implicitly has an 'any' type.
services/market-data/src/services/fundsService.ts(509,54): error TS2304: Cannot find name 'Decimal'.
services/market-data/src/services/fundsService.ts(512,85): error TS2304: Cannot find name 'Decimal'.
services/market-data/src/services/fundsService.ts(540,25): error TS2339: Property 'fundamental' does not exist on type 'PrismaClient<PrismaClientOptions, never, DefaultArgs>'.
services/market-data/src/services/fundsService.ts(568,42): error TS2339: Property 'fundamental' does not exist on type 'PrismaClient<PrismaClientOptions, never, DefaultArgs>'.
services/market-data/src/services/marketDataService.ts(1,24): error TS2300: Duplicate identifier 'Prisma'.
services/market-data/src/services/marketDataService.ts(5,10): error TS2300: Duplicate identifier 'Prisma'.
services/market-data/src/services/marketDataService.ts(29,33): error TS2339: Property 'quote' does not exist on type 'PrismaClient<PrismaClientOptions, never, DefaultArgs>'.
services/market-data/src/services/marketDataService.ts(89,9): error TS2322: Type '{ symbol: string; }' is not assignable to type 'SecurityWhereUniqueInput'.
  Type '{ symbol: string; }' is not assignable to type '{ id: string | SecurityTenantIdSymbolCompoundUniqueInput; tenantId_symbol: string | SecurityTenantIdSymbolCompoundUniqueInput; } & { ...; }'.
    Type '{ symbol: string; }' is missing the following properties from type '{ id: string | SecurityTenantIdSymbolCompoundUniqueInput; tenantId_symbol: string | SecurityTenantIdSymbolCompoundUniqueInput; }': id, tenantId_symbol
services/market-data/src/services/marketDataService.ts(101,23): error TS2304: Cannot find name 'Decimal'.
services/market-data/src/services/marketDataService.ts(101,64): error TS2304: Cannot find name 'Decimal'.
services/market-data/src/services/marketDataService.ts(102,25): error TS18048: 'change' is possibly 'undefined'.
services/market-data/src/services/marketDataService.ts(102,41): error TS2304: Cannot find name 'Decimal'.
services/market-data/src/services/marketDataService.ts(106,39): error TS2339: Property 'quote' does not exist on type 'PrismaClient<PrismaClientOptions, never, DefaultArgs>'.
services/market-data/src/services/marketDataService.ts(179,48): error TS2339: Property 'historicalData' does not exist on type 'PrismaClient<PrismaClientOptions, never, DefaultArgs>'.
services/market-data/src/services/marketDataService.ts(216,9): error TS2322: Type '{ symbol: string; }' is not assignable to type 'SecurityWhereUniqueInput'.
  Type '{ symbol: string; }' is not assignable to type '{ id: string | SecurityTenantIdSymbolCompoundUniqueInput; tenantId_symbol: string | SecurityTenantIdSymbolCompoundUniqueInput; } & { ...; }'.
    Type '{ symbol: string; }' is missing the following properties from type '{ id: string | SecurityTenantIdSymbolCompoundUniqueInput; tenantId_symbol: string | SecurityTenantIdSymbolCompoundUniqueInput; }': id, tenantId_symbol
services/market-data/src/services/marketDataService.ts(224,38): error TS2339: Property 'historicalData' does not exist on type 'PrismaClient<PrismaClientOptions, never, DefaultArgs>'.
services/market-data/src/services/marketDataService.ts(289,9): error TS2322: Type '{ symbol: string; }' is not assignable to type 'SecurityWhereUniqueInput'.
  Type '{ symbol: string; }' is not assignable to type '{ id: string | SecurityTenantIdSymbolCompoundUniqueInput; tenantId_symbol: string | SecurityTenantIdSymbolCompoundUniqueInput; } & { ...; }'.
    Type '{ symbol: string; }' is missing the following properties from type '{ id: string | SecurityTenantIdSymbolCompoundUniqueInput; tenantId_symbol: string | SecurityTenantIdSymbolCompoundUniqueInput; }': id, tenantId_symbol
services/market-data/src/services/marketDataService.ts(292,11): error TS2353: Object literal may only specify known properties, and 'cusip' does not exist in type '(Without<SecurityUpdateInput, SecurityUncheckedUpdateInput> & SecurityUncheckedUpdateInput) | (Without<...> & SecurityUpdateInput)'.
services/market-data/src/services/marketDataService.ts(306,11): error TS2353: Object literal may only specify known properties, and 'cusip' does not exist in type '(Without<SecurityCreateInput, SecurityUncheckedCreateInput> & SecurityUncheckedCreateInput) | (Without<...> & SecurityCreateInput)'.
services/market-data/src/services/marketDataService.ts(339,15): error TS2353: Object literal may only specify known properties, and 'cusip' does not exist in type 'SecurityWhereInput'.
services/market-data/src/services/marketDataService.ts(340,15): error TS2353: Object literal may only specify known properties, and 'isin' does not exist in type 'SecurityWhereInput'.
services/market-data/src/services/marketDataService.ts(372,9): error TS2322: Type '{ security: { select: { symbol: true; name: true; }; }; }' is not assignable to type 'never'.
services/market-data/src/services/marketDataService.ts(407,9): error TS2322: Type '{ symbol: string; }' is not assignable to type 'SecurityWhereUniqueInput'.
  Type '{ symbol: string; }' is not assignable to type '{ id: string | SecurityTenantIdSymbolCompoundUniqueInput; tenantId_symbol: string | SecurityTenantIdSymbolCompoundUniqueInput; } & { ...; }'.
    Type '{ symbol: string; }' is missing the following properties from type '{ id: string | SecurityTenantIdSymbolCompoundUniqueInput; tenantId_symbol: string | SecurityTenantIdSymbolCompoundUniqueInput; }': id, tenantId_symbol
services/market-data/src/services/marketDataService.ts(419,11): error TS2353: Object literal may only specify known properties, and 'recordDate' does not exist in type '(Without<CorporateActionCreateInput, CorporateActionUncheckedCreateInput> & CorporateActionUncheckedCreateInput) | (Without<...> & CorporateActionCreateInput)'.
services/market-data/src/services/marketDataService.ts(467,41): error TS2339: Property 'holiday' does not exist on type 'PrismaClient<PrismaClientOptions, never, DefaultArgs>'.
services/market-data/src/services/reitsService.ts(164,9): error TS2322: Type '{ symbol: string; }' is not assignable to type 'SecurityWhereUniqueInput'.
  Type '{ symbol: string; }' is not assignable to type '{ id: string | SecurityTenantIdSymbolCompoundUniqueInput; tenantId_symbol: string | SecurityTenantIdSymbolCompoundUniqueInput; } & { ...; }'.
    Type '{ symbol: string; }' is missing the following properties from type '{ id: string | SecurityTenantIdSymbolCompoundUniqueInput; tenantId_symbol: string | SecurityTenantIdSymbolCompoundUniqueInput; }': id, tenantId_symbol
services/market-data/src/services/reitsService.ts(169,9): error TS2322: Type '{ symbol: string; name: string; cusip: string | undefined; isin: string | undefined; assetClass: string; securityType: "EQUITY_REIT" | "MORTGAGE_REIT" | "HYBRID_REIT"; exchange: string; ... 5 more ...; isActive: boolean; }' is not assignable to type '(Without<SecurityCreateInput, SecurityUncheckedCreateInput> & SecurityUncheckedCreateInput) | (Without<...> & SecurityCreateInput)'.
  Type '{ symbol: string; name: string; cusip: string | undefined; isin: string | undefined; assetClass: string; securityType: "EQUITY_REIT" | "MORTGAGE_REIT" | "HYBRID_REIT"; exchange: string; ... 5 more ...; isActive: boolean; }' is not assignable to type 'Without<SecurityUncheckedCreateInput, SecurityCreateInput> & SecurityCreateInput'.
    Property 'tenantId' is missing in type '{ symbol: string; name: string; cusip: string | undefined; isin: string | undefined; assetClass: string; securityType: "EQUITY_REIT" | "MORTGAGE_REIT" | "HYBRID_REIT"; exchange: string; ... 5 more ...; isActive: boolean; }' but required in type 'SecurityCreateInput'.
services/market-data/src/services/reitsService.ts(243,9): error TS2322: Type '{ symbol: string; }' is not assignable to type 'SecurityWhereUniqueInput'.
  Type '{ symbol: string; }' is not assignable to type '{ id: string | SecurityTenantIdSymbolCompoundUniqueInput; tenantId_symbol: string | SecurityTenantIdSymbolCompoundUniqueInput; } & { ...; }'.
    Type '{ symbol: string; }' is missing the following properties from type '{ id: string | SecurityTenantIdSymbolCompoundUniqueInput; tenantId_symbol: string | SecurityTenantIdSymbolCompoundUniqueInput; }': id, tenantId_symbol
services/market-data/src/services/reitsService.ts(248,9): error TS2322: Type '{ symbol: string; name: string; cusip: string | undefined; isin: string | undefined; assetClass: string; securityType: "OTHER" | "INFRASTRUCTURE" | "ENERGY" | "NATURAL_RESOURCES" | "REAL_ESTATE"; ... 6 more ...; isActive: boolean; }' is not assignable to type '(Without<SecurityCreateInput, SecurityUncheckedCreateInput> & SecurityUncheckedCreateInput) | (Without<...> & SecurityCreateInput)'.
  Type '{ symbol: string; name: string; cusip: string | undefined; isin: string | undefined; assetClass: string; securityType: "OTHER" | "INFRASTRUCTURE" | "ENERGY" | "NATURAL_RESOURCES" | "REAL_ESTATE"; ... 6 more ...; isActive: boolean; }' is not assignable to type 'Without<SecurityUncheckedCreateInput, SecurityCreateInput> & SecurityCreateInput'.
    Property 'tenantId' is missing in type '{ symbol: string; name: string; cusip: string | undefined; isin: string | undefined; assetClass: string; securityType: "OTHER" | "INFRASTRUCTURE" | "ENERGY" | "NATURAL_RESOURCES" | "REAL_ESTATE"; ... 6 more ...; isActive: boolean; }' but required in type 'SecurityCreateInput'.
services/market-data/src/services/reitsService.ts(318,45): error TS2304: Cannot find name 'Decimal'.
services/market-data/src/services/reitsService.ts(324,21): error TS2304: Cannot find name 'Decimal'.
services/market-data/src/services/reitsService.ts(332,13): error TS2353: Object literal may only specify known properties, and 'marketCap' does not exist in type 'SecurityOrderByWithRelationInput'.
services/market-data/src/services/reitsService.ts(336,11): error TS2353: Object literal may only specify known properties, and 'quotes' does not exist in type 'SecurityInclude<DefaultArgs>'.
services/market-data/src/services/reitsService.ts(349,44): error TS2339: Property 'assetClass' does not exist on type '{ symbol: string; id: string; createdAt: Date; updatedAt: Date; name: string; tenantId: string; currency: string; isActive: boolean; exchange: string | null; securityType: string; }'.
services/market-data/src/services/reitsService.ts(354,43): error TS2339: Property 'assetClass' does not exist on type '{ symbol: string; id: string; createdAt: Date; updatedAt: Date; name: string; tenantId: string; currency: string; isActive: boolean; exchange: string | null; securityType: string; }'.
services/market-data/src/services/reitsService.ts(380,33): error TS2339: Property 'marketCap' does not exist on type '{ symbol: string; id: string; createdAt: Date; updatedAt: Date; name: string; tenantId: string; currency: string; isActive: boolean; exchange: string | null; securityType: string; }'.
services/market-data/src/services/reitsService.ts(382,35): error TS2339: Property 'quotes' does not exist on type '{ symbol: string; id: string; createdAt: Date; updatedAt: Date; name: string; tenantId: string; currency: string; isActive: boolean; exchange: string | null; securityType: string; }'.
services/market-data/src/services/reitsService.ts(383,27): error TS2339: Property 'quotes' does not exist on type '{ symbol: string; id: string; createdAt: Date; updatedAt: Date; name: string; tenantId: string; currency: string; isActive: boolean; exchange: string | null; securityType: string; }'.
services/market-data/src/services/reitsService.ts(384,30): error TS2339: Property 'quotes' does not exist on type '{ symbol: string; id: string; createdAt: Date; updatedAt: Date; name: string; tenantId: string; currency: string; isActive: boolean; exchange: string | null; securityType: string; }'.
services/market-data/src/services/reitsService.ts(385,32): error TS2339: Property 'quotes' does not exist on type '{ symbol: string; id: string; createdAt: Date; updatedAt: Date; name: string; tenantId: string; currency: string; isActive: boolean; exchange: string | null; securityType: string; }'.
services/market-data/src/services/reitsService.ts(386,39): error TS2339: Property 'quotes' does not exist on type '{ symbol: string; id: string; createdAt: Date; updatedAt: Date; name: string; tenantId: string; currency: string; isActive: boolean; exchange: string | null; securityType: string; }'.
services/market-data/src/services/reitsService.ts(415,11): error TS2353: Object literal may only specify known properties, and 'assetClass' does not exist in type 'SecurityWhereUniqueInput'.
services/market-data/src/services/reitsService.ts(418,11): error TS2353: Object literal may only specify known properties, and 'quotes' does not exist in type 'SecurityInclude<DefaultArgs>'.
services/market-data/src/services/reitsService.ts(445,29): error TS2339: Property 'marketCap' does not exist on type '{ symbol: string; id: string; createdAt: Date; updatedAt: Date; name: string; tenantId: string; currency: string; isActive: boolean; exchange: string | null; securityType: string; }'.
services/market-data/src/services/reitsService.ts(446,32): error TS2339: Property 'quotes' does not exist on type '{ symbol: string; id: string; createdAt: Date; updatedAt: Date; name: string; tenantId: string; currency: string; isActive: boolean; exchange: string | null; securityType: string; }'.
services/market-data/src/services/reitsService.ts(446,43): error TS7006: Parameter 'q' implicitly has an 'any' type.
services/market-data/src/services/reitsService.ts(452,32): error TS2339: Property 'historicalData' does not exist on type '{ symbol: string; id: string; createdAt: Date; updatedAt: Date; name: string; tenantId: string; currency: string; isActive: boolean; exchange: string | null; securityType: string; }'.
services/market-data/src/services/reitsService.ts(452,51): error TS7006: Parameter 'h' implicitly has an 'any' type.
services/market-data/src/services/reitsService.ts(460,33): error TS2339: Property 'corporateActions' does not exist on type '{ symbol: string; id: string; createdAt: Date; updatedAt: Date; name: string; tenantId: string; currency: string; isActive: boolean; exchange: string | null; securityType: string; }'.
services/market-data/src/services/reitsService.ts(460,54): error TS7006: Parameter 'ca' implicitly has an 'any' type.
services/market-data/src/services/reitsService.ts(478,25): error TS2339: Property 'fundamental' does not exist on type 'PrismaClient<PrismaClientOptions, never, DefaultArgs>'.
services/market-data/src/services/reitsService.ts(506,42): error TS2339: Property 'fundamental' does not exist on type 'PrismaClient<PrismaClientOptions, never, DefaultArgs>'.
services/performance-optimization/src/PerformanceOptimizationService.ts(40,11): error TS2564: Property 'dbOptimizer' has no initializer and is not definitely assigned in the constructor.
services/performance-optimization/src/PerformanceOptimizationService.ts(41,11): error TS2564: Property 'queryAnalyzer' has no initializer and is not definitely assigned in the constructor.
services/performance-optimization/src/PerformanceOptimizationService.ts(42,11): error TS2564: Property 'dbMonitor' has no initializer and is not definitely assigned in the constructor.
services/performance-optimization/src/PerformanceOptimizationService.ts(43,11): error TS2564: Property 'apiOptimizer' has no initializer and is not definitely assigned in the constructor.
services/performance-optimization/src/PerformanceOptimizationService.ts(44,11): error TS2564: Property 'cachingStrategy' has no initializer and is not definitely assigned in the constructor.
services/performance-optimization/src/PerformanceOptimizationService.ts(516,30): error TS2339: Property '$disconnect' does not exist on type 'QueryPerformanceAnalyzer'.
services/performance-optimization/src/services/CachingStrategy.ts(84,11): error TS2564: Property 'redis' has no initializer and is not definitely assigned in the constructor.
services/performance-optimization/src/services/CachingStrategy.ts(85,27): error TS2702: 'Redis' only refers to a type, but is being used as a namespace here.
services/performance-optimization/src/services/CachingStrategy.ts(106,24): error TS2769: No overload matches this call.
  Overload 1 of 8, '(options: RedisOptions): Redis', gave the following error.
    Object literal may only specify known properties, and 'retryDelayOnFailover' does not exist in type 'RedisOptions'.
  Overload 2 of 8, '(port: number): Redis', gave the following error.
    Argument of type '{ host: string; port: number; password: string | undefined; db: number; keyPrefix: string; retryDelayOnFailover: number; maxRetriesPerRequest: number; }' is not assignable to parameter of type 'number'.
  Overload 3 of 8, '(path: string): Redis', gave the following error.
    Argument of type '{ host: string; port: number; password: string | undefined; db: number; keyPrefix: string; retryDelayOnFailover: number; maxRetriesPerRequest: number; }' is not assignable to parameter of type 'string'.
services/performance-optimization/src/services/DatabaseMonitor.ts(588,7): error TS2322: Type '{ tableName: string; rowCount: number; tableSize: string; indexSize: string; totalSize: string; sequentialScans: number; indexScans: number; tuplesInserted: number; tuplesUpdated: number; tuplesDeleted: number; lastVacuum: Date | null; lastAnalyze: Date | null; }[]' is not assignable to type '{ tableName: string; rowCount: number; tableSize: string; indexSize: string; totalSize: string; sequentialScans: number; indexScans: number; tuplesInserted: number; tuplesUpdated: number; tuplesDeleted: number; lastVacuum?: Date | undefined; lastAnalyze?: Date | undefined; }[]'.
  Type '{ tableName: string; rowCount: number; tableSize: string; indexSize: string; totalSize: string; sequentialScans: number; indexScans: number; tuplesInserted: number; tuplesUpdated: number; tuplesDeleted: number; lastVacuum: Date | null; lastAnalyze: Date | null; }' is not assignable to type '{ tableName: string; rowCount: number; tableSize: string; indexSize: string; totalSize: string; sequentialScans: number; indexScans: number; tuplesInserted: number; tuplesUpdated: number; tuplesDeleted: number; lastVacuum?: Date | undefined; lastAnalyze?: Date | undefined; }'.
    Types of property 'lastVacuum' are incompatible.
      Type 'Date | null' is not assignable to type 'Date | undefined'.
        Type 'null' is not assignable to type 'Date | undefined'.
services/performance-optimization/src/services/DatabaseOptimizer.ts(90,21): error TS2345: Argument of type '"query"' is not assignable to parameter of type 'never'.
services/performance-optimization/src/services/QueryPerformanceAnalyzer.ts(1,30): error TS2307: Cannot find module '@prisma/client/runtime' or its corresponding type declarations.
services/performance-optimization/src/services/QueryPerformanceAnalyzer.ts(451,40): error TS2339: Property '$queryRawUnsafe' does not exist on type 'QueryPerformanceAnalyzer'.
services/performance-optimization/src/services/QueryPerformanceAnalyzer.ts(462,20): error TS2339: Property '$queryRawUnsafe' does not exist on type 'QueryPerformanceAnalyzer'.
services/portfolio-service/src/middleware/auth.ts(23,7): error TS2717: Subsequent property declarations must have the same type.  Property 'user' must be of type '(JWTPayload & { sessionId?: string | undefined; }) | undefined', but here has type '(JWTPayload & { sessionId?: string | undefined; }) | undefined'.
services/portfolio-service/src/middleware/auth.ts(104,26): error TS2339: Property 'sub' does not exist on type 'JWTPayload & { sessionId?: string | undefined; }'.
services/portfolio-service/src/middleware/auth.ts(135,26): error TS2339: Property 'sub' does not exist on type 'JWTPayload & { sessionId?: string | undefined; }'.
services/portfolio-service/src/middleware/auth.ts(162,24): error TS2339: Property 'sub' does not exist on type 'JWTPayload & { sessionId?: string | undefined; }'.
services/portfolio-service/src/middleware/errorHandler.ts(26,23): error TS2339: Property 'sub' does not exist on type 'JWTPayload & { sessionId?: string | undefined; }'.
services/portfolio-service/src/middleware/errorHandler.ts(32,19): error TS2339: Property 'code' does not exist on type 'Error | PrismaClientKnownRequestError | CustomError'.
  Property 'code' does not exist on type 'Error'.
services/portfolio-service/src/middleware/metrics.ts(118,27): error TS2339: Property 'sub' does not exist on type 'JWTPayload & { sessionId?: string | undefined; }'.
services/portfolio-service/src/middleware/validation.ts(1,10): error TS2305: Module '"express-validator"' has no exported member 'validationResult'.
services/portfolio-service/src/middleware/validation.ts(1,28): error TS2305: Module '"express-validator"' has no exported member 'ValidationChain'.
services/portfolio-service/src/middleware/validation.ts(1,51): error TS2497: This module can only be referenced with ECMAScript imports/exports by turning on the 'esModuleInterop' flag and referencing its default export.
services/portfolio-service/src/routes/alternativeInvestments.ts(172,93): error TS7006: Parameter 'v' implicitly has an 'any' type.
services/portfolio-service/src/routes/cashEquivalents.ts(4,29): error TS2305: Module '"../middleware/auth"' has no exported member 'AuthenticatedRequest'.
services/portfolio-service/src/routes/fixedIncome.ts(4,29): error TS2305: Module '"../middleware/auth"' has no exported member 'AuthenticatedRequest'.
services/portfolio-service/src/routes/structuredProducts.ts(6,23): error TS2305: Module '"../middleware/auth"' has no exported member 'AuthenticatedRequest'.
services/portfolio-service/src/routes/transactionManagement.ts(3,24): error TS2300: Duplicate identifier 'Prisma'.
services/portfolio-service/src/routes/transactionManagement.ts(8,10): error TS2300: Duplicate identifier 'Prisma'.
services/portfolio-service/src/routes/transactionManagement.ts(96,24): error TS2304: Cannot find name 'Decimal'.
services/portfolio-service/src/routes/transactionManagement.ts(97,21): error TS2304: Cannot find name 'Decimal'.
services/portfolio-service/src/routes/transactionManagement.ts(100,27): error TS2304: Cannot find name 'Decimal'.
services/portfolio-service/src/routes/transactionManagement.ts(101,29): error TS2304: Cannot find name 'Decimal'.
services/portfolio-service/src/routes/transactionManagement.ts(102,39): error TS2304: Cannot find name 'Decimal'.
services/portfolio-service/src/routes/transactionManagement.ts(182,24): error TS2304: Cannot find name 'Decimal'.
services/portfolio-service/src/routes/transactionManagement.ts(183,21): error TS2304: Cannot find name 'Decimal'.
services/portfolio-service/src/routes/transactionManagement.ts(186,33): error TS2304: Cannot find name 'Decimal'.
services/portfolio-service/src/routes/transactionManagement.ts(187,35): error TS2304: Cannot find name 'Decimal'.
services/portfolio-service/src/routes/transactionManagement.ts(188,45): error TS2304: Cannot find name 'Decimal'.
services/portfolio-service/src/routes/transactionManagement.ts(338,32): error TS2304: Cannot find name 'Decimal'.
services/portfolio-service/src/services/complianceMonitoringService.ts(359,80): error TS2554: Expected 1 arguments, but got 2.
services/portfolio-service/src/services/complianceMonitoringService.ts(360,41): error TS2551: Property 'calculateDetailedConcentrations' does not exist on type 'ComplianceMonitoringService'. Did you mean 'calculateConcentrations'?
services/portfolio-service/src/services/complianceMonitoringService.ts(367,50): error TS7006: Parameter 't' implicitly has an 'any' type.
services/portfolio-service/src/services/complianceMonitoringService.ts(369,47): error TS2345: Argument of type 'unknown' is not assignable to parameter of type 'number'.
services/portfolio-service/src/services/complianceMonitoringService.ts(417,42): error TS2339: Property 'getApplicableRestrictedLists' does not exist on type 'ComplianceMonitoringService'.
services/portfolio-service/src/services/complianceMonitoringService.ts(421,39): error TS2339: Property 'getInstrumentData' does not exist on type 'ComplianceMonitoringService'.
services/portfolio-service/src/services/complianceMonitoringService.ts(425,13): error TS7006: Parameter 's' implicitly has an 'any' type.
services/portfolio-service/src/services/complianceMonitoringService.ts(429,35): error TS2339: Property 'getRestrictionSeverity' does not exist on type 'ComplianceMonitoringService'.
services/portfolio-service/src/services/complianceMonitoringService.ts(459,45): error TS2339: Property 'getSuitabilityProfile' does not exist on type 'ComplianceMonitoringService'.
services/portfolio-service/src/services/complianceMonitoringService.ts(468,38): error TS2339: Property 'calculatePortfolioRiskMetrics' does not exist on type 'ComplianceMonitoringService'.
services/portfolio-service/src/services/complianceMonitoringService.ts(472,39): error TS2339: Property 'assessRiskAlignment' does not exist on type 'ComplianceMonitoringService'.
services/portfolio-service/src/services/complianceMonitoringService.ts(473,44): error TS2339: Property 'assessObjectiveAlignment' does not exist on type 'ComplianceMonitoringService'.
services/portfolio-service/src/services/complianceMonitoringService.ts(474,39): error TS2339: Property 'assessConcentrationSuitability' does not exist on type 'ComplianceMonitoringService'.
services/portfolio-service/src/services/complianceMonitoringService.ts(475,35): error TS2339: Property 'assessLiquiditySuitability' does not exist on type 'ComplianceMonitoringService'.
services/portfolio-service/src/services/complianceMonitoringService.ts(482,27): error TS2339: Property 'identifySuitabilityIssues' does not exist on type 'ComplianceMonitoringService'.
services/portfolio-service/src/services/complianceMonitoringService.ts(490,36): error TS2339: Property 'generateSuitabilityRecommendations' does not exist on type 'ComplianceMonitoringService'.
services/portfolio-service/src/services/complianceMonitoringService.ts(491,36): error TS2339: Property 'generateRequiredActions' does not exist on type 'ComplianceMonitoringService'.
services/portfolio-service/src/services/complianceMonitoringService.ts(515,18): error TS2339: Property 'storeSuitabilityCheck' does not exist on type 'ComplianceMonitoringService'.
services/portfolio-service/src/services/complianceMonitoringService.ts(538,22): error TS2339: Property 'getPortfoliosByIds' does not exist on type 'ComplianceMonitoringService'.
services/portfolio-service/src/services/complianceMonitoringService.ts(539,22): error TS2339: Property 'getAllPortfolios' does not exist on type 'ComplianceMonitoringService'.
services/portfolio-service/src/services/complianceMonitoringService.ts(549,46): error TS2551: Property 'createBreachesFromCheckResult' does not exist on type 'ComplianceMonitoringService'. Did you mean 'createBreachesFromResults'?
services/portfolio-service/src/services/complianceMonitoringService.ts(565,39): error TS2339: Property 'createBreach' does not exist on type 'ComplianceMonitoringService'.
services/portfolio-service/src/services/complianceMonitoringService.ts(572,18): error TS2339: Property 'sendBreachAlerts' does not exist on type 'ComplianceMonitoringService'.
services/portfolio-service/src/services/complianceMonitoringService.ts(589,32): error TS2339: Property 'buildBreachSearchQuery' does not exist on type 'ComplianceMonitoringService'.
services/portfolio-service/src/services/complianceMonitoringService.ts(603,53): error TS2339: Property 'resolvedAt' does not exist on type '{ status: string; id: string; createdAt: Date; updatedAt: Date; description: string; severity: string; ruleId: string; tenantId: string; portfolioId: string; }'.
services/portfolio-service/src/services/complianceMonitoringService.ts(604,43): error TS2339: Property 'calculateAverageResolutionTime' does not exist on type 'ComplianceMonitoringService'.
services/portfolio-service/src/services/complianceMonitoringService.ts(608,9): error TS2322: Type '{ status: string; id: string; createdAt: Date; updatedAt: Date; description: string; severity: string; ruleId: string; tenantId: string; portfolioId: string; }[]' is not assignable to type 'ComplianceBreach[]'.
  Type '{ status: string; id: string; createdAt: Date; updatedAt: Date; description: string; severity: string; ruleId: string; tenantId: string; portfolioId: string; }' is missing the following properties from type 'ComplianceBreach': breachType, breachDescription, actualValue, limitValue, and 5 more.
services/portfolio-service/src/services/complianceWorkflowService.ts(202,9): error TS2353: Object literal may only specify known properties, and 'escalatedAt' does not exist in type 'ComplianceWorkflow'.
services/portfolio-service/src/services/complianceWorkflowService.ts(232,9): error TS18004: No value exists in scope for the shorthand property 'escalatedTo'. Either declare one or provide an initializer.
services/portfolio-service/src/services/complianceWorkflowService.ts(299,9): error TS2322: Type '{ breach: true; }' is not assignable to type 'never'.
services/portfolio-service/src/services/complianceWorkflowService.ts(304,7): error TS2322: Type '({ breach: never; } & { status: string; id: string; createdAt: Date; updatedAt: Date; name: string; description: string | null; tenantId: string; }) | null' is not assignable to type 'ComplianceWorkflow | null'.
  Type '{ breach: never; } & { status: string; id: string; createdAt: Date; updatedAt: Date; name: string; description: string | null; tenantId: string; }' is not assignable to type 'ComplianceWorkflow | null'.
    Type '{ breach: never; } & { status: string; id: string; createdAt: Date; updatedAt: Date; name: string; description: string | null; tenantId: string; }' is missing the following properties from type 'ComplianceWorkflow': breachId, workflowType, priority, assignedTo, and 7 more.
services/portfolio-service/src/services/complianceWorkflowService.ts(336,13): error TS2353: Object literal may only specify known properties, and 'dueDate' does not exist in type 'ComplianceWorkflowOrderByWithRelationInput | ComplianceWorkflowOrderByWithRelationInput[]'.
services/portfolio-service/src/services/complianceWorkflowService.ts(346,16): error TS2322: Type '{ status: string; id: string; createdAt: Date; updatedAt: Date; name: string; description: string | null; tenantId: string; }[]' is not assignable to type 'ComplianceWorkflow[]'.
  Type '{ status: string; id: string; createdAt: Date; updatedAt: Date; name: string; description: string | null; tenantId: string; }' is missing the following properties from type 'ComplianceWorkflow': breachId, workflowType, priority, assignedTo, and 7 more.
services/portfolio-service/src/services/complianceWorkflowService.ts(362,11): error TS2353: Object literal may only specify known properties, and 'dueDate' does not exist in type 'ComplianceWorkflowWhereInput'.
services/portfolio-service/src/services/complianceWorkflowService.ts(370,11): error TS2353: Object literal may only specify known properties, and 'dueDate' does not exist in type 'ComplianceWorkflowOrderByWithRelationInput | ComplianceWorkflowOrderByWithRelationInput[]'.
services/portfolio-service/src/services/complianceWorkflowService.ts(374,7): error TS2322: Type '{ status: string; id: string; createdAt: Date; updatedAt: Date; name: string; description: string | null; tenantId: string; }[]' is not assignable to type 'ComplianceWorkflow[]'.
  Type '{ status: string; id: string; createdAt: Date; updatedAt: Date; name: string; description: string | null; tenantId: string; }' is missing the following properties from type 'ComplianceWorkflow': breachId, workflowType, priority, assignedTo, and 7 more.
services/portfolio-service/src/services/custodianIntegration/adapters/FidelityIntegrationService.ts(4,24): error TS2307: Cannot find module 'ssh2-sftp-client' or its corresponding type declarations.
services/portfolio-service/src/services/custodianIntegration/adapters/FidelityIntegrationService.ts(123,16): error TS2339: Property 'connectionType' does not exist on type 'CustodianConnectionConfig'.
services/portfolio-service/src/services/custodianIntegration/adapters/FidelityIntegrationService.ts(127,23): error TS2339: Property 'connectionType' does not exist on type 'CustodianConnectionConfig'.
services/portfolio-service/src/services/custodianIntegration/adapters/FidelityIntegrationService.ts(153,18): error TS2339: Property 'connectionType' does not exist on type 'CustodianConnectionConfig'.
services/portfolio-service/src/services/custodianIntegration/adapters/FidelityIntegrationService.ts(165,25): error TS2339: Property 'connectionType' does not exist on type 'CustodianConnectionConfig'.
services/portfolio-service/src/services/custodianIntegration/adapters/FidelityIntegrationService.ts(190,7): error TS2322: Type 'string | undefined' is not assignable to type 'AxiosHeaderValue'.
  Type 'undefined' is not assignable to type 'AxiosHeaderValue'.
services/portfolio-service/src/services/custodianIntegration/adapters/FidelityIntegrationService.ts(403,42): error TS7006: Parameter 'file' implicitly has an 'any' type.
services/portfolio-service/src/services/custodianIntegration/adapters/FidelityIntegrationService.ts(431,45): error TS7006: Parameter 'f' implicitly has an 'any' type.
services/portfolio-service/src/services/custodianIntegration/adapters/PershingIntegrationService.ts(4,24): error TS2307: Cannot find module 'ssh2-sftp-client' or its corresponding type declarations.
services/portfolio-service/src/services/custodianIntegration/adapters/PershingIntegrationService.ts(126,16): error TS2339: Property 'connectionType' does not exist on type 'CustodianConnectionConfig'.
services/portfolio-service/src/services/custodianIntegration/adapters/PershingIntegrationService.ts(134,23): error TS2339: Property 'connectionType' does not exist on type 'CustodianConnectionConfig'.
services/portfolio-service/src/services/custodianIntegration/adapters/PershingIntegrationService.ts(146,23): error TS2339: Property 'connectionType' does not exist on type 'CustodianConnectionConfig'.
services/portfolio-service/src/services/custodianIntegration/adapters/PershingIntegrationService.ts(161,16): error TS2339: Property 'connectionType' does not exist on type 'CustodianConnectionConfig'.
services/portfolio-service/src/services/custodianIntegration/adapters/PershingIntegrationService.ts(175,18): error TS2339: Property 'connectionType' does not exist on type 'CustodianConnectionConfig'.
services/portfolio-service/src/services/custodianIntegration/adapters/PershingIntegrationService.ts(193,25): error TS2339: Property 'connectionType' does not exist on type 'CustodianConnectionConfig'.
services/portfolio-service/src/services/custodianIntegration/adapters/PershingIntegrationService.ts(197,25): error TS2339: Property 'connectionType' does not exist on type 'CustodianConnectionConfig'.
services/portfolio-service/src/services/custodianIntegration/adapters/PershingIntegrationService.ts(515,42): error TS7006: Parameter 'file' implicitly has an 'any' type.
services/portfolio-service/src/services/custodianIntegration/adapters/PershingIntegrationService.ts(516,41): error TS7006: Parameter 'a' implicitly has an 'any' type.
services/portfolio-service/src/services/custodianIntegration/adapters/PershingIntegrationService.ts(516,44): error TS7006: Parameter 'b' implicitly has an 'any' type.
services/portfolio-service/src/services/custodianIntegration/adapters/PershingIntegrationService.ts(542,57): error TS7006: Parameter 'f' implicitly has an 'any' type.
services/portfolio-service/src/services/custodianIntegration/adapters/PershingIntegrationService.ts(628,9): error TS2322: Type '({ internalOrderId: string; custodianOrderId: any; status: string; filledQuantity: undefined; averageFillPrice: undefined; } | { internalOrderId: string; custodianOrderId: undefined; status: string; rejectionReason: string; })[]' is not assignable to type 'OrderStatus[]'.
  Type '{ internalOrderId: string; custodianOrderId: any; status: string; filledQuantity: undefined; averageFillPrice: undefined; } | { internalOrderId: string; custodianOrderId: undefined; status: string; rejectionReason: string; }' is not assignable to type 'OrderStatus'.
    Type '{ internalOrderId: string; custodianOrderId: any; status: string; filledQuantity: undefined; averageFillPrice: undefined; }' is not assignable to type 'OrderStatus'.
      Types of property 'status' are incompatible.
        Type 'string' is not assignable to type '"PENDING" | "REJECTED" | "ACCEPTED" | "SUBMITTED" | "PARTIALLY_FILLED" | "FILLED" | "CANCELED"'.
services/portfolio-service/src/services/custodianIntegration/adapters/PershingIntegrationService.ts(630,9): error TS2322: Type '{ errorCode: string; errorMessage: string; severity: string; timestamp: Date; resolved: boolean; }[]' is not assignable to type 'OrderSubmissionError[]'.
  Type '{ errorCode: string; errorMessage: string; severity: string; timestamp: Date; resolved: boolean; }' is not assignable to type 'OrderSubmissionError'.
    Types of property 'severity' are incompatible.
      Type 'string' is not assignable to type '"CRITICAL" | "ERROR" | "WARNING"'.
services/portfolio-service/src/services/custodianIntegration/adapters/SchwabIntegrationService.ts(109,16): error TS2339: Property 'connectionType' does not exist on type 'CustodianConnectionConfig'.
services/portfolio-service/src/services/custodianIntegration/adapters/SchwabIntegrationService.ts(375,9): error TS2322: Type '({ internalOrderId: string; custodianOrderId: any; status: string; filledQuantity: undefined; averageFillPrice: undefined; } | { internalOrderId: string; custodianOrderId: undefined; status: string; rejectionReason: string; })[]' is not assignable to type 'OrderStatus[]'.
  Type '{ internalOrderId: string; custodianOrderId: any; status: string; filledQuantity: undefined; averageFillPrice: undefined; } | { internalOrderId: string; custodianOrderId: undefined; status: string; rejectionReason: string; }' is not assignable to type 'OrderStatus'.
    Type '{ internalOrderId: string; custodianOrderId: any; status: string; filledQuantity: undefined; averageFillPrice: undefined; }' is not assignable to type 'OrderStatus'.
      Types of property 'status' are incompatible.
        Type 'string' is not assignable to type '"PENDING" | "REJECTED" | "ACCEPTED" | "SUBMITTED" | "PARTIALLY_FILLED" | "FILLED" | "CANCELED"'.
services/portfolio-service/src/services/custodianIntegration/adapters/SchwabIntegrationService.ts(377,9): error TS2322: Type '{ errorCode: string; errorMessage: string; severity: string; timestamp: Date; resolved: boolean; }[]' is not assignable to type 'OrderSubmissionError[]'.
  Type '{ errorCode: string; errorMessage: string; severity: string; timestamp: Date; resolved: boolean; }' is not assignable to type 'OrderSubmissionError'.
    Types of property 'severity' are incompatible.
      Type 'string' is not assignable to type '"CRITICAL" | "ERROR" | "WARNING"'.
services/portfolio-service/src/services/custodianIntegration/CustodianIntegrationService.ts(223,45): error TS7006: Parameter 'd' implicitly has an 'any' type.
services/portfolio-service/src/services/custodianIntegration/CustodianIntegrationService.ts(497,19): error TS2339: Property 'processingCompleted' does not exist on type '{ id: `${string}-${string}-${string}-${string}-${string}`; custodianConnectionId: string; tenantId: string; portfolioId: string; processingDate: Date; feedType: DataFeedType; recordCount: any; ... 8 more ...; processedBy: string; }'.
services/portfolio-service/src/services/derivativesAnalyticsService.ts(290,20): error TS7053: Element implicitly has an 'any' type because expression of type '0' can't be used to index type 'Number'.
  Property '0' does not exist on type 'Number'.
services/portfolio-service/src/services/derivativesAnalyticsService.ts(295,19): error TS7053: Element implicitly has an 'any' type because expression of type '0' can't be used to index type 'Number'.
  Property '0' does not exist on type 'Number'.
services/portfolio-service/src/services/derivativesAnalyticsService.ts(295,38): error TS7053: Element implicitly has an 'any' type because expression of type '0' can't be used to index type 'Number'.
  Property '0' does not exist on type 'Number'.
services/portfolio-service/src/services/derivativesAnalyticsService.ts(300,18): error TS7053: Element implicitly has an 'any' type because expression of type '0' can't be used to index type 'Number'.
  Property '0' does not exist on type 'Number'.
services/portfolio-service/src/services/derivativesAnalyticsService.ts(300,36): error TS7053: Element implicitly has an 'any' type because expression of type '0' can't be used to index type 'Number'.
  Property '0' does not exist on type 'Number'.
services/portfolio-service/src/services/derivativesAnalyticsService.ts(328,25): error TS2339: Property 'generateStockPath' does not exist on type 'DerivativesAnalyticsService'.
services/portfolio-service/src/services/derivativesAnalyticsService.ts(332,27): error TS2339: Property 'calculateOptionPayoff' does not exist on type 'DerivativesAnalyticsService'.
services/portfolio-service/src/services/derivativesAnalyticsService.ts(342,29): error TS2339: Property 'calculateOptionPayoff' does not exist on type 'DerivativesAnalyticsService'.
services/portfolio-service/src/services/derivativesAnalyticsService.ts(343,31): error TS2339: Property 'calculateOptionPayoff' does not exist on type 'DerivativesAnalyticsService'.
services/portfolio-service/src/services/derivativesAnalyticsService.ts(383,37): error TS2339: Property 'solveImpliedVolatility' does not exist on type 'DerivativesAnalyticsService'.
services/portfolio-service/src/services/derivativesAnalyticsService.ts(393,40): error TS2339: Property 'getHistoricalVolatility' does not exist on type 'DerivativesAnalyticsService'.
services/portfolio-service/src/services/derivativesAnalyticsService.ts(394,36): error TS2339: Property 'getImpliedVolatilityHistory' does not exist on type 'DerivativesAnalyticsService'.
services/portfolio-service/src/services/derivativesAnalyticsService.ts(397,27): error TS2339: Property 'calculatePercentileRank' does not exist on type 'DerivativesAnalyticsService'.
services/portfolio-service/src/services/derivativesAnalyticsService.ts(401,40): error TS2339: Property 'buildVolatilityTermStructure' does not exist on type 'DerivativesAnalyticsService'.
services/portfolio-service/src/services/derivativesAnalyticsService.ts(404,29): error TS2339: Property 'calculateStandardDeviation' does not exist on type 'DerivativesAnalyticsService'.
services/portfolio-service/src/services/derivativesAnalyticsService.ts(419,27): error TS2339: Property 'getATMImpliedVolatility' does not exist on type 'DerivativesAnalyticsService'.
services/portfolio-service/src/services/derivativesAnalyticsService.ts(420,26): error TS2339: Property 'calculateVolatilitySkew' does not exist on type 'DerivativesAnalyticsService'.
services/portfolio-service/src/services/derivativesAnalyticsService.ts(432,18): error TS2339: Property 'storeImpliedVolatilityAnalysis' does not exist on type 'DerivativesAnalyticsService'.
services/portfolio-service/src/services/derivativesAnalyticsService.ts(453,12): error TS2339: Property 'validateStrategyRequest' does not exist on type 'DerivativesAnalyticsService'.
services/portfolio-service/src/services/derivativesAnalyticsService.ts(456,42): error TS2339: Property 'getUnderlyingPrice' does not exist on type 'DerivativesAnalyticsService'.
services/portfolio-service/src/services/derivativesAnalyticsService.ts(457,37): error TS2339: Property 'getImpliedVolatility' does not exist on type 'DerivativesAnalyticsService'.
services/portfolio-service/src/services/derivativesAnalyticsService.ts(461,38): error TS2339: Property 'buildStrategyLeg' does not exist on type 'DerivativesAnalyticsService'.
services/portfolio-service/src/services/derivativesAnalyticsService.ts(465,42): error TS2339: Property 'calculateStrategyMetrics' does not exist on type 'DerivativesAnalyticsService'.
services/portfolio-service/src/services/derivativesAnalyticsService.ts(472,28): error TS2339: Property 'generateStrategyName' does not exist on type 'DerivativesAnalyticsService'.
services/portfolio-service/src/services/derivativesAnalyticsService.ts(474,27): error TS2339: Property 'generateStrategyDescription' does not exist on type 'DerivativesAnalyticsService'.
services/portfolio-service/src/services/derivativesAnalyticsService.ts(501,18): error TS2339: Property 'storeOptionStrategy' does not exist on type 'DerivativesAnalyticsService'.
services/portfolio-service/src/services/derivativesAnalyticsService.ts(526,16): error TS2339: Property 'calculatePositionMargin' does not exist on type 'DerivativesAnalyticsService'.
services/portfolio-service/src/services/derivativesAnalyticsService.ts(531,42): error TS2551: Property 'calculateSPANMargin' does not exist on type 'DerivativesAnalyticsService'. Did you mean 'calculateMargin'?
services/portfolio-service/src/services/derivativesAnalyticsService.ts(539,40): error TS2339: Property 'calculateNetLiquidationValue' does not exist on type 'DerivativesAnalyticsService'.
services/portfolio-service/src/services/derivativesAnalyticsService.ts(540,34): error TS2339: Property 'calculatePortfolioRisk' does not exist on type 'DerivativesAnalyticsService'.
services/portfolio-service/src/services/derivativesAnalyticsService.ts(559,33): error TS2339: Property 'calculateConcentrationRisk' does not exist on type 'DerivativesAnalyticsService'.
services/portfolio-service/src/services/derivativesAnalyticsService.ts(560,29): error TS2339: Property 'calculateLiquidityRisk' does not exist on type 'DerivativesAnalyticsService'.
services/portfolio-service/src/services/derivativesAnalyticsService.ts(569,18): error TS2339: Property 'storeMarginCalculation' does not exist on type 'DerivativesAnalyticsService'.
services/portfolio-service/src/services/derivativesAnalyticsService.ts(586,61): error TS2304: Cannot find name 'instrumentId'.
services/portfolio-service/src/services/derivativesAnalyticsService.ts(591,42): error TS2339: Property 'getUnderlyingPrice' does not exist on type 'DerivativesAnalyticsService'.
services/portfolio-service/src/services/derivativesAnalyticsService.ts(592,37): error TS2339: Property 'getImpliedVolatility' does not exist on type 'DerivativesAnalyticsService'.
services/portfolio-service/src/services/derivativesAnalyticsService.ts(596,43): error TS2339: Property 'calculateTheoreticalPrice' does not exist on type 'DerivativesAnalyticsService'.
services/portfolio-service/src/services/derivativesAnalyticsService.ts(608,9): error TS2353: Object literal may only specify known properties, and 'instrumentId' does not exist in type 'GreeksCalculationRequest'.
services/portfolio-service/src/services/derivativesAnalyticsService.ts(608,9): error TS18004: No value exists in scope for the shorthand property 'instrumentId'. Either declare one or provide an initializer.
services/portfolio-service/src/services/derivativesAnalyticsService.ts(615,44): error TS2339: Property 'getPreviousMarkToMarket' does not exist on type 'DerivativesAnalyticsService'.
services/portfolio-service/src/services/derivativesAnalyticsService.ts(615,68): error TS2304: Cannot find name 'instrumentId'.
services/portfolio-service/src/services/derivativesAnalyticsService.ts(620,9): error TS2353: Object literal may only specify known properties, and 'instrumentId' does not exist in type 'MarkToMarketValuation'.
services/portfolio-service/src/services/derivativesAnalyticsService.ts(620,9): error TS18004: No value exists in scope for the shorthand property 'instrumentId'. Either declare one or provide an initializer.
services/portfolio-service/src/services/derivativesAnalyticsService.ts(625,30): error TS2339: Property 'calculateIntrinsicValue' does not exist on type 'DerivativesAnalyticsService'.
services/portfolio-service/src/services/derivativesAnalyticsService.ts(626,44): error TS2339: Property 'calculateIntrinsicValue' does not exist on type 'DerivativesAnalyticsService'.
services/portfolio-service/src/services/derivativesAnalyticsService.ts(633,24): error TS2339: Property 'calculateDeltaPnL' does not exist on type 'DerivativesAnalyticsService'.
services/portfolio-service/src/services/derivativesAnalyticsService.ts(634,24): error TS2339: Property 'calculateGammaPnL' does not exist on type 'DerivativesAnalyticsService'.
services/portfolio-service/src/services/derivativesAnalyticsService.ts(635,24): error TS2339: Property 'calculateThetaPnL' does not exist on type 'DerivativesAnalyticsService'.
services/portfolio-service/src/services/derivativesAnalyticsService.ts(636,23): error TS2339: Property 'calculateVegaPnL' does not exist on type 'DerivativesAnalyticsService'.
services/portfolio-service/src/services/derivativesAnalyticsService.ts(637,22): error TS2339: Property 'calculateRhoPnL' does not exist on type 'DerivativesAnalyticsService'.
services/portfolio-service/src/services/derivativesAnalyticsService.ts(654,18): error TS2339: Property 'storeMarkToMarketValuation' does not exist on type 'DerivativesAnalyticsService'.
services/portfolio-service/src/services/derivativesAnalyticsService.ts(672,36): error TS2339: Property 'getPortfolioDerivativePositions' does not exist on type 'DerivativesAnalyticsService'.
services/portfolio-service/src/services/derivativesAnalyticsService.ts(679,47): error TS7006: Parameter 'sum' implicitly has an 'any' type.
services/portfolio-service/src/services/derivativesAnalyticsService.ts(679,52): error TS7006: Parameter 'pos' implicitly has an 'any' type.
services/portfolio-service/src/services/derivativesAnalyticsService.ts(680,50): error TS7006: Parameter 'sum' implicitly has an 'any' type.
services/portfolio-service/src/services/derivativesAnalyticsService.ts(680,55): error TS7006: Parameter 'pos' implicitly has an 'any' type.
services/portfolio-service/src/services/derivativesAnalyticsService.ts(683,42): error TS2339: Property 'calculatePortfolioGreeks' does not exist on type 'DerivativesAnalyticsService'.
services/portfolio-service/src/services/derivativesAnalyticsService.ts(686,39): error TS2339: Property 'calculatePortfolioVaR' does not exist on type 'DerivativesAnalyticsService'.
services/portfolio-service/src/services/derivativesAnalyticsService.ts(687,38): error TS2339: Property 'calculateMaxDrawdown' does not exist on type 'DerivativesAnalyticsService'.
services/portfolio-service/src/services/derivativesAnalyticsService.ts(688,38): error TS2339: Property 'calculateSharpeRatio' does not exist on type 'DerivativesAnalyticsService'.
services/portfolio-service/src/services/derivativesAnalyticsService.ts(691,43): error TS2339: Property 'getActiveStrategies' does not exist on type 'DerivativesAnalyticsService'.
services/portfolio-service/src/services/derivativesAnalyticsService.ts(692,38): error TS2339: Property 'analyzeStrategyBreakdown' does not exist on type 'DerivativesAnalyticsService'.
services/portfolio-service/src/services/derivativesAnalyticsService.ts(695,41): error TS2339: Property 'calculateMarginUtilization' does not exist on type 'DerivativesAnalyticsService'.
services/portfolio-service/src/services/derivativesAnalyticsService.ts(698,38): error TS2339: Property 'analyzeExpirations' does not exist on type 'DerivativesAnalyticsService'.
services/portfolio-service/src/services/derivativesAnalyticsService.ts(701,38): error TS2339: Property 'calculatePortfolioPerformance' does not exist on type 'DerivativesAnalyticsService'.
services/portfolio-service/src/services/derivativesAnalyticsService.ts(713,33): error TS2339: Property 'calculateOptionsAllocation' does not exist on type 'DerivativesAnalyticsService'.
services/portfolio-service/src/services/derivativesAnalyticsService.ts(714,33): error TS2339: Property 'calculateFuturesAllocation' does not exist on type 'DerivativesAnalyticsService'.
services/portfolio-service/src/services/derivativesAnalyticsService.ts(715,42): error TS2339: Property 'calculateOtherDerivativesAllocation' does not exist on type 'DerivativesAnalyticsService'.
services/portfolio-service/src/services/derivativesAnalyticsService.ts(734,55): error TS7006: Parameter 'bucket' implicitly has an 'any' type.
services/portfolio-service/src/services/derivativesAnalyticsService.ts(742,27): error TS2339: Property 'assessDataQuality' does not exist on type 'DerivativesAnalyticsService'.
services/portfolio-service/src/services/derivativesAnalyticsService.ts(743,24): error TS2339: Property 'generatePortfolioWarnings' does not exist on type 'DerivativesAnalyticsService'.
services/portfolio-service/src/services/derivativesAnalyticsService.ts(747,18): error TS2339: Property 'storePortfolioAnalytics' does not exist on type 'DerivativesAnalyticsService'.
services/portfolio-service/src/services/derivativesAnalyticsService.ts(767,32): error TS2339: Property 'buildDerivativesSearchQuery' does not exist on type 'DerivativesAnalyticsService'.
services/portfolio-service/src/services/derivativesAnalyticsService.ts(778,37): error TS2339: Property 'calculateSearchAggregateMetrics' does not exist on type 'DerivativesAnalyticsService'.
services/portfolio-service/src/services/derivativesAnalyticsService.ts(781,9): error TS2322: Type '{ symbol: string; id: string; createdAt: Date; updatedAt: Date; tenantId: string; expirationDate: Date; instrumentType: string; underlyingAsset: string; strikePrice: Decimal | null; }[]' is not assignable to type 'DerivativeInstrument[]'.
  Type '{ symbol: string; id: string; createdAt: Date; updatedAt: Date; tenantId: string; expirationDate: Date; instrumentType: string; underlyingAsset: string; strikePrice: Decimal | null; }' is missing the following properties from type 'DerivativeInstrument': securityId, underlyingSymbol, underlyingInstrumentId, derivativeType, and 15 more.
services/portfolio-service/src/services/derivativesAnalyticsService.ts(943,29): error TS2551: Property 'exerciseStyle' does not exist on type 'OptionContract'. Did you mean 'exerciseType'?
services/portfolio-service/src/services/documentManagement/DataExtractionService.ts(3,30): error TS2307: Cannot find module '../infrastructure/KafkaService' or its corresponding type declarations.
services/portfolio-service/src/services/documentManagement/DocumentFilingService.ts(3,30): error TS2307: Cannot find module '../infrastructure/KafkaService' or its corresponding type declarations.
services/portfolio-service/src/services/documentManagement/DocumentFilingService.ts(244,11): error TS2561: Object literal may only specify known properties, but 'filingPath' does not exist in type 'Partial<Document>'. Did you mean to write 'filePath'?
services/portfolio-service/src/services/documentManagement/DocumentFilingService.ts(855,11): error TS2740: Type '{ TRADE_CONFIRMATION: DocumentClassification.CONFIDENTIAL; STATEMENT: DocumentClassification.CONFIDENTIAL; PROSPECTUS: DocumentClassification.PUBLIC; ... 11 more ...; OTHER: DocumentClassification.INTERNAL; }' is missing the following properties from type 'Record<DocumentType, DocumentClassification>': OFFERING_MEMORANDUM, TERM_SHEET, ANNUAL_REPORT, QUARTERLY_REPORT, and 6 more.
services/portfolio-service/src/services/documentManagement/DocumentSearchService.ts(3,30): error TS2307: Cannot find module '../infrastructure/KafkaService' or its corresponding type declarations.
services/portfolio-service/src/services/documentManagement/DocumentSearchService.ts(221,11): error TS2300: Duplicate identifier 'semanticSearch'.
services/portfolio-service/src/services/documentManagement/DocumentSearchService.ts(318,9): error TS2300: Duplicate identifier 'semanticSearch'.
services/portfolio-service/src/services/documentManagement/DocumentVersionControlService.ts(3,30): error TS2307: Cannot find module '../infrastructure/KafkaService' or its corresponding type declarations.
services/portfolio-service/src/services/documentManagement/DocumentVersionControlService.ts(825,12): error TS2352: Conversion of type '{ id: string; tenantId: string; versions: never[]; filePath: string; }' to type 'Document' may be a mistake because neither type sufficiently overlaps with the other. If this was intentional, convert the expression to 'unknown' first.
  Type '{ id: string; tenantId: string; versions: never[]; filePath: string; }' is missing the following properties from type 'Document': documentType, classification, status, fileName, and 19 more.
services/portfolio-service/src/services/documentManagement/MultiLanguageProcessingService.ts(3,30): error TS2307: Cannot find module '../infrastructure/KafkaService' or its corresponding type declarations.
services/portfolio-service/src/services/documentManagement/MultiLanguageProcessingService.ts(166,28): error TS2352: Conversion of type '{ language: Language; confidence: number; alternativeLanguages: never[]; isReliable: true; detectionMethod: "PREDEFINED"; }' to type 'LanguageDetectionResult' may be a mistake because neither type sufficiently overlaps with the other. If this was intentional, convert the expression to 'unknown' first.
  Types of property 'detectionMethod' are incompatible.
    Type '"PREDEFINED"' is not comparable to type '"HYBRID" | "STATISTICAL" | "CHARACTER_BASED" | "NEURAL_NETWORK"'.
services/portfolio-service/src/services/documentManagement/MultiLanguageProcessingService.ts(289,9): error TS2322: Type '"FALLBACK"' is not assignable to type '"HYBRID" | "STATISTICAL" | "CHARACTER_BASED" | "NEURAL_NETWORK"'.
services/portfolio-service/src/services/documentManagement/MultiLanguageProcessingService.ts(427,22): error TS7053: Element implicitly has an 'any' type because expression of type '"HYBRID" | "STATISTICAL" | "CHARACTER_BASED" | "NEURAL_NETWORK"' can't be used to index type '{ CHARACTER_BASED: number; STATISTICAL: number; NEURAL_NETWORK: number; }'.
  Property 'HYBRID' does not exist on type '{ CHARACTER_BASED: number; STATISTICAL: number; NEURAL_NETWORK: number; }'.
services/portfolio-service/src/services/documentManagement/MultiLanguageProcessingService.ts(460,16): error TS2352: Conversion of type '{ translatedText: string; confidence: number; sourceLanguage: Language; targetLanguage: Language; translationMethod: "NO_TRANSLATION_NEEDED"; metadata: { processingTime: number; ... 5 more ...; translatedAt: Date; }; }' to type 'TranslationResult' may be a mistake because neither type sufficiently overlaps with the other. If this was intentional, convert the expression to 'unknown' first.
  Types of property 'translationMethod' are incompatible.
    Type '"NO_TRANSLATION_NEEDED"' is not comparable to type '"HYBRID" | "STATISTICAL" | "NEURAL_NETWORK" | "RULE_BASED"'.
services/portfolio-service/src/services/documentManagement/MultiLanguageProcessingService.ts(595,9): error TS2322: Type '"FALLBACK"' is not assignable to type '"HYBRID" | "STATISTICAL" | "NEURAL_NETWORK" | "RULE_BASED"'.
services/portfolio-service/src/services/documentManagement/OCRService.ts(3,30): error TS2307: Cannot find module '../infrastructure/KafkaService' or its corresponding type declarations.
services/portfolio-service/src/services/documentManagement/OCRService.ts(219,17): error TS7006: Parameter 'm' implicitly has an 'any' type.
services/portfolio-service/src/services/documentManagement/OCRService.ts(368,42): error TS18046: 'x' is of type 'unknown'.
services/portfolio-service/src/services/documentManagement/OCRService.ts(372,58): error TS2503: Cannot find namespace 'tf'.
services/portfolio-service/src/services/documentManagement/TemplateRecognitionService.ts(3,30): error TS2307: Cannot find module '../infrastructure/KafkaService' or its corresponding type declarations.
services/portfolio-service/src/services/documentManagement/TemplateRecognitionService.ts(290,26): error TS2304: Cannot find name 'OCRLine'.
services/portfolio-service/src/services/documentManagement/TemplateRecognitionService.ts(291,21): error TS2304: Cannot find name 'OCRLine'.
services/portfolio-service/src/services/documentManagement/TemplateRecognitionService.ts(427,5): error TS2322: Type '{ type: "TEXT_BLOCK"; boundingBox: BoundingBox; confidence: number; text: string; }[]' is not assignable to type 'LayoutFeature[]'.
  Type '{ type: "TEXT_BLOCK"; boundingBox: BoundingBox; confidence: number; text: string; }' is not assignable to type 'LayoutFeature'.
    Types of property 'type' are incompatible.
      Type '"TEXT_BLOCK"' is not assignable to type '"HEADER" | "FOOTER" | "TABLE" | "LOGO" | "SIGNATURE" | "FORM_FIELD" | "BARCODE" | "QR_CODE"'.
services/portfolio-service/src/services/fixedIncomeAnalyticsService.ts(336,55): error TS2304: Cannot find name 'bondYield_guess'.
services/portfolio-service/src/services/fixedIncomeAnalyticsService.ts(337,66): error TS2304: Cannot find name 'bondYield_guess'.
services/portfolio-service/src/services/fixedIncomeAnalyticsService.ts(521,28): error TS1213: Identifier expected. 'yield' is a reserved word in strict mode. Class definitions are automatically in strict mode.
services/portfolio-service/src/services/fixedIncomeAnalyticsService.ts(521,28): error TS2304: Cannot find name 'yield'.
services/portfolio-service/src/services/fixedIncomeAnalyticsService.ts(531,27): error TS1213: Identifier expected. 'yield' is a reserved word in strict mode. Class definitions are automatically in strict mode.
services/portfolio-service/src/services/fixedIncomeAnalyticsService.ts(531,27): error TS2304: Cannot find name 'yield'.
services/portfolio-service/src/services/fixedIncomeAnalyticsService.ts(697,27): error TS1213: Identifier expected. 'yield' is a reserved word in strict mode. Class definitions are automatically in strict mode.
services/portfolio-service/src/services/fixedIncomeAnalyticsService.ts(697,27): error TS2304: Cannot find name 'yield'.
services/portfolio-service/src/services/fixedIncomeAnalyticsService.ts(825,27): error TS1213: Identifier expected. 'yield' is a reserved word in strict mode. Class definitions are automatically in strict mode.
services/portfolio-service/src/services/fixedIncomeAnalyticsService.ts(825,27): error TS2304: Cannot find name 'yield'.
services/portfolio-service/src/services/fixedIncomeAnalyticsService.ts(866,16): error TS2353: Object literal may only specify known properties, and 'instrumentId' does not exist in type 'FixedIncomeSecurityWhereInput'.
services/portfolio-service/src/services/fixedIncomeAnalyticsService.ts(866,16): error TS18004: No value exists in scope for the shorthand property 'instrumentId'. Either declare one or provide an initializer.
services/portfolio-service/src/services/fixedIncomeAnalyticsService.ts(879,9): error TS2353: Object literal may only specify known properties, and 'instrument' does not exist in type 'PositionWhereInput'.
services/portfolio-service/src/services/fixedIncomeAnalyticsService.ts(884,9): error TS2353: Object literal may only specify known properties, and 'instrument' does not exist in type 'PositionInclude<DefaultArgs>'.
services/portfolio-service/src/services/fixedIncomeAnalyticsService.ts(901,13): error TS1213: Identifier expected. 'yield' is a reserved word in strict mode. Class definitions are automatically in strict mode.
services/portfolio-service/src/services/fixedIncomeAnalyticsService.ts(904,38): error TS1213: Identifier expected. 'yield' is a reserved word in strict mode. Class definitions are automatically in strict mode.
services/portfolio-service/src/services/fixedIncomeAnalyticsService.ts(1050,33): error TS2345: Argument of type '{ marketValue: number; yield: any; duration: any; }' is not assignable to parameter of type 'never'.
services/portfolio-service/src/services/fixedIncomeAnalyticsService.ts(1061,71): error TS2339: Property 'marketValue' does not exist on type 'never'.
services/portfolio-service/src/services/fixedIncomeAnalyticsService.ts(1062,73): error TS2339: Property 'marketValue' does not exist on type 'never'.
services/portfolio-service/src/services/fixedIncomeAnalyticsService.ts(1062,89): error TS2339: Property 'yield' does not exist on type 'never'.
services/portfolio-service/src/services/fixedIncomeAnalyticsService.ts(1063,76): error TS2339: Property 'marketValue' does not exist on type 'never'.
services/portfolio-service/src/services/fixedIncomeAnalyticsService.ts(1063,92): error TS2339: Property 'duration' does not exist on type 'never'.
services/portfolio-service/src/services/fixedIncomeAnalyticsService.ts(1199,17): error TS2393: Duplicate function implementation.
services/portfolio-service/src/services/fixedIncomeAnalyticsService.ts(1237,22): error TS7053: Element implicitly has an 'any' type because expression of type 'CreditRating' can't be used to index type '{ AAA: number; AA: number; A: number; BBB: number; BB: number; B: number; CCC: number; D: number; }'.
  Property '[CreditRating.AA_PLUS]' does not exist on type '{ AAA: number; AA: number; A: number; BBB: number; BB: number; B: number; CCC: number; D: number; }'.
services/portfolio-service/src/services/fixedIncomeAnalyticsService.ts(1258,11): error TS2393: Duplicate function implementation.
services/portfolio-service/src/services/fixedIncomeAnalyticsService.ts(1297,12): error TS7053: Element implicitly has an 'any' type because expression of type 'CreditRating' can't be used to index type '{ AAA: number; AA: number; A: number; BBB: number; BB: number; B: number; CCC: number; D: number; }'.
  Property '[CreditRating.AA_PLUS]' does not exist on type '{ AAA: number; AA: number; A: number; BBB: number; BB: number; B: number; CCC: number; D: number; }'.
services/portfolio-service/src/services/fixedIncomeAnalyticsService.ts(1329,61): error TS7053: Element implicitly has an 'any' type because expression of type 'CreditRating' can't be used to index type '{ AAA: number; "AA+": number; AA: number; "AA-": number; "A+": number; A: number; "A-": number; "BBB+": number; BBB: number; "BBB-": number; "BB+": number; BB: number; "BB-": number; "B+": number; B: number; "B-": number; "CCC+": number; ... 4 more ...; D: number; }'.
  Property '[CreditRating.NR]' does not exist on type '{ AAA: number; "AA+": number; AA: number; "AA-": number; "A+": number; A: number; "A-": number; "BBB+": number; BBB: number; "BBB-": number; "BB+": number; BB: number; "BB-": number; "B+": number; B: number; "B-": number; "CCC+": number; ... 4 more ...; D: number; }'.
services/portfolio-service/src/services/fixedIncomeAnalyticsService.ts(1357,9): error TS2353: Object literal may only specify known properties, and 'analysisDate' does not exist in type '(Without<FixedIncomePortfolioAnalyticsCreateInput, FixedIncomePortfolioAnalyticsUncheckedCreateInput> & FixedIncomePortfolioAnalyticsUncheckedCreateInput) | (Without<...> & FixedIncomePortfolioAnalyticsCreateInput)'.
services/portfolio-service/src/services/fixedIncomeService.ts(31,18): error TS2322: Type '"GOVERNMENT_BOND"' is not assignable to type 'SecurityType'.
services/portfolio-service/src/services/fixedIncomeService.ts(31,37): error TS2322: Type '"CORPORATE_BOND"' is not assignable to type 'SecurityType'.
services/portfolio-service/src/services/fixedIncomeService.ts(31,55): error TS2322: Type '"MUNICIPAL_BOND"' is not assignable to type 'SecurityType'.
services/portfolio-service/src/services/fixedIncomeService.ts(31,73): error TS2322: Type '"TREASURY_BILL"' is not assignable to type 'SecurityType'.
services/portfolio-service/src/services/fixedIncomeService.ts(31,90): error TS2322: Type '"AGENCY_BOND"' is not assignable to type 'SecurityType'.
services/portfolio-service/src/services/fixedIncomeService.ts(81,11): error TS2353: Object literal may only specify known properties, and 'createdBy' does not exist in type 'Without<PositionCreateInput, PositionUncheckedCreateInput> & PositionUncheckedCreateInput'.
services/portfolio-service/src/services/fixedIncomeService.ts(141,11): error TS2353: Object literal may only specify known properties, and 'securityId' does not exist in type 'Without<TransactionCreateInput, TransactionUncheckedCreateInput> & TransactionUncheckedCreateInput'.
services/portfolio-service/src/services/fixedIncomeService.ts(199,35): error TS2339: Property 'metadata' does not exist on type '{ symbol: string; id: string; createdAt: Date; updatedAt: Date; tenantId: string; currency: string; currentValue: Decimal; isActive: boolean; securityType: SecurityType; ... 13 more ...; isLong: boolean; }'.
services/portfolio-service/src/services/fixedIncomeService.ts(225,11): error TS2322: Type '"COUPON_PAYMENT"' is not assignable to type 'TransactionType'.
services/portfolio-service/src/services/fixedIncomeService.ts(280,33): error TS2339: Property 'metadata' does not exist on type '{ symbol: string; id: string; createdAt: Date; updatedAt: Date; tenantId: string; currency: string; currentValue: Decimal; isActive: boolean; securityType: SecurityType; ... 13 more ...; isLong: boolean; }'.
services/portfolio-service/src/services/fixedIncomeService.ts(281,28): error TS18047: 'position.lastPrice' is possibly 'null'.
services/portfolio-service/src/services/fixedIncomeService.ts(326,33): error TS2339: Property 'metadata' does not exist on type '{ symbol: string; id: string; createdAt: Date; updatedAt: Date; tenantId: string; currency: string; currentValue: Decimal; isActive: boolean; securityType: SecurityType; ... 13 more ...; isLong: boolean; }'.
services/portfolio-service/src/services/fixedIncomeService.ts(328,28): error TS18047: 'position.lastPrice' is possibly 'null'.
services/portfolio-service/src/services/instrumentReferenceDataService.ts(81,9): error TS2353: Object literal may only specify known properties, and 'tenantId' does not exist in type '(Without<InstrumentMasterCreateInput, InstrumentMasterUncheckedCreateInput> & InstrumentMasterUncheckedCreateInput) | (Without<...> & InstrumentMasterCreateInput)'.
services/portfolio-service/src/services/instrumentReferenceDataService.ts(86,27): error TS2339: Property 'securityId' does not exist on type '{ symbol: string; id: string; createdAt: Date; updatedAt: Date; name: string; currency: string; isActive: boolean; exchange: string | null; securityType: string; assetClass: string; }'.
services/portfolio-service/src/services/instrumentReferenceDataService.ts(92,5): error TS2740: Type '{ symbol: string; id: string; createdAt: Date; updatedAt: Date; name: string; currency: string; isActive: boolean; exchange: string | null; securityType: string; assetClass: string; }' is missing the following properties from type 'InstrumentMaster': securityId, instrumentType, issuerName, tradingCurrency, and 7 more.
services/portfolio-service/src/services/instrumentReferenceDataService.ts(98,9): error TS2353: Object literal may only specify known properties, and 'securityId' does not exist in type 'InstrumentMasterWhereInput'.
services/portfolio-service/src/services/instrumentReferenceDataService.ts(107,54): error TS2345: Argument of type '{ symbol: string; id: string; createdAt: Date; updatedAt: Date; name: string; currency: string; isActive: boolean; exchange: string | null; securityType: string; assetClass: string; }' is not assignable to parameter of type 'InstrumentMaster'.
  Type '{ symbol: string; id: string; createdAt: Date; updatedAt: Date; name: string; currency: string; isActive: boolean; exchange: string | null; securityType: string; assetClass: string; }' is missing the following properties from type 'InstrumentMaster': securityId, instrumentType, issuerName, tradingCurrency, and 7 more.
services/portfolio-service/src/services/instrumentReferenceDataService.ts(116,9): error TS2353: Object literal may only specify known properties, and 'lastUpdated' does not exist in type '(Without<InstrumentMasterUpdateInput, InstrumentMasterUncheckedUpdateInput> & InstrumentMasterUncheckedUpdateInput) | (Without<...> & InstrumentMasterUpdateInput)'.
services/portfolio-service/src/services/instrumentReferenceDataService.ts(131,5): error TS2740: Type '{ symbol: string; id: string; createdAt: Date; updatedAt: Date; name: string; currency: string; isActive: boolean; exchange: string | null; securityType: string; assetClass: string; }' is missing the following properties from type 'InstrumentMaster': securityId, instrumentType, issuerName, tradingCurrency, and 7 more.
services/portfolio-service/src/services/instrumentReferenceDataService.ts(237,5): error TS2322: Type '{ symbol: string; id: string; createdAt: Date; updatedAt: Date; name: string; currency: string; isActive: boolean; exchange: string | null; securityType: string; assetClass: string; } | null' is not assignable to type 'InstrumentMaster | null'.
  Type '{ symbol: string; id: string; createdAt: Date; updatedAt: Date; name: string; currency: string; isActive: boolean; exchange: string | null; securityType: string; assetClass: string; }' is missing the following properties from type 'InstrumentMaster': securityId, instrumentType, issuerName, tradingCurrency, and 7 more.
services/portfolio-service/src/services/instrumentReferenceDataService.ts(250,9): error TS2353: Object literal may only specify known properties, and 'securityId' does not exist in type 'InstrumentMasterWhereInput'.
services/portfolio-service/src/services/instrumentReferenceDataService.ts(279,7): error TS2322: Type 'Omit<CorporateAction, "id">' is not assignable to type '(Without<CorporateActionCreateInput, CorporateActionUncheckedCreateInput> & CorporateActionUncheckedCreateInput) | (Without<...> & CorporateActionCreateInput)'.
  Type 'Omit<CorporateAction, "id">' is not assignable to type 'Without<CorporateActionUncheckedCreateInput, CorporateActionCreateInput> & CorporateActionCreateInput'.
    Type 'Omit<CorporateAction, "id">' is not assignable to type 'CorporateActionCreateInput'.
      Types of property 'payableDate' are incompatible.
        Type 'Date | undefined' is not assignable to type 'string | Date'.
          Type 'undefined' is not assignable to type 'string | Date'.
services/portfolio-service/src/services/instrumentReferenceDataService.ts(283,50): error TS2345: Argument of type '{ id: string; createdAt: Date; updatedAt: Date; description: string; tenantId: string; securityId: string; actionType: string; exDate: Date; payableDate: Date; }' is not assignable to parameter of type 'CorporateAction'.
  Type '{ id: string; createdAt: Date; updatedAt: Date; description: string; tenantId: string; securityId: string; actionType: string; exDate: Date; payableDate: Date; }' is missing the following properties from type 'CorporateAction': actionCode, announcementDate, recordDate, actionDetails, and 3 more.
services/portfolio-service/src/services/instrumentReferenceDataService.ts(293,5): error TS2740: Type '{ id: string; createdAt: Date; updatedAt: Date; description: string; tenantId: string; securityId: string; actionType: string; exDate: Date; payableDate: Date; }' is missing the following properties from type 'CorporateAction': actionCode, announcementDate, recordDate, actionDetails, and 3 more.
services/portfolio-service/src/services/instrumentReferenceDataService.ts(297,5): error TS2322: Type '{ id: string; createdAt: Date; updatedAt: Date; description: string; tenantId: string; securityId: string; actionType: string; exDate: Date; payableDate: Date; }[]' is not assignable to type 'CorporateAction[]'.
  Type '{ id: string; createdAt: Date; updatedAt: Date; description: string; tenantId: string; securityId: string; actionType: string; exDate: Date; payableDate: Date; }' is missing the following properties from type 'CorporateAction': actionCode, announcementDate, recordDate, actionDetails, and 3 more.
services/portfolio-service/src/services/instrumentReferenceDataService.ts(299,9): error TS2353: Object literal may only specify known properties, and 'instrumentId' does not exist in type 'CorporateActionWhereInput'.
services/portfolio-service/src/services/instrumentReferenceDataService.ts(299,9): error TS18004: No value exists in scope for the shorthand property 'instrumentId'. Either declare one or provide an initializer.
services/portfolio-service/src/services/instrumentReferenceDataService.ts(308,11): error TS2322: Type '{ lastUpdated: Date; securityId?: string | undefined; asOfDate: Date; asOfTime: Date; lastPrice?: number | undefined; openPrice?: number | undefined; highPrice?: number | undefined; lowPrice?: number | undefined; closePrice?: number | undefined; ... 14 more ...; dataQuality?: DataQualityScore | undefined; }' is not assignable to type 'Omit<MarketDataSnapshot, "instrumentId">'.
  Types of property 'dataSource' are incompatible.
    Type 'string | undefined' is not assignable to type 'string'.
      Type 'undefined' is not assignable to type 'string'.
services/portfolio-service/src/services/instrumentReferenceDataService.ts(317,9): error TS2353: Object literal may only specify known properties, and 'instrumentId_tenantId' does not exist in type 'MarketDataSnapshotWhereUniqueInput'.
services/portfolio-service/src/services/instrumentReferenceDataService.ts(318,11): error TS18004: No value exists in scope for the shorthand property 'instrumentId'. Either declare one or provide an initializer.
services/portfolio-service/src/services/instrumentReferenceDataService.ts(324,9): error TS18004: No value exists in scope for the shorthand property 'instrumentId'. Either declare one or provide an initializer.
services/portfolio-service/src/services/instrumentReferenceDataService.ts(325,9): error TS2353: Object literal may only specify known properties, and 'tenantId' does not exist in type '(Without<MarketDataSnapshotCreateInput, MarketDataSnapshotUncheckedCreateInput> & MarketDataSnapshotUncheckedCreateInput) | (Without<...> & MarketDataSnapshotCreateInput)'.
services/portfolio-service/src/services/instrumentReferenceDataService.ts(331,7): error TS18004: No value exists in scope for the shorthand property 'instrumentId'. Either declare one or provide an initializer.
services/portfolio-service/src/services/instrumentReferenceDataService.ts(339,5): error TS2322: Type '{ id: string; createdAt: Date; timestamp: Date; volume: Decimal | null; price: Decimal; instrumentId: string; bidPrice: Decimal | null; askPrice: Decimal | null; } | null' is not assignable to type 'MarketDataSnapshot | null'.
  Type '{ id: string; createdAt: Date; timestamp: Date; volume: Decimal | null; price: Decimal; instrumentId: string; bidPrice: Decimal | null; askPrice: Decimal | null; }' is missing the following properties from type 'MarketDataSnapshot': securityId, asOfDate, asOfTime, marketStatus, and 4 more.
services/portfolio-service/src/services/instrumentReferenceDataService.ts(341,9): error TS18004: No value exists in scope for the shorthand property 'instrumentId'. Either declare one or provide an initializer.
services/portfolio-service/src/services/instrumentReferenceDataService.ts(342,9): error TS2353: Object literal may only specify known properties, and 'tenantId' does not exist in type 'MarketDataSnapshotWhereInput'.
services/portfolio-service/src/services/instrumentReferenceDataService.ts(389,16): error TS2353: Object literal may only specify known properties, and 'instrumentId' does not exist in type 'InstrumentMasterWhereInput'.
services/portfolio-service/src/services/instrumentReferenceDataService.ts(389,16): error TS18004: No value exists in scope for the shorthand property 'instrumentId'. Either declare one or provide an initializer.
services/portfolio-service/src/services/instrumentReferenceDataService.ts(394,9): error TS2353: Object literal may only specify known properties, and 'instrumentId' does not exist in type 'InstrumentValidationResult'.
services/portfolio-service/src/services/instrumentReferenceDataService.ts(394,9): error TS18004: No value exists in scope for the shorthand property 'instrumentId'. Either declare one or provide an initializer.
services/portfolio-service/src/services/instrumentReferenceDataService.ts(407,21): error TS2339: Property 'instrumentType' does not exist on type '{ symbol: string; id: string; createdAt: Date; updatedAt: Date; name: string; currency: string; isActive: boolean; exchange: string | null; securityType: string; assetClass: string; }'.
services/portfolio-service/src/services/instrumentReferenceDataService.ts(409,21): error TS2339: Property 'issuerName' does not exist on type '{ symbol: string; id: string; createdAt: Date; updatedAt: Date; name: string; currency: string; isActive: boolean; exchange: string | null; securityType: string; assetClass: string; }'.
services/portfolio-service/src/services/instrumentReferenceDataService.ts(410,21): error TS2339: Property 'tradingCurrency' does not exist on type '{ symbol: string; id: string; createdAt: Date; updatedAt: Date; name: string; currency: string; isActive: boolean; exchange: string | null; securityType: string; assetClass: string; }'.
services/portfolio-service/src/services/instrumentReferenceDataService.ts(413,21): error TS2339: Property 'cusip' does not exist on type '{ symbol: string; id: string; createdAt: Date; updatedAt: Date; name: string; currency: string; isActive: boolean; exchange: string | null; securityType: string; assetClass: string; }'.
services/portfolio-service/src/services/instrumentReferenceDataService.ts(413,42): error TS2339: Property 'isin' does not exist on type '{ symbol: string; id: string; createdAt: Date; updatedAt: Date; name: string; currency: string; isActive: boolean; exchange: string | null; securityType: string; assetClass: string; }'.
services/portfolio-service/src/services/instrumentReferenceDataService.ts(413,62): error TS2339: Property 'ticker' does not exist on type '{ symbol: string; id: string; createdAt: Date; updatedAt: Date; name: string; currency: string; isActive: boolean; exchange: string | null; securityType: string; assetClass: string; }'.
services/portfolio-service/src/services/instrumentReferenceDataService.ts(417,20): error TS2339: Property 'cusip' does not exist on type '{ symbol: string; id: string; createdAt: Date; updatedAt: Date; name: string; currency: string; isActive: boolean; exchange: string | null; securityType: string; assetClass: string; }'.
services/portfolio-service/src/services/instrumentReferenceDataService.ts(418,61): error TS2339: Property 'cusip' does not exist on type '{ symbol: string; id: string; createdAt: Date; updatedAt: Date; name: string; currency: string; isActive: boolean; exchange: string | null; securityType: string; assetClass: string; }'.
services/portfolio-service/src/services/instrumentReferenceDataService.ts(424,20): error TS2339: Property 'isin' does not exist on type '{ symbol: string; id: string; createdAt: Date; updatedAt: Date; name: string; currency: string; isActive: boolean; exchange: string | null; securityType: string; assetClass: string; }'.
services/portfolio-service/src/services/instrumentReferenceDataService.ts(425,59): error TS2339: Property 'isin' does not exist on type '{ symbol: string; id: string; createdAt: Date; updatedAt: Date; name: string; currency: string; isActive: boolean; exchange: string | null; securityType: string; assetClass: string; }'.
services/portfolio-service/src/services/instrumentReferenceDataService.ts(433,51): error TS2339: Property 'lastUpdated' does not exist on type '{ symbol: string; id: string; createdAt: Date; updatedAt: Date; name: string; currency: string; isActive: boolean; exchange: string | null; securityType: string; assetClass: string; }'.
services/portfolio-service/src/services/instrumentReferenceDataService.ts(443,20): error TS2339: Property 'maturityDate' does not exist on type '{ symbol: string; id: string; createdAt: Date; updatedAt: Date; name: string; currency: string; isActive: boolean; exchange: string | null; securityType: string; assetClass: string; }'.
services/portfolio-service/src/services/instrumentReferenceDataService.ts(443,56): error TS2339: Property 'maturityDate' does not exist on type '{ symbol: string; id: string; createdAt: Date; updatedAt: Date; name: string; currency: string; isActive: boolean; exchange: string | null; securityType: string; assetClass: string; }'.
services/portfolio-service/src/services/instrumentReferenceDataService.ts(450,7): error TS2353: Object literal may only specify known properties, and 'instrumentId' does not exist in type 'InstrumentValidationResult'.
services/portfolio-service/src/services/instrumentReferenceDataService.ts(450,7): error TS18004: No value exists in scope for the shorthand property 'instrumentId'. Either declare one or provide an initializer.
services/portfolio-service/src/services/instrumentReferenceDataService.ts(461,16): error TS2353: Object literal may only specify known properties, and 'instrumentId' does not exist in type 'InstrumentMasterWhereInput'.
services/portfolio-service/src/services/instrumentReferenceDataService.ts(461,16): error TS18004: No value exists in scope for the shorthand property 'instrumentId'. Either declare one or provide an initializer.
services/portfolio-service/src/services/instrumentReferenceDataService.ts(476,11): error TS7053: Element implicitly has an 'any' type because expression of type 'keyof InstrumentMaster' can't be used to index type '{ symbol: string; id: string; createdAt: Date; updatedAt: Date; name: string; currency: string; isActive: boolean; exchange: string | null; securityType: string; assetClass: string; }'.
  Property 'description' does not exist on type '{ symbol: string; id: string; createdAt: Date; updatedAt: Date; name: string; currency: string; isActive: boolean; exchange: string | null; securityType: string; assetClass: string; }'.
services/portfolio-service/src/services/instrumentReferenceDataService.ts(485,20): error TS2339: Property 'instrumentType' does not exist on type '{ symbol: string; id: string; createdAt: Date; updatedAt: Date; name: string; currency: string; isActive: boolean; exchange: string | null; securityType: string; assetClass: string; }'.
services/portfolio-service/src/services/instrumentReferenceDataService.ts(485,61): error TS2339: Property 'maturityDate' does not exist on type '{ symbol: string; id: string; createdAt: Date; updatedAt: Date; name: string; currency: string; isActive: boolean; exchange: string | null; securityType: string; assetClass: string; }'.
services/portfolio-service/src/services/instrumentReferenceDataService.ts(489,65): error TS2339: Property 'primaryExchange' does not exist on type '{ symbol: string; id: string; createdAt: Date; updatedAt: Date; name: string; currency: string; isActive: boolean; exchange: string | null; securityType: string; assetClass: string; }'.
services/portfolio-service/src/services/instrumentReferenceDataService.ts(503,51): error TS2339: Property 'lastUpdated' does not exist on type '{ symbol: string; id: string; createdAt: Date; updatedAt: Date; name: string; currency: string; isActive: boolean; exchange: string | null; securityType: string; assetClass: string; }'.
services/portfolio-service/src/services/instrumentReferenceDataService.ts(510,7): error TS2353: Object literal may only specify known properties, and 'instrumentId' does not exist in type 'DataQualityReport'.
services/portfolio-service/src/services/instrumentReferenceDataService.ts(510,7): error TS18004: No value exists in scope for the shorthand property 'instrumentId'. Either declare one or provide an initializer.
services/portfolio-service/src/services/instrumentReferenceDataService.ts(530,5): error TS2322: Type '{ symbol: string; id: string; createdAt: Date; updatedAt: Date; name: string; currency: string; isActive: boolean; exchange: string | null; securityType: string; assetClass: string; } | null' is not assignable to type 'InstrumentMaster | null'.
  Type '{ symbol: string; id: string; createdAt: Date; updatedAt: Date; name: string; currency: string; isActive: boolean; exchange: string | null; securityType: string; assetClass: string; }' is missing the following properties from type 'InstrumentMaster': securityId, instrumentType, issuerName, tradingCurrency, and 7 more.
services/portfolio-service/src/services/instrumentReferenceDataService.ts(533,9): error TS2322: Type '({ cusip: any; } | { isin: any; } | { sedol: any; } | { ticker: any; })[]' is not assignable to type 'InstrumentMasterWhereInput[]'.
  Type '{ cusip: any; } | { isin: any; } | { sedol: any; } | { ticker: any; }' is not assignable to type 'InstrumentMasterWhereInput'.
    Type '{ cusip: any; }' has no properties in common with type 'InstrumentMasterWhereInput'.
services/portfolio-service/src/services/orderManagementService.ts(75,7): error TS2322: Type 'string' is not assignable to type 'TradingSession'.
services/portfolio-service/src/services/orderManagementService.ts(89,7): error TS2322: Type 'Omit<Order, "id">' is not assignable to type '(Without<OrderCreateInput, OrderUncheckedCreateInput> & OrderUncheckedCreateInput) | (Without<...> & OrderCreateInput)'.
  Type 'Omit<Order, "id">' is not assignable to type 'Without<OrderCreateInput, OrderUncheckedCreateInput> & OrderUncheckedCreateInput'.
    Type 'Omit<Order, "id">' is missing the following properties from type 'OrderUncheckedCreateInput': symbol, side
services/portfolio-service/src/services/orderManagementService.ts(108,35): error TS2339: Property 'clientOrderId' does not exist on type '{ symbol: string; status: string; id: string; createdAt: Date; updatedAt: Date; tenantId: string; createdBy: string; orderType: string; price: Decimal | null; portfolioId: string; ... 7 more ...; side: string; }'.
services/portfolio-service/src/services/orderManagementService.ts(119,5): error TS2740: Type '{ symbol: string; status: string; id: string; createdAt: Date; updatedAt: Date; tenantId: string; createdBy: string; orderType: string; price: Decimal | null; portfolioId: string; ... 7 more ...; side: string; }' is missing the following properties from type 'Order': securityId, clientOrderId, orderSide, remainingQuantity, and 5 more.
services/portfolio-service/src/services/orderManagementService.ts(135,30): error TS2345: Argument of type '{ symbol: string; status: string; id: string; createdAt: Date; updatedAt: Date; tenantId: string; createdBy: string; orderType: string; price: Decimal | null; portfolioId: string; ... 7 more ...; side: string; }' is not assignable to parameter of type 'Order'.
  Type '{ symbol: string; status: string; id: string; createdAt: Date; updatedAt: Date; tenantId: string; createdBy: string; orderType: string; price: Decimal | null; portfolioId: string; ... 7 more ...; side: string; }' is missing the following properties from type 'Order': securityId, clientOrderId, orderSide, remainingQuantity, and 5 more.
services/portfolio-service/src/services/orderManagementService.ts(136,84): error TS2339: Property 'orderStatus' does not exist on type '{ symbol: string; status: string; id: string; createdAt: Date; updatedAt: Date; tenantId: string; createdBy: string; orderType: string; price: Decimal | null; portfolioId: string; ... 7 more ...; side: string; }'.
services/portfolio-service/src/services/orderManagementService.ts(156,54): error TS2363: The right-hand side of an arithmetic operation must be of type 'any', 'number', 'bigint' or an enum type.
services/portfolio-service/src/services/orderManagementService.ts(167,36): error TS2339: Property 'clientOrderId' does not exist on type '{ symbol: string; status: string; id: string; createdAt: Date; updatedAt: Date; tenantId: string; createdBy: string; orderType: string; price: Decimal | null; portfolioId: string; ... 7 more ...; side: string; }'.
services/portfolio-service/src/services/orderManagementService.ts(174,5): error TS2740: Type '{ symbol: string; status: string; id: string; createdAt: Date; updatedAt: Date; tenantId: string; createdBy: string; orderType: string; price: Decimal | null; portfolioId: string; ... 7 more ...; side: string; }' is missing the following properties from type 'Order': securityId, clientOrderId, orderSide, remainingQuantity, and 5 more.
services/portfolio-service/src/services/orderManagementService.ts(190,30): error TS2345: Argument of type '{ symbol: string; status: string; id: string; createdAt: Date; updatedAt: Date; tenantId: string; createdBy: string; orderType: string; price: Decimal | null; portfolioId: string; ... 7 more ...; side: string; }' is not assignable to parameter of type 'Order'.
  Type '{ symbol: string; status: string; id: string; createdAt: Date; updatedAt: Date; tenantId: string; createdBy: string; orderType: string; price: Decimal | null; portfolioId: string; ... 7 more ...; side: string; }' is missing the following properties from type 'Order': securityId, clientOrderId, orderSide, remainingQuantity, and 5 more.
services/portfolio-service/src/services/orderManagementService.ts(191,85): error TS2339: Property 'orderStatus' does not exist on type '{ symbol: string; status: string; id: string; createdAt: Date; updatedAt: Date; tenantId: string; createdBy: string; orderType: string; price: Decimal | null; portfolioId: string; ... 7 more ...; side: string; }'.
services/portfolio-service/src/services/orderManagementService.ts(197,9): error TS2353: Object literal may only specify known properties, and 'orderStatus' does not exist in type '(Without<OrderUpdateInput, OrderUncheckedUpdateInput> & OrderUncheckedUpdateInput) | (Without<...> & OrderUpdateInput)'.
services/portfolio-service/src/services/orderManagementService.ts(209,36): error TS2339: Property 'clientOrderId' does not exist on type '{ symbol: string; status: string; id: string; createdAt: Date; updatedAt: Date; tenantId: string; createdBy: string; orderType: string; price: Decimal | null; portfolioId: string; ... 7 more ...; side: string; }'.
services/portfolio-service/src/services/orderManagementService.ts(216,5): error TS2740: Type '{ symbol: string; status: string; id: string; createdAt: Date; updatedAt: Date; tenantId: string; createdBy: string; orderType: string; price: Decimal | null; portfolioId: string; ... 7 more ...; side: string; }' is missing the following properties from type 'Order': securityId, clientOrderId, orderSide, remainingQuantity, and 5 more.
services/portfolio-service/src/services/orderManagementService.ts(257,7): error TS2322: Type 'Omit<OrderExecution, "id">' is not assignable to type '(Without<OrderExecutionCreateInput, OrderExecutionUncheckedCreateInput> & OrderExecutionUncheckedCreateInput) | (Without<...> & OrderExecutionCreateInput)'.
  Type 'Omit<OrderExecution, "id">' is not assignable to type 'Without<OrderExecutionCreateInput, OrderExecutionUncheckedCreateInput> & OrderExecutionUncheckedCreateInput'.
    Type 'Omit<OrderExecution, "id">' is missing the following properties from type 'OrderExecutionUncheckedCreateInput': quantity, price
services/portfolio-service/src/services/orderManagementService.ts(261,31): error TS2365: Operator '+' cannot be applied to types 'Decimal' and 'number'.
services/portfolio-service/src/services/orderManagementService.ts(262,46): error TS2362: The left-hand side of an arithmetic operation must be of type 'any', 'number', 'bigint' or an enum type.
services/portfolio-service/src/services/orderManagementService.ts(264,32): error TS2339: Property 'orderStatus' does not exist on type '{ symbol: string; status: string; id: string; createdAt: Date; updatedAt: Date; tenantId: string; createdBy: string; orderType: string; price: Decimal | null; portfolioId: string; ... 7 more ...; side: string; }'.
services/portfolio-service/src/services/orderManagementService.ts(265,31): error TS2551: Property 'orderState' does not exist on type '{ symbol: string; status: string; id: string; createdAt: Date; updatedAt: Date; tenantId: string; createdBy: string; orderType: string; price: Decimal | null; portfolioId: string; ... 7 more ...; side: string; }'. Did you mean 'orderDate'?
services/portfolio-service/src/services/orderManagementService.ts(276,30): error TS2362: The left-hand side of an arithmetic operation must be of type 'any', 'number', 'bigint' or an enum type.
services/portfolio-service/src/services/orderManagementService.ts(276,62): error TS2363: The right-hand side of an arithmetic operation must be of type 'any', 'number', 'bigint' or an enum type.
services/portfolio-service/src/services/orderManagementService.ts(284,9): error TS2353: Object literal may only specify known properties, and 'remainingQuantity' does not exist in type '(Without<OrderUpdateInput, OrderUncheckedUpdateInput> & OrderUncheckedUpdateInput) | (Without<...> & OrderUpdateInput)'.
services/portfolio-service/src/services/orderManagementService.ts(294,15): error TS2339: Property 'allocations' does not exist on type '{ symbol: string; status: string; id: string; createdAt: Date; updatedAt: Date; tenantId: string; createdBy: string; orderType: string; price: Decimal | null; portfolioId: string; ... 7 more ...; side: string; }'.
services/portfolio-service/src/services/orderManagementService.ts(294,36): error TS2339: Property 'allocations' does not exist on type '{ symbol: string; status: string; id: string; createdAt: Date; updatedAt: Date; tenantId: string; createdBy: string; orderType: string; price: Decimal | null; portfolioId: string; ... 7 more ...; side: string; }'.
services/portfolio-service/src/services/orderManagementService.ts(295,55): error TS2345: Argument of type '{ id: string; createdAt: Date; executionId: string; tenantId: string; price: Decimal; settlementDate: Date | null; quantity: Decimal; commission: Decimal; ... 7 more ...; otherFees: Decimal; }' is not assignable to parameter of type 'OrderExecution'.
  Type '{ id: string; createdAt: Date; executionId: string; tenantId: string; price: Decimal; settlementDate: Date | null; quantity: Decimal; commission: Decimal; ... 7 more ...; otherFees: Decimal; }' is missing the following properties from type 'OrderExecution': executionVenue, executionVenueType, tradeId, settlementStatus, and 2 more.
services/portfolio-service/src/services/orderManagementService.ts(302,28): error TS2339: Property 'clientOrderId' does not exist on type '{ symbol: string; status: string; id: string; createdAt: Date; updatedAt: Date; tenantId: string; createdBy: string; orderType: string; price: Decimal | null; portfolioId: string; ... 7 more ...; side: string; }'.
services/portfolio-service/src/services/orderManagementService.ts(313,5): error TS2740: Type '{ id: string; createdAt: Date; executionId: string; tenantId: string; price: Decimal; settlementDate: Date | null; quantity: Decimal; commission: Decimal; ... 7 more ...; otherFees: Decimal; }' is missing the following properties from type 'OrderExecution': executionVenue, executionVenueType, tradeId, settlementStatus, and 2 more.
services/portfolio-service/src/services/orderManagementService.ts(326,17): error TS2339: Property 'securityIds' does not exist on type 'OrderSearchRequest'.
services/portfolio-service/src/services/orderManagementService.ts(326,40): error TS2339: Property 'securityIds' does not exist on type 'OrderSearchRequest'.
services/portfolio-service/src/services/orderManagementService.ts(327,40): error TS2339: Property 'securityIds' does not exist on type 'OrderSearchRequest'.
services/portfolio-service/src/services/orderManagementService.ts(361,11): error TS2353: Object literal may only specify known properties, and 'allocations' does not exist in type 'OrderInclude<DefaultArgs>'.
services/portfolio-service/src/services/orderManagementService.ts(382,5): error TS2322: Type '{ symbol: string; status: string; id: string; createdAt: Date; updatedAt: Date; tenantId: string; createdBy: string; orderType: string; price: Decimal | null; portfolioId: string; ... 7 more ...; side: string; } | null' is not assignable to type 'Order | null'.
  Type '{ symbol: string; status: string; id: string; createdAt: Date; updatedAt: Date; tenantId: string; createdBy: string; orderType: string; price: Decimal | null; portfolioId: string; ... 7 more ...; side: string; }' is missing the following properties from type 'Order': securityId, clientOrderId, orderSide, remainingQuantity, and 5 more.
services/portfolio-service/src/services/orderManagementService.ts(386,9): error TS2353: Object literal may only specify known properties, and 'allocations' does not exist in type 'OrderInclude<DefaultArgs>'.
services/portfolio-service/src/services/orderManagementService.ts(428,16): error TS2353: Object literal may only specify known properties, and 'securityId' does not exist in type 'InstrumentMasterWhereInput'.
services/portfolio-service/src/services/orderManagementService.ts(453,45): error TS2339: Property 'maxPositionSize' does not exist on type '{ status: PortfolioStatus; id: string; createdAt: Date; updatedAt: Date; name: string; description: string | null; tenantId: string; createdBy: string; updatedBy: string; ... 12 more ...; maxCashPercentage: Decimal | null; }'.
services/portfolio-service/src/services/orderManagementService.ts(459,60): error TS2339: Property 'lastPrice' does not exist on type '{ symbol: string; id: string; createdAt: Date; updatedAt: Date; name: string; currency: string; isActive: boolean; exchange: string | null; securityType: string; assetClass: string; }'.
services/portfolio-service/src/services/orderManagementService.ts(462,40): error TS2339: Property 'maxConcentration' does not exist on type '{ status: PortfolioStatus; id: string; createdAt: Date; updatedAt: Date; name: string; description: string | null; tenantId: string; createdBy: string; updatedBy: string; ... 12 more ...; maxCashPercentage: Decimal | null; }'.
services/portfolio-service/src/services/orderManagementService.ts(491,46): error TS2339: Property 'securityId' does not exist on type '{ symbol: string; status: string; id: string; createdAt: Date; updatedAt: Date; tenantId: string; createdBy: string; orderType: string; price: Decimal | null; portfolioId: string; ... 7 more ...; side: string; }'.
services/portfolio-service/src/services/orderManagementService.ts(502,68): error TS2345: Argument of type '{ symbol: string; status: string; id: string; createdAt: Date; updatedAt: Date; tenantId: string; createdBy: string; orderType: string; price: Decimal | null; portfolioId: string; ... 7 more ...; side: string; }' is not assignable to parameter of type 'Order'.
  Type '{ symbol: string; status: string; id: string; createdAt: Date; updatedAt: Date; tenantId: string; createdBy: string; orderType: string; price: Decimal | null; portfolioId: string; ... 7 more ...; side: string; }' is missing the following properties from type 'Order': securityId, clientOrderId, orderSide, remainingQuantity, and 5 more.
services/portfolio-service/src/services/orderManagementService.ts(519,9): error TS2353: Object literal may only specify known properties, and 'preTradeCheckStatus' does not exist in type '(Without<OrderUpdateInput, OrderUncheckedUpdateInput> & OrderUncheckedUpdateInput) | (Without<...> & OrderUpdateInput)'.
services/portfolio-service/src/services/orderManagementService.ts(552,13): error TS2339: Property 'securityId' does not exist on type '{ executions: { id: string; createdAt: Date; executionId: string; tenantId: string; price: Decimal; settlementDate: Date | null; quantity: Decimal; commission: Decimal; ... 7 more ...; otherFees: Decimal; }[]; } & { ...; }'.
services/portfolio-service/src/services/orderManagementService.ts(558,61): error TS2345: Argument of type '{ executions: { id: string; createdAt: Date; executionId: string; tenantId: string; price: Decimal; settlementDate: Date | null; quantity: Decimal; commission: Decimal; ... 7 more ...; otherFees: Decimal; }[]; } & { ...; }' is not assignable to parameter of type 'Order'.
  Type '{ executions: { id: string; createdAt: Date; executionId: string; tenantId: string; price: Decimal; settlementDate: Date | null; quantity: Decimal; commission: Decimal; ... 7 more ...; otherFees: Decimal; }[]; } & { ...; }' is missing the following properties from type 'Order': securityId, clientOrderId, orderSide, remainingQuantity, and 5 more.
services/portfolio-service/src/services/orderManagementService.ts(561,67): error TS2345: Argument of type '{ executions: { id: string; createdAt: Date; executionId: string; tenantId: string; price: Decimal; settlementDate: Date | null; quantity: Decimal; commission: Decimal; ... 7 more ...; otherFees: Decimal; }[]; } & { ...; }' is not assignable to parameter of type 'Order'.
  Type '{ executions: { id: string; createdAt: Date; executionId: string; tenantId: string; price: Decimal; settlementDate: Date | null; quantity: Decimal; commission: Decimal; ... 7 more ...; otherFees: Decimal; }[]; } & { ...; }' is missing the following properties from type 'Order': securityId, clientOrderId, orderSide, remainingQuantity, and 5 more.
services/portfolio-service/src/services/orderManagementService.ts(564,56): error TS2345: Argument of type '{ id: string; createdAt: Date; executionId: string; tenantId: string; price: Decimal; settlementDate: Date | null; quantity: Decimal; commission: Decimal; ... 7 more ...; otherFees: Decimal; }[]' is not assignable to parameter of type 'OrderExecution[]'.
  Type '{ id: string; createdAt: Date; executionId: string; tenantId: string; price: Decimal; settlementDate: Date | null; quantity: Decimal; commission: Decimal; ... 7 more ...; otherFees: Decimal; }' is missing the following properties from type 'OrderExecution': executionVenue, executionVenueType, tradeId, settlementStatus, and 2 more.
services/portfolio-service/src/services/orderManagementService.ts(618,16): error TS2353: Object literal may only specify known properties, and 'instrumentId' does not exist in type 'InstrumentMasterWhereInput'.
services/portfolio-service/src/services/orderManagementService.ts(618,16): error TS18004: No value exists in scope for the shorthand property 'instrumentId'. Either declare one or provide an initializer.
services/portfolio-service/src/services/orderManagementService.ts(620,24): error TS2339: Property 'tradingCurrency' does not exist on type '{ symbol: string; id: string; createdAt: Date; updatedAt: Date; name: string; currency: string; isActive: boolean; exchange: string | null; securityType: string; assetClass: string; }'.
services/portfolio-service/src/services/orderManagementService.ts(700,41): error TS2304: Cannot find name 'instrumentId'.
services/portfolio-service/src/services/performanceMeasurementService.ts(112,11): error TS2322: Type 'Promise<number>' is not assignable to type 'number'.
services/portfolio-service/src/services/performanceMeasurementService.ts(170,13): error TS2739: Type '{ tenantId: string; portfolioId: string; periodStart: Date; periodEnd: Date; periodType: PeriodType; timeWeightedReturn: number; moneyWeightedReturn: number; simpleReturn: number; ... 44 more ...; createdBy: string; }' is missing the following properties from type 'Omit<PerformancePeriod, "id">': preTaxReturn, afterTaxReturn, taxDrag
services/portfolio-service/src/services/performanceMeasurementService.ts(250,9): error TS2322: Type 'Omit<PerformancePeriod, "id">' is not assignable to type '(Without<PerformancePeriodCreateInput, PerformancePeriodUncheckedCreateInput> & PerformancePeriodUncheckedCreateInput) | (Without<...> & PerformancePeriodCreateInput)'.
  Type 'Omit<PerformancePeriod, "id">' is not assignable to type 'Without<PerformancePeriodUncheckedCreateInput, PerformancePeriodCreateInput> & PerformancePeriodCreateInput'.
    Type 'Omit<PerformancePeriod, "id">' is missing the following properties from type 'PerformancePeriodCreateInput': name, startDate, endDate
services/portfolio-service/src/services/performanceMeasurementService.ts(280,9): error TS2740: Type '{ id: string; createdAt: Date; updatedAt: Date; name: string; tenantId: string; startDate: Date; endDate: Date; }' is missing the following properties from type 'PerformancePeriod': portfolioId, periodStart, periodEnd, periodType, and 49 more.
services/portfolio-service/src/services/performanceMeasurementService.ts(550,5): error TS2740: Type '{ id: string; createdAt: Date; tenantId: string; benchmarkId: string; portfolioId: string; benchmarkReturn: Decimal; periodStart: Date; periodEnd: Date; portfolioReturn: Decimal; }' is missing the following properties from type 'BenchmarkComparison': comparisonPeriodStart, comparisonPeriodEnd, periodType, excessReturn, and 17 more.
services/portfolio-service/src/services/performanceMeasurementService.ts(551,7): error TS2322: Type 'Omit<BenchmarkComparison, "id">' is not assignable to type '(Without<BenchmarkComparisonCreateInput, BenchmarkComparisonUncheckedCreateInput> & BenchmarkComparisonUncheckedCreateInput) | (Without<...> & BenchmarkComparisonCreateInput)'.
  Type 'Omit<BenchmarkComparison, "id">' is not assignable to type 'Without<BenchmarkComparisonUncheckedCreateInput, BenchmarkComparisonCreateInput> & BenchmarkComparisonCreateInput'.
    Type 'Omit<BenchmarkComparison, "id">' is missing the following properties from type 'BenchmarkComparisonCreateInput': periodStart, periodEnd
services/portfolio-service/src/services/performanceMeasurementService.ts(608,5): error TS2740: Type '{ id: string; createdAt: Date; tenantId: string; portfolioId: string; attributionType: string; periodStart: Date; periodEnd: Date; attribution: Decimal; }' is missing the following properties from type 'PerformanceAttribution': performancePeriodId, attributionLevel, sectors, assetClasses, and 16 more.
services/portfolio-service/src/services/performanceMeasurementService.ts(609,7): error TS2322: Type 'Omit<PerformanceAttribution, "id">' is not assignable to type '(Without<PerformanceAttributionCreateInput, PerformanceAttributionUncheckedCreateInput> & PerformanceAttributionUncheckedCreateInput) | (Without<...> & PerformanceAttributionCreateInput)'.
  Type 'Omit<PerformanceAttribution, "id">' is not assignable to type 'Without<PerformanceAttributionUncheckedCreateInput, PerformanceAttributionCreateInput> & PerformanceAttributionCreateInput'.
    Type 'Omit<PerformanceAttribution, "id">' is missing the following properties from type 'PerformanceAttributionCreateInput': periodStart, periodEnd, attribution
services/portfolio-service/src/services/performanceMeasurementService.ts(736,50): error TS2362: The left-hand side of an arithmetic operation must be of type 'any', 'number', 'bigint' or an enum type.
services/portfolio-service/src/services/performanceMeasurementService.ts(736,65): error TS2363: The right-hand side of an arithmetic operation must be of type 'any', 'number', 'bigint' or an enum type.
services/portfolio-service/src/services/performanceMeasurementService.ts(759,68): error TS2345: Argument of type 'number | Decimal' is not assignable to parameter of type 'number'.
  Type 'Decimal' is not assignable to type 'number'.
services/portfolio-service/src/services/performanceMeasurementService.ts(760,51): error TS2365: Operator '+' cannot be applied to types 'number' and 'number | Decimal'.
services/portfolio-service/src/services/performanceMeasurementService.ts(761,45): error TS2365: Operator '>' cannot be applied to types 'number | Decimal' and 'number'.
services/portfolio-service/src/services/performanceMeasurementService.ts(761,78): error TS2365: Operator '+' cannot be applied to types 'number' and 'number | Decimal'.
services/portfolio-service/src/services/performanceMeasurementService.ts(762,43): error TS2365: Operator '<' cannot be applied to types 'number | Decimal' and 'number'.
services/portfolio-service/src/services/performanceMeasurementService.ts(762,91): error TS2345: Argument of type 'number | Decimal' is not assignable to parameter of type 'number'.
  Type 'Decimal' is not assignable to type 'number'.
services/portfolio-service/src/services/performanceMeasurementService.ts(783,27): error TS2365: Operator '+' cannot be applied to types 'number' and 'Decimal'.
services/portfolio-service/src/services/performanceMeasurementService.ts(787,27): error TS2365: Operator '+' cannot be applied to types 'number' and 'Decimal'.
services/portfolio-service/src/services/performanceMeasurementService.ts(791,27): error TS2365: Operator '+' cannot be applied to types 'number' and 'Decimal'.
services/portfolio-service/src/services/positionService.ts(1,24): error TS2300: Duplicate identifier 'Prisma'.
services/portfolio-service/src/services/positionService.ts(3,10): error TS2300: Duplicate identifier 'Prisma'.
services/portfolio-service/src/services/positionService.ts(105,13): error TS2322: Type 'string | null' is not assignable to type 'string'.
  Type 'null' is not assignable to type 'string'.
services/portfolio-service/src/services/positionService.ts(217,61): error TS18047: 'p.security' is possibly 'null'.
services/portfolio-service/src/services/positionService.ts(257,42): error TS18047: 'pos.security' is possibly 'null'.
services/portfolio-service/src/services/positionService.ts(259,19): error TS18047: 'pos.security' is possibly 'null'.
services/portfolio-service/src/services/positionService.ts(367,11): error TS2353: Object literal may only specify known properties, and 'dayChangePercentage' does not exist in type '(Without<PositionUpdateInput, PositionUncheckedUpdateInput> & PositionUncheckedUpdateInput) | (Without<...> & PositionUpdateInput)'.
services/portfolio-service/src/services/postTradeProcessingService.ts(72,25): error TS2339: Property 'securityId' does not exist on type '{ symbol: string; id: string; createdAt: Date; tenantId: string; price: Decimal; settlementDate: Date; portfolioId: string; quantity: Decimal; tradeDate: Date; side: string; }'.
services/portfolio-service/src/services/postTradeProcessingService.ts(73,7): error TS2322: Type 'Decimal' is not assignable to type 'number'.
services/portfolio-service/src/services/postTradeProcessingService.ts(74,7): error TS2322: Type 'Decimal' is not assignable to type 'number'.
services/portfolio-service/src/services/postTradeProcessingService.ts(75,20): error TS2362: The left-hand side of an arithmetic operation must be of type 'any', 'number', 'bigint' or an enum type.
services/portfolio-service/src/services/postTradeProcessingService.ts(75,47): error TS2363: The right-hand side of an arithmetic operation must be of type 'any', 'number', 'bigint' or an enum type.
services/portfolio-service/src/services/postTradeProcessingService.ts(76,19): error TS2362: The left-hand side of an arithmetic operation must be of type 'any', 'number', 'bigint' or an enum type.
services/portfolio-service/src/services/postTradeProcessingService.ts(76,46): error TS2363: The right-hand side of an arithmetic operation must be of type 'any', 'number', 'bigint' or an enum type.
services/portfolio-service/src/services/postTradeProcessingService.ts(77,18): error TS2365: Operator '+' cannot be applied to types 'import("C:/Users/Dalton/Desktop/VisualStudio/VSC/TAIGprojs/InvestmentPlatform/node_modules/@prisma/client/runtime/library").Decimal' and 'import("C:/Users/Dalton/Desktop/VisualStudio/VSC/TAIGprojs/InvestmentPlatform/node_modules/@prisma/client/runtime/library").Decimal'.
services/portfolio-service/src/services/postTradeProcessingService.ts(79,7): error TS2322: Type 'Date | null' is not assignable to type 'Date'.
  Type 'null' is not assignable to type 'Date'.
services/portfolio-service/src/services/postTradeProcessingService.ts(89,30): error TS2339: Property 'externalTradeId' does not exist on type '{ symbol: string; id: string; createdAt: Date; tenantId: string; price: Decimal; settlementDate: Date; portfolioId: string; quantity: Decimal; tradeDate: Date; side: string; }'.
services/portfolio-service/src/services/postTradeProcessingService.ts(114,5): error TS2740: Type '{ status: string; id: string; createdAt: Date; updatedAt: Date; tradeId: string; confirmationData: JsonValue; }' is missing the following properties from type 'TradeConfirmation': tenantId, orderId, executionId, securityId, and 16 more.
services/portfolio-service/src/services/postTradeProcessingService.ts(123,44): error TS2353: Object literal may only specify known properties, and 'tenantId' does not exist in type 'TradeConfirmationWhereInput'.
services/portfolio-service/src/services/postTradeProcessingService.ts(139,87): error TS2551: Property 'confirmationReceivedAt' does not exist on type '{ status: string; id: string; createdAt: Date; updatedAt: Date; tradeId: string; confirmationData: JsonValue; }'. Did you mean 'confirmationData'?
services/portfolio-service/src/services/postTradeProcessingService.ts(161,5): error TS2740: Type '{ status: string; id: string; createdAt: Date; updatedAt: Date; tradeId: string; confirmationData: JsonValue; }' is missing the following properties from type 'TradeConfirmation': tenantId, orderId, executionId, securityId, and 16 more.
services/portfolio-service/src/services/postTradeProcessingService.ts(175,17): error TS2339: Property 'securityIds' does not exist on type 'TradeConfirmationSearchRequest'.
services/portfolio-service/src/services/postTradeProcessingService.ts(175,40): error TS2339: Property 'securityIds' does not exist on type 'TradeConfirmationSearchRequest'.
services/portfolio-service/src/services/postTradeProcessingService.ts(176,40): error TS2339: Property 'securityIds' does not exist on type 'TradeConfirmationSearchRequest'.
services/portfolio-service/src/services/postTradeProcessingService.ts(201,13): error TS2353: Object literal may only specify known properties, and 'tradeDate' does not exist in type 'TradeConfirmationOrderByWithRelationInput'.
services/portfolio-service/src/services/postTradeProcessingService.ts(226,49): error TS2353: Object literal may only specify known properties, and 'tenantId' does not exist in type 'TradeConfirmationWhereInput'.
services/portfolio-service/src/services/postTradeProcessingService.ts(239,36): error TS2339: Property 'settlementDate' does not exist on type '{ status: string; id: string; createdAt: Date; updatedAt: Date; tradeId: string; confirmationData: JsonValue; }'.
services/portfolio-service/src/services/postTradeProcessingService.ts(240,32): error TS2339: Property 'securityId' does not exist on type '{ status: string; id: string; createdAt: Date; updatedAt: Date; tradeId: string; confirmationData: JsonValue; }'.
services/portfolio-service/src/services/postTradeProcessingService.ts(241,30): error TS2339: Property 'quantity' does not exist on type '{ status: string; id: string; createdAt: Date; updatedAt: Date; tradeId: string; confirmationData: JsonValue; }'.
services/portfolio-service/src/services/postTradeProcessingService.ts(242,38): error TS2339: Property 'netAmount' does not exist on type '{ status: string; id: string; createdAt: Date; updatedAt: Date; tradeId: string; confirmationData: JsonValue; }'.
services/portfolio-service/src/services/postTradeProcessingService.ts(257,7): error TS2322: Type 'Omit<SettlementInstruction, "id">' is not assignable to type '(Without<SettlementInstructionCreateInput, SettlementInstructionUncheckedCreateInput> & SettlementInstructionUncheckedCreateInput) | (Without<...> & SettlementInstructionCreateInput)'.
  Type 'Omit<SettlementInstruction, "id">' is not assignable to type 'Without<SettlementInstructionUncheckedCreateInput, SettlementInstructionCreateInput> & SettlementInstructionCreateInput'.
    Type 'Omit<SettlementInstruction, "id">' is missing the following properties from type 'SettlementInstructionCreateInput': deliveryDate, custodian, account, transaction
services/portfolio-service/src/services/postTradeProcessingService.ts(263,5): error TS2740: Type '{ notes: string | null; status: SettlementStatus; id: string; createdAt: Date; updatedAt: Date; account: string; custodian: string; transactionId: string; instructionType: SettlementType; ... 4 more ...; specialInstructions: string | null; }' is missing the following properties from type 'SettlementInstruction': tenantId, tradeConfirmationId, instructionStatus, settlementDate, and 8 more.
services/portfolio-service/src/services/postTradeProcessingService.ts(272,36): error TS2353: Object literal may only specify known properties, and 'tenantId' does not exist in type 'TradeConfirmationWhereInput'.
services/portfolio-service/src/services/postTradeProcessingService.ts(281,42): error TS2551: Property 'trade' does not exist on type '{ status: string; id: string; createdAt: Date; updatedAt: Date; tradeId: string; confirmationData: JsonValue; }'. Did you mean 'tradeId'?
services/portfolio-service/src/services/postTradeProcessingService.ts(347,5): error TS2740: Type '{ status: string; id: string; createdAt: Date; updatedAt: Date; description: string; tenantId: string; tradeId: string; breakType: string; }' is missing the following properties from type 'TradeBreak': severity, expectedValue, actualValue, reportedBy, and 4 more.
services/portfolio-service/src/services/postTradeProcessingService.ts(360,9): error TS2353: Object literal may only specify known properties, and 'resolutionNotes' does not exist in type '(Without<TradeBreakUpdateInput, TradeBreakUncheckedUpdateInput> & TradeBreakUncheckedUpdateInput) | (Without<...> & TradeBreakUpdateInput)'.
services/portfolio-service/src/services/postTradeProcessingService.ts(374,5): error TS2740: Type '{ status: string; id: string; createdAt: Date; updatedAt: Date; description: string; tenantId: string; tradeId: string; breakType: string; }' is missing the following properties from type 'TradeBreak': severity, expectedValue, actualValue, reportedBy, and 4 more.
services/portfolio-service/src/services/postTradeProcessingService.ts(395,13): error TS2339: Property 'securityId' does not exist on type '{ executions: { id: string; createdAt: Date; executionId: string; tenantId: string; price: Decimal; settlementDate: Date | null; quantity: Decimal; commission: Decimal; ... 7 more ...; otherFees: Decimal; }[]; } & { ...; }'.
services/portfolio-service/src/services/postTradeProcessingService.ts(443,5): error TS2740: Type '{ id: string; createdAt: Date; tenantId: string; transactionId: string; implicitCost: Decimal; explicitCost: Decimal; totalCost: Decimal; }' is missing the following properties from type 'TransactionCostAnalysis': orderId, analysisType, analysisDate, arrivalPrice, and 24 more.
services/portfolio-service/src/services/postTradeProcessingService.ts(444,7): error TS2322: Type 'Omit<TransactionCostAnalysis, "id">' is not assignable to type '(Without<TransactionCostAnalysisCreateInput, TransactionCostAnalysisUncheckedCreateInput> & TransactionCostAnalysisUncheckedCreateInput) | (Without<...> & TransactionCostAnalysisCreateInput)'.
  Type 'Omit<TransactionCostAnalysis, "id">' is not assignable to type 'Without<TransactionCostAnalysisUncheckedCreateInput, TransactionCostAnalysisCreateInput> & TransactionCostAnalysisCreateInput'.
    Type 'Omit<TransactionCostAnalysis, "id">' is missing the following properties from type 'TransactionCostAnalysisCreateInput': transactionId, implicitCost, explicitCost, totalCost
services/portfolio-service/src/services/postTradeProcessingService.ts(476,5): error TS2740: Type '{ status: string; id: string; createdAt: Date; updatedAt: Date; content: JsonValue; tenantId: string; messageType: string; }' is missing the following properties from type 'CustodianMessage': custodianId, messageFormat, messageStatus, messageContent, and 2 more.
services/portfolio-service/src/services/postTradeProcessingService.ts(508,5): error TS2740: Type '{ status: string; id: string; createdAt: Date; updatedAt: Date; tenantId: string; reportType: string; reportData: JsonValue; filingDate: Date | null; }' is missing the following properties from type 'RegulatoryReport': reportStatus, reportingPeriodStart, reportingPeriodEnd, reportingDate, and 3 more.
services/portfolio-service/src/services/postTradeProcessingService.ts(568,5): error TS2740: Type '{ id: string; createdAt: Date; tenantId: string; externalTradeId: string; internalTradeId: string; matchStatus: string; }' is missing the following properties from type 'TradeMatch': matchConfidence, instrumentMatched, quantityMatched, priceMatched, and 8 more.
services/portfolio-service/src/services/postTradeProcessingService.ts(591,54): error TS2353: Object literal may only specify known properties, and 'tenantId' does not exist in type 'TradeConfirmationWhereInput'.
services/portfolio-service/src/services/postTradeProcessingService.ts(593,18): error TS2353: Object literal may only specify known properties, and 'tenantId' does not exist in type 'TradeConfirmationWhereInput'.
services/portfolio-service/src/services/postTradeProcessingService.ts(596,18): error TS2353: Object literal may only specify known properties, and 'tenantId' does not exist in type 'TradeConfirmationWhereInput'.
services/portfolio-service/src/services/postTradeProcessingService.ts(599,18): error TS2353: Object literal may only specify known properties, and 'tenantId' does not exist in type 'TradeConfirmationWhereInput'.
services/portfolio-service/src/services/postTradeProcessingService.ts(601,58): error TS2353: Object literal may only specify known properties, and 'tenantId' does not exist in type 'SettlementInstructionWhereInput'.
services/portfolio-service/src/services/postTradeProcessingService.ts(603,18): error TS2353: Object literal may only specify known properties, and 'tenantId' does not exist in type 'SettlementInstructionWhereInput'.
services/portfolio-service/src/services/postTradeProcessingService.ts(606,18): error TS2353: Object literal may only specify known properties, and 'tenantId' does not exist in type 'SettlementInstructionWhereInput'.
services/portfolio-service/src/services/postTradeProcessingService.ts(609,18): error TS2353: Object literal may only specify known properties, and 'tenantId' does not exist in type 'SettlementInstructionWhereInput'.
services/portfolio-service/src/services/postTradeProcessingService.ts(616,28): error TS2353: Object literal may only specify known properties, and 'severity' does not exist in type 'TradeBreakWhereInput'.
services/portfolio-service/src/services/postTradeProcessingService.ts(622,11): error TS2353: Object literal may only specify known properties, and 'reportingPeriodStart' does not exist in type 'RegulatoryReportWhereInput'.
services/portfolio-service/src/services/postTradeProcessingService.ts(626,28): error TS2353: Object literal may only specify known properties, and 'reportStatus' does not exist in type 'RegulatoryReportWhereInput'.
services/portfolio-service/src/services/postTradeProcessingService.ts(629,28): error TS2353: Object literal may only specify known properties, and 'reportStatus' does not exist in type 'RegulatoryReportWhereInput'.
services/portfolio-service/src/services/postTradeProcessingService.ts(662,36): error TS2353: Object literal may only specify known properties, and 'tenantId' does not exist in type 'CounterpartyWhereInput'.
services/portfolio-service/src/services/postTradeProcessingService.ts(672,9): error TS2561: Object literal may only specify known properties, but 'confirmationSentAt' does not exist in type '(Without<TradeConfirmationUpdateInput, TradeConfirmationUncheckedUpdateInput> & TradeConfirmationUncheckedUpdateInput) | (Without<...> & TradeConfirmationUpdateInput)'. Did you mean to write 'confirmationData'?
services/portfolio-service/src/services/postTradeProcessingService.ts(686,9): error TS2353: Object literal may only specify known properties, and 'instructionStatus' does not exist in type '(Without<SettlementInstructionUpdateInput, SettlementInstructionUncheckedUpdateInput> & SettlementInstructionUncheckedUpdateInput) | (Without<...> & SettlementInstructionUpdateInput)'.
services/portfolio-service/src/services/postTradeProcessingService.ts(789,9): error TS2353: Object literal may only specify known properties, and 'messageStatus' does not exist in type '(Without<CustodianMessageUpdateInput, CustodianMessageUncheckedUpdateInput> & CustodianMessageUncheckedUpdateInput) | (Without<...> & CustodianMessageUpdateInput)'.
services/portfolio-service/src/services/regulatory/BestExecutionService.ts(385,67): error TS2345: Argument of type '{ venueId: string; venueName: string; venueType: "other" | "exchange" | "dark_pool" | "market_maker" | "ecn" | "ats"; executionQuality: { priceImprovement: number; marketableOrderFillRate: number; nonMarketableOrderFillRate: number; averageEffectiveSpread: number; averageRealizedSpread: number; priceImprovementRate:...' is not assignable to parameter of type 'ExecutionVenueData[]'.
  Property 'executionMetrics' is missing in type '{ venueId: string; venueName: string; venueType: "other" | "exchange" | "dark_pool" | "market_maker" | "ecn" | "ats"; executionQuality: { priceImprovement: number; marketableOrderFillRate: number; nonMarketableOrderFillRate: number; averageEffectiveSpread: number; averageRealizedSpread: number; priceImprovementRate:...' but required in type 'ExecutionVenueData'.
services/portfolio-service/src/services/regulatory/BestExecutionService.ts(386,77): error TS2345: Argument of type '{ venueId: string; venueName: string; venueType: "other" | "exchange" | "dark_pool" | "market_maker" | "ecn" | "ats"; executionQuality: { priceImprovement: number; marketableOrderFillRate: number; nonMarketableOrderFillRate: number; averageEffectiveSpread: number; averageRealizedSpread: number; priceImprovementRate:...' is not assignable to parameter of type 'ExecutionVenueData[]'.
  Property 'executionMetrics' is missing in type '{ venueId: string; venueName: string; venueType: "other" | "exchange" | "dark_pool" | "market_maker" | "ecn" | "ats"; executionQuality: { priceImprovement: number; marketableOrderFillRate: number; nonMarketableOrderFillRate: number; averageEffectiveSpread: number; averageRealizedSpread: number; priceImprovementRate:...' but required in type 'ExecutionVenueData'.
services/portfolio-service/src/services/regulatory/BestExecutionService.ts(604,9): error TS2739: Type '{ implementation_shortfall: number; volume_weighted_average_price_variance: number; effective_spread: number; realized_spread: number; price_improvement_opportunity: number; }' is missing the following properties from type 'ExecutionQualityMetrics': market_impact, timing_risk, opportunity_cost
services/portfolio-service/src/services/regulatory/GIPSCompositeService.ts(330,41): error TS2551: Property 'compositeStandardDeviation' does not exist on type '{ year: number; compositeGrossReturn: number; compositeNetReturn: number; benchmarkReturn: number; compositesStandardDeviation?: number | undefined; benchmarkStandardDeviation?: number | undefined; ... 4 more ...; compositeDispersion?: number | undefined; }'. Did you mean 'compositesStandardDeviation'?
services/portfolio-service/src/services/regulatory/GIPSCompositeService.ts(687,73): error TS2551: Property 'compositeStandardDeviation' does not exist on type '{ year: number; compositeGrossReturn: number; compositeNetReturn: number; benchmarkReturn: number; compositesStandardDeviation?: number | undefined; benchmarkStandardDeviation?: number | undefined; ... 4 more ...; compositeDispersion?: number | undefined; }'. Did you mean 'compositesStandardDeviation'?
services/portfolio-service/src/services/regulatoryRuleEngine.ts(488,5): error TS2322: Type '{ id: string; createdAt: Date; updatedAt: Date; tenantId: string; ruleName: string; isActive: boolean; jurisdiction: string; ruleType: string; ruleDefinition: JsonValue; }[]' is not assignable to type 'RegulatoryRule[]'.
  Type '{ id: string; createdAt: Date; updatedAt: Date; tenantId: string; ruleName: string; isActive: boolean; jurisdiction: string; ruleType: string; ruleDefinition: JsonValue; }' is missing the following properties from type 'RegulatoryRule': regulationCode, regulationName, regulatoryBody, ruleExpression, and 5 more.
services/portfolio-service/src/services/regulatoryRuleEngine.ts(491,11): error TS2353: Object literal may only specify known properties, and 'version' does not exist in type 'RegulatoryRuleOrderByWithRelationInput'.
services/portfolio-service/src/services/regulatoryRuleEngine.ts(613,9): error TS2322: Type '{ tenantId: string; version: string; effectiveDate: Date; parameters: RuleParameter[]; lastUpdated: Date; isActive: boolean; jurisdiction: string; regulationCode: string; regulationName: string; regulatoryBody: string; ruleExpression: string; ruleLogic: RuleLogic; }' is not assignable to type '(Without<RegulatoryRuleCreateInput, RegulatoryRuleUncheckedCreateInput> & RegulatoryRuleUncheckedCreateInput) | (Without<...> & RegulatoryRuleCreateInput)'.
  Type '{ tenantId: string; version: string; effectiveDate: Date; parameters: RuleParameter[]; lastUpdated: Date; isActive: boolean; jurisdiction: string; regulationCode: string; regulationName: string; regulatoryBody: string; ruleExpression: string; ruleLogic: RuleLogic; }' is not assignable to type 'Without<RegulatoryRuleUncheckedCreateInput, RegulatoryRuleCreateInput> & RegulatoryRuleCreateInput'.
    Type '{ tenantId: string; version: string; effectiveDate: Date; parameters: RuleParameter[]; lastUpdated: Date; isActive: boolean; jurisdiction: string; regulationCode: string; regulationName: string; regulatoryBody: string; ruleExpression: string; ruleLogic: RuleLogic; }' is missing the following properties from type 'RegulatoryRuleCreateInput': ruleName, ruleType
services/portfolio-service/src/services/regulatoryRuleEngine.ts(621,24): error TS2339: Property 'regulationCode' does not exist on type '{ id: string; createdAt: Date; updatedAt: Date; tenantId: string; ruleName: string; isActive: boolean; jurisdiction: string; ruleType: string; ruleDefinition: JsonValue; }'.
services/portfolio-service/src/services/regulatoryRuleEngine.ts(625,7): error TS2740: Type '{ id: string; createdAt: Date; updatedAt: Date; tenantId: string; ruleName: string; isActive: boolean; jurisdiction: string; ruleType: string; ruleDefinition: JsonValue; }' is missing the following properties from type 'RegulatoryRule': regulationCode, regulationName, regulatoryBody, ruleExpression, and 5 more.
services/portfolio-service/src/services/regulatoryRuleEngine.ts(655,24): error TS2339: Property 'regulationCode' does not exist on type '{ id: string; createdAt: Date; updatedAt: Date; tenantId: string; ruleName: string; isActive: boolean; jurisdiction: string; ruleType: string; ruleDefinition: JsonValue; }'.
services/portfolio-service/src/services/regulatoryRuleEngine.ts(658,7): error TS2740: Type '{ id: string; createdAt: Date; updatedAt: Date; tenantId: string; ruleName: string; isActive: boolean; jurisdiction: string; ruleType: string; ruleDefinition: JsonValue; }' is missing the following properties from type 'RegulatoryRule': regulationCode, regulationName, regulatoryBody, ruleExpression, and 5 more.
services/portfolio-service/src/services/regulatoryRuleEngine.ts(691,7): error TS2322: Type '{ id: string; createdAt: Date; updatedAt: Date; tenantId: string; ruleName: string; isActive: boolean; jurisdiction: string; ruleType: string; ruleDefinition: JsonValue; } | null' is not assignable to type 'RegulatoryRule | null'.
  Type '{ id: string; createdAt: Date; updatedAt: Date; tenantId: string; ruleName: string; isActive: boolean; jurisdiction: string; ruleType: string; ruleDefinition: JsonValue; }' is missing the following properties from type 'RegulatoryRule': regulationCode, regulationName, regulatoryBody, ruleExpression, and 5 more.
services/portfolio-service/src/services/regulatoryRuleEngine.ts(730,7): error TS2322: Type '{ id: string; createdAt: Date; updatedAt: Date; tenantId: string; ruleName: string; isActive: boolean; jurisdiction: string; ruleType: string; ruleDefinition: JsonValue; }[]' is not assignable to type 'RegulatoryRule[]'.
  Type '{ id: string; createdAt: Date; updatedAt: Date; tenantId: string; ruleName: string; isActive: boolean; jurisdiction: string; ruleType: string; ruleDefinition: JsonValue; }' is missing the following properties from type 'RegulatoryRule': regulationCode, regulationName, regulatoryBody, ruleExpression, and 5 more.
services/portfolio-service/src/services/regulatoryRuleEngine.ts(734,13): error TS2353: Object literal may only specify known properties, and 'regulationCode' does not exist in type 'RegulatoryRuleOrderByWithRelationInput'.
services/portfolio-service/src/services/regulatoryRuleEngine.ts(735,13): error TS2353: Object literal may only specify known properties, and 'version' does not exist in type 'RegulatoryRuleOrderByWithRelationInput'.
services/portfolio-service/src/services/reporting/ReportGenerationService.ts(535,7): error TS2322: Type '"EMAIL" | "SAVE" | "DOWNLOAD" | "PRINT"' is not assignable to type '"EMAIL" | "API" | "SAVE" | "DOWNLOAD"'.
  Type '"PRINT"' is not assignable to type '"EMAIL" | "API" | "SAVE" | "DOWNLOAD"'.
services/portfolio-service/src/services/riskManagement/CounterpartyExposureTrackingService.ts(114,18): error TS2339: Property 'kafkaProducer' does not exist on type 'CounterpartyExposureTrackingService'.
services/portfolio-service/src/services/riskManagement/CounterpartyExposureTrackingService.ts(157,18): error TS2339: Property 'kafkaProducer' does not exist on type 'CounterpartyExposureTrackingService'.
services/portfolio-service/src/services/riskManagement/LiquidityRiskService.ts(564,26): error TS1308: 'await' expressions are only allowed within async functions and at the top levels of modules.
services/portfolio-service/src/services/riskManagement/LiquidityRiskService.ts(565,24): error TS1308: 'await' expressions are only allowed within async functions and at the top levels of modules.
services/portfolio-service/src/services/riskManagement/RiskLimitMonitoringService.ts(908,32): error TS7053: Element implicitly has an 'any' type because expression of type 'any' can't be used to index type '{ LOW: number; MEDIUM: number; HIGH: number; CRITICAL: number; }'.
services/portfolio-service/src/services/structuredProducts/StructuredProductsService.ts(573,67): error TS7006: Parameter 'a' implicitly has an 'any' type.
services/portfolio-service/src/services/structuredProducts/StructuredProductsService.ts(576,59): error TS7006: Parameter 'a' implicitly has an 'any' type.
services/portfolio-service/src/services/structuredProducts/StructuredProductsService.ts(646,60): error TS7006: Parameter 'sum' implicitly has an 'any' type.
services/portfolio-service/src/services/structuredProducts/StructuredProductsService.ts(646,65): error TS7006: Parameter 'asset' implicitly has an 'any' type.
services/portfolio-service/src/services/transactionService.ts(147,11): error TS2353: Object literal may only specify known properties, and 'metadata' does not exist in type 'Without<TransactionCreateInput, TransactionUncheckedCreateInput> & TransactionUncheckedCreateInput'.
services/trading-service/src/settlement-risk/PreSettlementRiskChecksService.ts(323,42): error TS2367: This comparison appears to be unintentional because the types '"HIGH" | "MEDIUM" | "INFO"' and '"CRITICAL"' have no overlap.
services/trading-service/src/settlement-risk/PreSettlementRiskChecksService.ts(372,22): error TS2304: Cannot find name 'utilizationPercentage'.
services/trading-service/src/settlement-risk/PreSettlementRiskChecksService.ts(375,42): error TS2367: This comparison appears to be unintentional because the types '"HIGH" | "MEDIUM" | "INFO"' and '"CRITICAL"' have no overlap.
services/trading-service/src/settlement-risk/RiskMitigationWorkflowsService.ts(526,39): error TS2339: Property 'workflowSteps' does not exist on type 'WorkflowExecution'.
services/trading-service/src/settlement-risk/RiskMitigationWorkflowsService.ts(1093,48): error TS2345: Argument of type 'any' is not assignable to parameter of type 'never'.
services/trading-service/src/settlement-risk/RiskMitigationWorkflowsService.ts(1115,9): error TS2322: Type 'string' is not assignable to type 'null'.
services/trading-service/src/settlement-risk/RiskMitigationWorkflowsService.ts(1116,9): error TS2322: Type 'Date' is not assignable to type 'null'.
services/trading-service/src/settlement-risk/SettlementFailurePredictionService.ts(361,45): error TS7053: Element implicitly has an 'any' type because expression of type 'string' can't be used to index type '{ DVP: number; FOP: number; RVP: number; CASH: number; }'.
  No index signature with a parameter of type 'string' was found on type '{ DVP: number; FOP: number; RVP: number; CASH: number; }'.
services/trading-service/src/settlement-risk/SettlementRiskReportingService.ts(1092,11): error TS7034: Variable 'data' implicitly has type 'any[]' in some locations where its type cannot be determined.
services/trading-service/src/settlement-risk/SettlementRiskReportingService.ts(1107,12): error TS7005: Variable 'data' implicitly has an 'any[]' type.
services/user-service/src/activity-monitoring/ActivityCaptureMiddleware.ts(461,39): error TS7006: Parameter 'role' implicitly has an 'any' type.
services/user-service/src/activity-monitoring/ActivityMonitoringController.ts(2,10): error TS2305: Module '"express-validator"' has no exported member 'body'.
services/user-service/src/activity-monitoring/ActivityMonitoringController.ts(2,16): error TS2305: Module '"express-validator"' has no exported member 'query'.
services/user-service/src/activity-monitoring/ActivityMonitoringController.ts(2,23): error TS2305: Module '"express-validator"' has no exported member 'param'.
services/user-service/src/activity-monitoring/ActivityMonitoringController.ts(2,30): error TS2305: Module '"express-validator"' has no exported member 'validationResult'.
services/user-service/src/activity-monitoring/ActivityMonitoringController.ts(2,54): error TS2497: This module can only be referenced with ECMAScript imports/exports by turning on the 'esModuleInterop' flag and referencing its default export.
services/user-service/src/activity-monitoring/ActivityPrivacyService.ts(266,14): error TS18046: 'error' is of type 'unknown'.
services/user-service/src/self-service/AccountClosureService.ts(2852,14): error TS18046: 'error' is of type 'unknown'.
services/user-service/src/self-service/DataRequestService.ts(1771,14): error TS18046: 'error' is of type 'unknown'.
services/user-service/src/self-service/SelfServiceController.ts(2,10): error TS2305: Module '"express-validator"' has no exported member 'body'.
services/user-service/src/self-service/SelfServiceController.ts(2,16): error TS2305: Module '"express-validator"' has no exported member 'query'.
services/user-service/src/self-service/SelfServiceController.ts(2,23): error TS2305: Module '"express-validator"' has no exported member 'param'.
services/user-service/src/self-service/SelfServiceController.ts(2,30): error TS2305: Module '"express-validator"' has no exported member 'validationResult'.
services/user-service/src/self-service/SelfServiceController.ts(2,54): error TS2497: This module can only be referenced with ECMAScript imports/exports by turning on the 'esModuleInterop' flag and referencing its default export.
services/user-service/src/self-service/SelfServiceController.ts(1023,13): error TS2353: Object literal may only specify known properties, and 'organization' does not exist in type 'GeolocationInfo'.
services/user-service/src/self-service/SelfServiceController.ts(1121,9): error TS2554: Expected 5 arguments, but got 6.
services/user-service/src/self-service/UserProfileService.ts(896,14): error TS18046: 'error' is of type 'unknown'.
